Archive member included to satisfy reference by file (symbol)

/home/letsgrillbananas/FreedomStudio/SiFive/riscv64-unknown-elf-gcc-8.3.0-2020.04.1/bin/../lib/gcc/riscv64-unknown-elf/8.3.0/../../../../riscv64-unknown-elf/lib/rv32imac/ilp32/libc_nano.a(lib_a-nano-vfprintf_float.o)
                              /tmp/ccQhPM0P.o (_printf_float)
/home/letsgrillbananas/FreedomStudio/SiFive/riscv64-unknown-elf-gcc-8.3.0-2020.04.1/bin/../lib/gcc/riscv64-unknown-elf/8.3.0/../../../../riscv64-unknown-elf/lib/rv32imac/ilp32/libc_nano.a(lib_a-nano-vfprintf_i.o)
                              /home/letsgrillbananas/FreedomStudio/SiFive/riscv64-unknown-elf-gcc-8.3.0-2020.04.1/bin/../lib/gcc/riscv64-unknown-elf/8.3.0/../../../../riscv64-unknown-elf/lib/rv32imac/ilp32/libc_nano.a(lib_a-nano-vfprintf_float.o) (_printf_common)
/home/letsgrillbananas/FreedomStudio/SiFive/riscv64-unknown-elf-gcc-8.3.0-2020.04.1/bin/../lib/gcc/riscv64-unknown-elf/8.3.0/../../../../riscv64-unknown-elf/lib/rv32imac/ilp32/libc_nano.a(lib_a-printf.o)
                              /tmp/ccQhPM0P.o (printf)
/home/letsgrillbananas/FreedomStudio/SiFive/riscv64-unknown-elf-gcc-8.3.0-2020.04.1/bin/../lib/gcc/riscv64-unknown-elf/8.3.0/../../../../riscv64-unknown-elf/lib/rv32imac/ilp32/libc_nano.a(lib_a-puts.o)
                              /tmp/ccQhPM0P.o (puts)
/home/letsgrillbananas/FreedomStudio/SiFive/riscv64-unknown-elf-gcc-8.3.0-2020.04.1/bin/../lib/gcc/riscv64-unknown-elf/8.3.0/../../../../riscv64-unknown-elf/lib/rv32imac/ilp32/libc_nano.a(lib_a-strlen.o)
                              /home/letsgrillbananas/FreedomStudio/SiFive/riscv64-unknown-elf-gcc-8.3.0-2020.04.1/bin/../lib/gcc/riscv64-unknown-elf/8.3.0/../../../../riscv64-unknown-elf/lib/rv32imac/ilp32/libc_nano.a(lib_a-nano-vfprintf_float.o) (strlen)
/home/letsgrillbananas/FreedomStudio/SiFive/riscv64-unknown-elf-gcc-8.3.0-2020.04.1/bin/../lib/gcc/riscv64-unknown-elf/8.3.0/../../../../riscv64-unknown-elf/lib/rv32imac/ilp32/libc_nano.a(lib_a-wbuf.o)
                              /home/letsgrillbananas/FreedomStudio/SiFive/riscv64-unknown-elf-gcc-8.3.0-2020.04.1/bin/../lib/gcc/riscv64-unknown-elf/8.3.0/../../../../riscv64-unknown-elf/lib/rv32imac/ilp32/libc_nano.a(lib_a-puts.o) (__swbuf_r)
/home/letsgrillbananas/FreedomStudio/SiFive/riscv64-unknown-elf-gcc-8.3.0-2020.04.1/bin/../lib/gcc/riscv64-unknown-elf/8.3.0/../../../../riscv64-unknown-elf/lib/rv32imac/ilp32/libc_nano.a(lib_a-wsetup.o)
                              /home/letsgrillbananas/FreedomStudio/SiFive/riscv64-unknown-elf-gcc-8.3.0-2020.04.1/bin/../lib/gcc/riscv64-unknown-elf/8.3.0/../../../../riscv64-unknown-elf/lib/rv32imac/ilp32/libc_nano.a(lib_a-puts.o) (__swsetup_r)
/home/letsgrillbananas/FreedomStudio/SiFive/riscv64-unknown-elf-gcc-8.3.0-2020.04.1/bin/../lib/gcc/riscv64-unknown-elf/8.3.0/../../../../riscv64-unknown-elf/lib/rv32imac/ilp32/libc_nano.a(lib_a-dtoa.o)
                              /home/letsgrillbananas/FreedomStudio/SiFive/riscv64-unknown-elf-gcc-8.3.0-2020.04.1/bin/../lib/gcc/riscv64-unknown-elf/8.3.0/../../../../riscv64-unknown-elf/lib/rv32imac/ilp32/libc_nano.a(lib_a-nano-vfprintf_float.o) (_dtoa_r)
/home/letsgrillbananas/FreedomStudio/SiFive/riscv64-unknown-elf-gcc-8.3.0-2020.04.1/bin/../lib/gcc/riscv64-unknown-elf/8.3.0/../../../../riscv64-unknown-elf/lib/rv32imac/ilp32/libc_nano.a(lib_a-fflush.o)
                              /home/letsgrillbananas/FreedomStudio/SiFive/riscv64-unknown-elf-gcc-8.3.0-2020.04.1/bin/../lib/gcc/riscv64-unknown-elf/8.3.0/../../../../riscv64-unknown-elf/lib/rv32imac/ilp32/libc_nano.a(lib_a-wbuf.o) (_fflush_r)
/home/letsgrillbananas/FreedomStudio/SiFive/riscv64-unknown-elf-gcc-8.3.0-2020.04.1/bin/../lib/gcc/riscv64-unknown-elf/8.3.0/../../../../riscv64-unknown-elf/lib/rv32imac/ilp32/libc_nano.a(lib_a-findfp.o)
                              /home/letsgrillbananas/FreedomStudio/SiFive/riscv64-unknown-elf-gcc-8.3.0-2020.04.1/bin/../lib/gcc/riscv64-unknown-elf/8.3.0/../../../../riscv64-unknown-elf/lib/rv32imac/ilp32/libc_nano.a(lib_a-printf.o) (__sinit)
/home/letsgrillbananas/FreedomStudio/SiFive/riscv64-unknown-elf-gcc-8.3.0-2020.04.1/bin/../lib/gcc/riscv64-unknown-elf/8.3.0/../../../../riscv64-unknown-elf/lib/rv32imac/ilp32/libc_nano.a(lib_a-fwalk.o)
                              /home/letsgrillbananas/FreedomStudio/SiFive/riscv64-unknown-elf-gcc-8.3.0-2020.04.1/bin/../lib/gcc/riscv64-unknown-elf/8.3.0/../../../../riscv64-unknown-elf/lib/rv32imac/ilp32/libc_nano.a(lib_a-findfp.o) (_fwalk)
/home/letsgrillbananas/FreedomStudio/SiFive/riscv64-unknown-elf-gcc-8.3.0-2020.04.1/bin/../lib/gcc/riscv64-unknown-elf/8.3.0/../../../../riscv64-unknown-elf/lib/rv32imac/ilp32/libc_nano.a(lib_a-impure.o)
                              /home/letsgrillbananas/FreedomStudio/SiFive/riscv64-unknown-elf-gcc-8.3.0-2020.04.1/bin/../lib/gcc/riscv64-unknown-elf/8.3.0/../../../../riscv64-unknown-elf/lib/rv32imac/ilp32/libc_nano.a(lib_a-fflush.o) (_global_impure_ptr)
[...]
Memory Configuration

Name             Origin             Length             Attributes
itim             0x0000000008000000 0x0000000000002000 axrwl
ram              0x0000000080000000 0x0000000000004000 arw !xl
rom              0x0000000020010000 0x000000000006a120 xrl !aw
*default*        0x0000000000000000 0xffffffffffffffff

Linker script and memory map

LOAD /tmp/ccQhPM0P.o
START GROUP
LOAD /home/letsgrillbananas/FreedomStudio/SiFive/riscv64-unknown-elf-gcc-8.3.0-2020.04.1/bin/../lib/gcc/riscv64-unknown-elf/8.3.0/../../../../riscv64-unknown-elf/lib/rv32imac/ilp32/libc_nano.a
LOAD /home/letsgrillbananas/FreedomStudio/SiFive/riscv64-unknown-elf-gcc-8.3.0-2020.04.1/bin/../lib/gcc/riscv64-unknown-elf/8.3.0/rv32imac/ilp32/libgcc.a
LOAD /home/letsgrillbananas/FreedomStudio/SiFive/riscv64-unknown-elf-gcc-8.3.0-2020.04.1/bin/../lib/gcc/riscv64-unknown-elf/8.3.0/../../../../riscv64-unknown-elf/lib/rv32imac/ilp32/libm.a
LOAD /home/letsgrillbananas/wsFreedomStudio/embedded-software/bsp/install/lib/debug//libmetal.a
LOAD /home/letsgrillbananas/wsFreedomStudio/embedded-software/bsp/install/lib/debug//libmetal-gloss.a
END GROUP
                0x0000000000000400                __stack_size = DEFINED (__stack_size)?__stack_size:0x400
                [!provide]                        PROVIDE (__stack_size = __stack_size)
                0x0000000000000800                __heap_size = DEFINED (__heap_size)?__heap_size:0x800
                0x0000000000000000                PROVIDE (__metal_boot_hart = 0x0)
                0x0000000000000001                PROVIDE (__metal_chicken_bit = 0x1)
                0x0000000000000000                PROVIDE (__metal_eccscrub_bit = 0x0)
                [!provide]                        PROVIDE (metal_dtim_0_memory_start = 0x80000000)
                [!provide]                        PROVIDE (metal_dtim_0_memory_end = 0x80004000)
                [!provide]                        PROVIDE (metal_itim_0_memory_start = 0x8000000)
                [!provide]                        PROVIDE (metal_itim_0_memory_end = 0x8002000)

.init           0x0000000020010000      0x2e6
 *(.text.metal.init.enter)
 .text.metal.init.enter
                0x0000000020010000       0x90 /home/letsgrillbananas/wsFreedomStudio/embedded-software/bsp/install/lib/debug//libmetal.a(entry.o)
                0x0000000020010000                _enter
 *(.text.metal.init.*)
 .text.metal.init.__register_frame_info
                0x0000000020010090        0x2 /home/letsgrillbananas/wsFreedomStudio/embedded-software/bsp/install/lib/debug//libmetal.a(entry.o)
                0x0000000020010090                __register_frame_info
 .text.metal.init.scrub
                0x0000000020010092       0xaa /home/letsgrillbananas/wsFreedomStudio/embedded-software/bsp/install/lib/debug//libmetal.a(scrub.o)
                0x0000000020010092                metal_mem_scrub
                0x00000000200100d6                __metal_before_start
 *fill*         0x000000002001013c        0x0 
 .text.metal.init.trapvec
                0x000000002001013c        0xe /home/letsgrillbananas/wsFreedomStudio/embedded-software/bsp/install/lib/debug//libmetal.a(trap.o)
                0x000000002001013c                early_trap_vector
 *(SORT_NONE(.init))
 .init          0x000000002001014a        0xe /home/letsgrillbananas/wsFreedomStudio/embedded-software/bsp/install/lib/debug//libmetal.a(synchronize_harts.o)
                0x000000002001014a                __metal_synchronize_harts
 *(.text.libgloss.start)
 .text.libgloss.start
                0x0000000020010158      0x18e /home/letsgrillbananas/wsFreedomStudio/embedded-software/bsp/install/lib/debug//libmetal-gloss.a(crt0.o)
                0x0000000020010158                _start
                0x00000000200102c4                _init
                0x00000000200102c4                _fini
                0x00000000200102c6                secondary_main

.fini
 *(SORT_NONE(.fini))

.preinit_array  0x00000000200102e8        0x0
                0x00000000200102e8                PROVIDE (__preinit_array_start = .)
 *(.preinit_array)
                0x00000000200102e8                PROVIDE (__preinit_array_end = .)

.init_array     0x00000000200102e8        0xc
                0x00000000200102e8                PROVIDE (__init_array_start = .)
 *(SORT_BY_INIT_PRIORITY(.init_array.*) SORT_BY_INIT_PRIORITY(.ctors.*))
 *(.init_array EXCLUDE_FILE(*crtend?.o *crtend.o *crtbegin?.o *crtbegin.o) .ctors)
                0x00000000200102e8                PROVIDE (__init_array_end = .)
                0x00000000200102e8                PROVIDE (metal_constructors_start = .)
 *(SORT_BY_INIT_PRIORITY(.metal.init_array.*))
 .metal.init_array.5000
                0x00000000200102e8        0x8 /home/letsgrillbananas/wsFreedomStudio/embedded-software/bsp/install/lib/debug//libmetal.a(sifive_fe310-g000_pll.o)
                0x00000000200102e8                _metal_sifive_fe310_g000_pll_init_ptr
                0x00000000200102ec                _use_hfxosc_ptr
 .metal.init_array.5000
                0x00000000200102f0        0x4 /home/letsgrillbananas/wsFreedomStudio/embedded-software/bsp/install/lib/debug//libmetal.a(tty.o)
                0x00000000200102f0                _metal_tty_init_ptr
 *(.metal.init_array)
                0x00000000200102f4                PROVIDE (metal_constructors_end = .)

.fini_array     0x00000000200102f8        0x0
                0x00000000200102f8                PROVIDE (__fini_array_start = .)
 *(SORT_BY_INIT_PRIORITY(.fini_array.*) SORT_BY_INIT_PRIORITY(.dtors.*))
 *(.fini_array EXCLUDE_FILE(*crtend?.o *crtend.o *crtbegin?.o *crtbegin.o) .dtors)
                0x00000000200102f8                PROVIDE (__fini_array_end = .)
                0x00000000200102f8                PROVIDE (metal_destructors_start = .)
 *(SORT_BY_INIT_PRIORITY(.metal.fini_array.*))
 *(.metal.fini_array)
                0x00000000200102f8                PROVIDE (metal_destructors_end = .)

.ctors          0x00000000200102f4       0x7a
 *crtbegin.o(.ctors)
 *crtbegin?.o(.ctors)
 *(EXCLUDE_FILE(*crtend?.o *crtend.o) .ctors)
 *(SORT_BY_NAME(.ctors.*))
 *(.ctors)
 *(.metal.ctors .metal.ctors.*)
 .metal.ctors   0x00000000200102f4       0x56 /home/letsgrillbananas/wsFreedomStudio/embedded-software/bsp/install/lib/debug//libmetal.a(sifive_fe310-g000_pll.o)
                0x00000000200102f4                metal_sifive_fe310_g000_pll_init
                0x0000000020010320                use_hfxosc
 .metal.ctors   0x000000002001034a       0x24 /home/letsgrillbananas/wsFreedomStudio/embedded-software/bsp/install/lib/debug//libmetal.a(tty.o)
                0x000000002001034a                metal_tty_init

.dtors
 *crtbegin.o(.dtors)
 *crtbegin?.o(.dtors)
 *(EXCLUDE_FILE(*crtend?.o *crtend.o) .dtors)
 *(SORT_BY_NAME(.dtors.*))
 *(.dtors)
 *(.metal.dtors .metal.dtors.*)

.rodata         0x0000000020010370     0x11ac
 *(.rdata)
 *(.rodata .rodata.*)
 .rodata        0x0000000020010370      0x188 /tmp/ccQhPM0P.o
 .rodata._printf_float.cst8
                0x00000000200104f8        0x8 /home/letsgrillbananas/FreedomStudio/SiFive/riscv64-unknown-elf-gcc-8.3.0-2020.04.1/bin/../lib/gcc/riscv64-unknown-elf/8.3.0/../../../../riscv64-unknown-elf/lib/rv32imac/ilp32/libc_nano.a(lib_a-nano-vfprintf_float.o)
 .rodata._printf_float.str1.4
                0x0000000020010500       0x12 /home/letsgrillbananas/FreedomStudio/SiFive/riscv64-unknown-elf-gcc-8.3.0-2020.04.1/bin/../lib/gcc/riscv64-unknown-elf/8.3.0/../../../../riscv64-unknown-elf/lib/rv32imac/ilp32/libc_nano.a(lib_a-nano-vfprintf_float.o)
 *fill*         0x0000000020010512        0x2 
 .rodata._printf_i.str1.4
                0x0000000020010514       0x25 /home/letsgrillbananas/FreedomStudio/SiFive/riscv64-unknown-elf-gcc-8.3.0-2020.04.1/bin/../lib/gcc/riscv64-unknown-elf/8.3.0/../../../../riscv64-unknown-elf/lib/rv32imac/ilp32/libc_nano.a(lib_a-nano-vfprintf_i.o)
 *fill*         0x0000000020010539        0x7 
 .rodata._dtoa_r.cst8
                0x0000000020010540       0x48 /home/letsgrillbananas/FreedomStudio/SiFive/riscv64-unknown-elf-gcc-8.3.0-2020.04.1/bin/../lib/gcc/riscv64-unknown-elf/8.3.0/../../../../riscv64-unknown-elf/lib/rv32imac/ilp32/libc_nano.a(lib_a-dtoa.o)
 .rodata._dtoa_r.str1.4
                0x0000000020010588       0x10 /home/letsgrillbananas/FreedomStudio/SiFive/riscv64-unknown-elf-gcc-8.3.0-2020.04.1/bin/../lib/gcc/riscv64-unknown-elf/8.3.0/../../../../riscv64-unknown-elf/lib/rv32imac/ilp32/libc_nano.a(lib_a-dtoa.o)
                                         0x12 (size before relaxing)
 .rodata.__sf_fake_stderr
                0x0000000020010598       0x20 /home/letsgrillbananas/FreedomStudio/SiFive/riscv64-unknown-elf-gcc-8.3.0-2020.04.1/bin/../lib/gcc/riscv64-unknown-elf/8.3.0/../../../../riscv64-unknown-elf/lib/rv32imac/ilp32/libc_nano.a(lib_a-findfp.o)
                0x0000000020010598                __sf_fake_stderr
 .rodata.__sf_fake_stdin
                0x00000000200105b8       0x20 /home/letsgrillbananas/FreedomStudio/SiFive/riscv64-unknown-elf-gcc-8.3.0-2020.04.1/bin/../lib/gcc/riscv64-unknown-elf/8.3.0/../../../../riscv64-unknown-elf/lib/rv32imac/ilp32/libc_nano.a(lib_a-findfp.o)
                0x00000000200105b8                __sf_fake_stdin
 .rodata.__sf_fake_stdout
                0x00000000200105d8       0x20 /home/letsgrillbananas/FreedomStudio/SiFive/riscv64-unknown-elf-gcc-8.3.0-2020.04.1/bin/../lib/gcc/riscv64-unknown-elf/8.3.0/../../../../riscv64-unknown-elf/lib/rv32imac/ilp32/libc_nano.a(lib_a-findfp.o)
                0x00000000200105d8                __sf_fake_stdout
 .rodata._setlocale_r.str1.4
                0x00000000200105f8        0xa /home/letsgrillbananas/FreedomStudio/SiFive/riscv64-unknown-elf-gcc-8.3.0-2020.04.1/bin/../lib/gcc/riscv64-unknown-elf/8.3.0/../../../../riscv64-unknown-elf/lib/rv32imac/ilp32/libc_nano.a(lib_a-locale.o)
                                          0xd (size before relaxing)
 *fill*         0x0000000020010602        0x2 
 .rodata.str1.4
                0x0000000020010604        0x2 /home/letsgrillbananas/FreedomStudio/SiFive/riscv64-unknown-elf-gcc-8.3.0-2020.04.1/bin/../lib/gcc/riscv64-unknown-elf/8.3.0/../../../../riscv64-unknown-elf/lib/rv32imac/ilp32/libc_nano.a(lib_a-locale.o)
 *fill*         0x0000000020010606        0x2 
 .rodata.__mprec_bigtens
                0x0000000020010608       0x28 /home/letsgrillbananas/FreedomStudio/SiFive/riscv64-unknown-elf-gcc-8.3.0-2020.04.1/bin/../lib/gcc/riscv64-unknown-elf/8.3.0/../../../../riscv64-unknown-elf/lib/rv32imac/ilp32/libc_nano.a(lib_a-mprec.o)
                0x0000000020010608                __mprec_bigtens
 .rodata.__mprec_tens
                0x0000000020010630       0xc8 /home/letsgrillbananas/FreedomStudio/SiFive/riscv64-unknown-elf-gcc-8.3.0-2020.04.1/bin/../lib/gcc/riscv64-unknown-elf/8.3.0/../../../../riscv64-unknown-elf/lib/rv32imac/ilp32/libc_nano.a(lib_a-mprec.o)
                0x0000000020010630                __mprec_tens
 .rodata.p05.3310
                0x00000000200106f8        0xc /home/letsgrillbananas/FreedomStudio/SiFive/riscv64-unknown-elf-gcc-8.3.0-2020.04.1/bin/../lib/gcc/riscv64-unknown-elf/8.3.0/../../../../riscv64-unknown-elf/lib/rv32imac/ilp32/libc_nano.a(lib_a-mprec.o)
 .rodata._vfprintf_r.str1.4
                0x0000000020010704       0x14 /home/letsgrillbananas/FreedomStudio/SiFive/riscv64-unknown-elf-gcc-8.3.0-2020.04.1/bin/../lib/gcc/riscv64-unknown-elf/8.3.0/../../../../riscv64-unknown-elf/lib/rv32imac/ilp32/libc_nano.a(lib_a-nano-vfprintf.o)
                                         0x13 (size before relaxing)
 .rodata._ctype_
                0x0000000020010718      0x101 /home/letsgrillbananas/FreedomStudio/SiFive/riscv64-unknown-elf-gcc-8.3.0-2020.04.1/bin/../lib/gcc/riscv64-unknown-elf/8.3.0/../../../../riscv64-unknown-elf/lib/rv32imac/ilp32/libc_nano.a(lib_a-ctype_.o)
                0x0000000020010718                _ctype_
 *fill*         0x0000000020010819        0x3 
 .rodata        0x000000002001081c       0x3c /home/letsgrillbananas/FreedomStudio/SiFive/riscv64-unknown-elf-gcc-8.3.0-2020.04.1/bin/../lib/gcc/riscv64-unknown-elf/8.3.0/rv32imac/ilp32/libgcc.a(divdf3.o)
 .rodata        0x0000000020010858       0x3c /home/letsgrillbananas/FreedomStudio/SiFive/riscv64-unknown-elf-gcc-8.3.0-2020.04.1/bin/../lib/gcc/riscv64-unknown-elf/8.3.0/rv32imac/ilp32/libgcc.a(muldf3.o)
 .rodata        0x0000000020010894      0x100 /home/letsgrillbananas/FreedomStudio/SiFive/riscv64-unknown-elf-gcc-8.3.0-2020.04.1/bin/../lib/gcc/riscv64-unknown-elf/8.3.0/rv32imac/ilp32/libgcc.a(_clz.o)
                0x0000000020010894                __clz_tab
 .rodata.__metal_driver_vtable_riscv_clint0
                0x0000000020010994       0x64 /home/letsgrillbananas/wsFreedomStudio/embedded-software/bsp/install/lib/debug//libmetal.a(riscv_clint0.o)
                0x0000000020010994                __metal_driver_vtable_riscv_clint0
 .rodata.__metal_controller_interrupt_vector
                0x00000000200109f8       0x14 /home/letsgrillbananas/wsFreedomStudio/embedded-software/bsp/install/lib/debug//libmetal.a(riscv_cpu.o)
 .rodata.__metal_local_interrupt_enable
                0x0000000020010a0c       0x80 /home/letsgrillbananas/wsFreedomStudio/embedded-software/bsp/install/lib/debug//libmetal.a(riscv_cpu.o)
 .rodata.__metal_driver_vtable_riscv_cpu_intc
                0x0000000020010a8c       0x64 /home/letsgrillbananas/wsFreedomStudio/embedded-software/bsp/install/lib/debug//libmetal.a(riscv_cpu.o)
                0x0000000020010a8c                __metal_driver_vtable_riscv_cpu_intc
 .rodata.__metal_driver_vtable_cpu
                0x0000000020010af0       0x44 /home/letsgrillbananas/wsFreedomStudio/embedded-software/bsp/install/lib/debug//libmetal.a(riscv_cpu.o)
                0x0000000020010af0                __metal_driver_vtable_cpu
 .rodata.__metal_driver_vtable_riscv_plic0
                0x0000000020010b34       0x64 /home/letsgrillbananas/wsFreedomStudio/embedded-software/bsp/install/lib/debug//libmetal.a(riscv_plic0.o)
                0x0000000020010b34                __metal_driver_vtable_riscv_plic0
 .rodata.pll_configs
                0x0000000020010b98      0x880 /home/letsgrillbananas/wsFreedomStudio/embedded-software/bsp/install/lib/debug//libmetal.a(sifive_fe310-g000_pll.o)
 .rodata.__metal_driver_vtable_sifive_fe310_g000_pll
                0x0000000020011418        0xc /home/letsgrillbananas/wsFreedomStudio/embedded-software/bsp/install/lib/debug//libmetal.a(sifive_fe310-g000_pll.o)
                0x0000000020011418                __metal_driver_vtable_sifive_fe310_g000_pll
 .rodata.__metal_driver_sifive_gpio0_config_int
                0x0000000020011424       0x20 /home/letsgrillbananas/wsFreedomStudio/embedded-software/bsp/install/lib/debug//libmetal.a(sifive_gpio0.o)
 .rodata.__metal_driver_sifive_gpio0_clear_int
                0x0000000020011444       0x20 /home/letsgrillbananas/wsFreedomStudio/embedded-software/bsp/install/lib/debug//libmetal.a(sifive_gpio0.o)
 .rodata.__metal_driver_vtable_sifive_gpio0
                0x0000000020011464       0x3c /home/letsgrillbananas/wsFreedomStudio/embedded-software/bsp/install/lib/debug//libmetal.a(sifive_gpio0.o)
                0x0000000020011464                __metal_driver_vtable_sifive_gpio0
 .rodata.__metal_driver_vtable_sifive_i2c0
                0x00000000200114a0       0x18 /home/letsgrillbananas/wsFreedomStudio/embedded-software/bsp/install/lib/debug//libmetal.a(sifive_i2c0.o)
                0x00000000200114a0                __metal_driver_vtable_sifive_i2c0
 .rodata.__metal_driver_vtable_sifive_uart0
                0x00000000200114b8       0x40 /home/letsgrillbananas/wsFreedomStudio/embedded-software/bsp/install/lib/debug//libmetal.a(sifive_uart0.o)
                0x00000000200114b8                __metal_driver_vtable_sifive_uart0
 .rodata.libgloss.start
                0x00000000200114f8       0x11 /home/letsgrillbananas/wsFreedomStudio/embedded-software/bsp/install/lib/debug//libmetal-gloss.a(crt0.o)
 *(.gnu.linkonce.r.*)
                0x0000000020011510                . = ALIGN (0x8)
 *fill*         0x0000000020011509        0x7 
 *(.srodata.cst16)
 *(.srodata.cst8)
 *(.srodata.cst4)
 *(.srodata.cst2)
 *(.srodata .srodata.*)
 .srodata       0x0000000020011510        0xc /tmp/ccQhPM0P.o

.itim           0x0000000008000000        0x0 load address 0x0000000020011520
 *(.itim .itim.*)
                0x0000000020011520                PROVIDE (metal_segment_itim_source_start = LOADADDR (.itim))
                0x0000000008000000                PROVIDE (metal_segment_itim_target_start = ADDR (.itim))
                0x0000000008000000                PROVIDE (metal_segment_itim_target_end = (ADDR (.itim) + SIZEOF (.itim)))

.lim            0x0000000080000000        0x0 load address 0x0000000020011520
 *(.lim .lim.*)
                0x0000000020011520                PROVIDE (metal_segment_lim_source_start = LOADADDR (.lim))
                0x0000000080000000                PROVIDE (metal_segment_lim_target_start = ADDR (.lim))
                0x0000000080000000                PROVIDE (metal_segment_lim_target_end = (ADDR (.lim) + SIZEOF (.lim)))

.text           0x0000000020011580     0xb096
 *(.text.unlikely .text.unlikely.*)
 *(.text.startup .text.startup.*)
 *(.text .text.*)
 .text.main     0x0000000020011580      0x4f6 /tmp/ccQhPM0P.o
                0x0000000020011580                main
 .text.__cvt    0x0000000020011a76       0xee /home/letsgrillbananas/FreedomStudio/SiFive/riscv64-unknown-elf-gcc-8.3.0-2020.04.1/bin/../lib/gcc/riscv64-unknown-elf/8.3.0/../../../../riscv64-unknown-elf/lib/rv32imac/ilp32/libc_nano.a(lib_a-nano-vfprintf_float.o)
                0x0000000020011a76                __cvt
 .text.__exponent
                0x0000000020011b64       0x8c /home/letsgrillbananas/FreedomStudio/SiFive/riscv64-unknown-elf-gcc-8.3.0-2020.04.1/bin/../lib/gcc/riscv64-unknown-elf/8.3.0/../../../../riscv64-unknown-elf/lib/rv32imac/ilp32/libc_nano.a(lib_a-nano-vfprintf_float.o)
                0x0000000020011b64                __exponent
 .text._printf_float
                0x0000000020011bf0      0x4cc /home/letsgrillbananas/FreedomStudio/SiFive/riscv64-unknown-elf-gcc-8.3.0-2020.04.1/bin/../lib/gcc/riscv64-unknown-elf/8.3.0/../../../../riscv64-unknown-elf/lib/rv32imac/ilp32/libc_nano.a(lib_a-nano-vfprintf_float.o)
                0x0000000020011bf0                _printf_float
 .text._printf_common
                0x00000000200120bc      0x10c /home/letsgrillbananas/FreedomStudio/SiFive/riscv64-unknown-elf-gcc-8.3.0-2020.04.1/bin/../lib/gcc/riscv64-unknown-elf/8.3.0/../../../../riscv64-unknown-elf/lib/rv32imac/ilp32/libc_nano.a(lib_a-nano-vfprintf_i.o)
                0x00000000200120bc                _printf_common
 .text._printf_i
                0x00000000200121c8      0x2a4 /home/letsgrillbananas/FreedomStudio/SiFive/riscv64-unknown-elf-gcc-8.3.0-2020.04.1/bin/../lib/gcc/riscv64-unknown-elf/8.3.0/../../../../riscv64-unknown-elf/lib/rv32imac/ilp32/libc_nano.a(lib_a-nano-vfprintf_i.o)
                0x00000000200121c8                _printf_i
 .text.printf   0x000000002001246c       0x46 /home/letsgrillbananas/FreedomStudio/SiFive/riscv64-unknown-elf-gcc-8.3.0-2020.04.1/bin/../lib/gcc/riscv64-unknown-elf/8.3.0/../../../../riscv64-unknown-elf/lib/rv32imac/ilp32/libc_nano.a(lib_a-printf.o)
                0x000000002001246c                printf
                0x000000002001246c                iprintf
 .text._puts_r  0x00000000200124b2       0xde /home/letsgrillbananas/FreedomStudio/SiFive/riscv64-unknown-elf-gcc-8.3.0-2020.04.1/bin/../lib/gcc/riscv64-unknown-elf/8.3.0/../../../../riscv64-unknown-elf/lib/rv32imac/ilp32/libc_nano.a(lib_a-puts.o)
                0x00000000200124b2                _puts_r
 .text.puts     0x0000000020012590        0xe /home/letsgrillbananas/FreedomStudio/SiFive/riscv64-unknown-elf-gcc-8.3.0-2020.04.1/bin/../lib/gcc/riscv64-unknown-elf/8.3.0/../../../../riscv64-unknown-elf/lib/rv32imac/ilp32/libc_nano.a(lib_a-puts.o)
                0x0000000020012590                puts
 .text.strlen   0x000000002001259e       0x12 /home/letsgrillbananas/FreedomStudio/SiFive/riscv64-unknown-elf-gcc-8.3.0-2020.04.1/bin/../lib/gcc/riscv64-unknown-elf/8.3.0/../../../../riscv64-unknown-elf/lib/rv32imac/ilp32/libc_nano.a(lib_a-strlen.o)
                0x000000002001259e                strlen
 .text.__swbuf_r
                0x00000000200125b0       0xc6 /home/letsgrillbananas/FreedomStudio/SiFive/riscv64-unknown-elf-gcc-8.3.0-2020.04.1/bin/../lib/gcc/riscv64-unknown-elf/8.3.0/../../../../riscv64-unknown-elf/lib/rv32imac/ilp32/libc_nano.a(lib_a-wbuf.o)
                0x00000000200125b0                __swbuf_r
 .text.__swsetup_r
                0x0000000020012676      0x116 /home/letsgrillbananas/FreedomStudio/SiFive/riscv64-unknown-elf-gcc-8.3.0-2020.04.1/bin/../lib/gcc/riscv64-unknown-elf/8.3.0/../../../../riscv64-unknown-elf/lib/rv32imac/ilp32/libc_nano.a(lib_a-wsetup.o)
                0x0000000020012676                __swsetup_r
 .text.quorem   0x000000002001278c      0x13a /home/letsgrillbananas/FreedomStudio/SiFive/riscv64-unknown-elf-gcc-8.3.0-2020.04.1/bin/../lib/gcc/riscv64-unknown-elf/8.3.0/../../../../riscv64-unknown-elf/lib/rv32imac/ilp32/libc_nano.a(lib_a-dtoa.o)
 .text._dtoa_r  0x00000000200128c6      0xc18 /home/letsgrillbananas/FreedomStudio/SiFive/riscv64-unknown-elf-gcc-8.3.0-2020.04.1/bin/../lib/gcc/riscv64-unknown-elf/8.3.0/../../../../riscv64-unknown-elf/lib/rv32imac/ilp32/libc_nano.a(lib_a-dtoa.o)
                0x00000000200128c6                _dtoa_r
 .text.__sflush_r
                0x00000000200134de      0x14c /home/letsgrillbananas/FreedomStudio/SiFive/riscv64-unknown-elf-gcc-8.3.0-2020.04.1/bin/../lib/gcc/riscv64-unknown-elf/8.3.0/../../../../riscv64-unknown-elf/lib/rv32imac/ilp32/libc_nano.a(lib_a-fflush.o)
                0x00000000200134de                __sflush_r
 .text._fflush_r
                0x000000002001362a       0x64 /home/letsgrillbananas/FreedomStudio/SiFive/riscv64-unknown-elf-gcc-8.3.0-2020.04.1/bin/../lib/gcc/riscv64-unknown-elf/8.3.0/../../../../riscv64-unknown-elf/lib/rv32imac/ilp32/libc_nano.a(lib_a-fflush.o)
                0x000000002001362a                _fflush_r
 .text.std      0x000000002001368e       0x68 /home/letsgrillbananas/FreedomStudio/SiFive/riscv64-unknown-elf-gcc-8.3.0-2020.04.1/bin/../lib/gcc/riscv64-unknown-elf/8.3.0/../../../../riscv64-unknown-elf/lib/rv32imac/ilp32/libc_nano.a(lib_a-findfp.o)
 .text._cleanup_r
                0x00000000200136f6        0xa /home/letsgrillbananas/FreedomStudio/SiFive/riscv64-unknown-elf-gcc-8.3.0-2020.04.1/bin/../lib/gcc/riscv64-unknown-elf/8.3.0/../../../../riscv64-unknown-elf/lib/rv32imac/ilp32/libc_nano.a(lib_a-findfp.o)
                0x00000000200136f6                _cleanup_r
 .text.__sfmoreglue
                0x0000000020013700       0x46 /home/letsgrillbananas/FreedomStudio/SiFive/riscv64-unknown-elf-gcc-8.3.0-2020.04.1/bin/../lib/gcc/riscv64-unknown-elf/8.3.0/../../../../riscv64-unknown-elf/lib/rv32imac/ilp32/libc_nano.a(lib_a-findfp.o)
                0x0000000020013700                __sfmoreglue
 .text.__sinit  0x0000000020013746       0x66 /home/letsgrillbananas/FreedomStudio/SiFive/riscv64-unknown-elf-gcc-8.3.0-2020.04.1/bin/../lib/gcc/riscv64-unknown-elf/8.3.0/../../../../riscv64-unknown-elf/lib/rv32imac/ilp32/libc_nano.a(lib_a-findfp.o)
                0x0000000020013746                __sinit
 .text.__sfp    0x00000000200137ac       0x9a /home/letsgrillbananas/FreedomStudio/SiFive/riscv64-unknown-elf-gcc-8.3.0-2020.04.1/bin/../lib/gcc/riscv64-unknown-elf/8.3.0/../../../../riscv64-unknown-elf/lib/rv32imac/ilp32/libc_nano.a(lib_a-findfp.o)
                0x00000000200137ac                __sfp
 .text._fwalk_reent
                0x0000000020013846       0x6c /home/letsgrillbananas/FreedomStudio/SiFive/riscv64-unknown-elf-gcc-8.3.0-2020.04.1/bin/../lib/gcc/riscv64-unknown-elf/8.3.0/../../../../riscv64-unknown-elf/lib/rv32imac/ilp32/libc_nano.a(lib_a-fwalk.o)
                0x0000000020013846                _fwalk_reent
 .text._localeconv_r
                0x00000000200138b2        0xa /home/letsgrillbananas/FreedomStudio/SiFive/riscv64-unknown-elf-gcc-8.3.0-2020.04.1/bin/../lib/gcc/riscv64-unknown-elf/8.3.0/../../../../riscv64-unknown-elf/lib/rv32imac/ilp32/libc_nano.a(lib_a-localeconv.o)
                0x00000000200138b2                _localeconv_r
 .text.__swhatbuf_r
                0x00000000200138bc       0x5a /home/letsgrillbananas/FreedomStudio/SiFive/riscv64-unknown-elf-gcc-8.3.0-2020.04.1/bin/../lib/gcc/riscv64-unknown-elf/8.3.0/../../../../riscv64-unknown-elf/lib/rv32imac/ilp32/libc_nano.a(lib_a-makebuf.o)
                0x00000000200138bc                __swhatbuf_r
 .text.__smakebuf_r
                0x0000000020013916       0xa0 /home/letsgrillbananas/FreedomStudio/SiFive/riscv64-unknown-elf-gcc-8.3.0-2020.04.1/bin/../lib/gcc/riscv64-unknown-elf/8.3.0/../../../../riscv64-unknown-elf/lib/rv32imac/ilp32/libc_nano.a(lib_a-makebuf.o)
                0x0000000020013916                __smakebuf_r
 .text.malloc   0x00000000200139b6       0x10 /home/letsgrillbananas/FreedomStudio/SiFive/riscv64-unknown-elf-gcc-8.3.0-2020.04.1/bin/../lib/gcc/riscv64-unknown-elf/8.3.0/../../../../riscv64-unknown-elf/lib/rv32imac/ilp32/libc_nano.a(lib_a-malloc.o)
                0x00000000200139b6                malloc
 .text.__ascii_mbtowc
                0x00000000200139c6       0x3a /home/letsgrillbananas/FreedomStudio/SiFive/riscv64-unknown-elf-gcc-8.3.0-2020.04.1/bin/../lib/gcc/riscv64-unknown-elf/8.3.0/../../../../riscv64-unknown-elf/lib/rv32imac/ilp32/libc_nano.a(lib_a-mbtowc_r.o)
                0x00000000200139c6                __ascii_mbtowc
 .text.memchr   0x0000000020013a00       0x1a /home/letsgrillbananas/FreedomStudio/SiFive/riscv64-unknown-elf-gcc-8.3.0-2020.04.1/bin/../lib/gcc/riscv64-unknown-elf/8.3.0/../../../../riscv64-unknown-elf/lib/rv32imac/ilp32/libc_nano.a(lib_a-memchr.o)
                0x0000000020013a00                memchr
 .text          0x0000000020013a1a       0x16 /home/letsgrillbananas/FreedomStudio/SiFive/riscv64-unknown-elf-gcc-8.3.0-2020.04.1/bin/../lib/gcc/riscv64-unknown-elf/8.3.0/../../../../riscv64-unknown-elf/lib/rv32imac/ilp32/libc_nano.a(lib_a-memcpy-asm.o)
                0x0000000020013a1a                memcpy
 .text          0x0000000020013a30       0x10 /home/letsgrillbananas/FreedomStudio/SiFive/riscv64-unknown-elf-gcc-8.3.0-2020.04.1/bin/../lib/gcc/riscv64-unknown-elf/8.3.0/../../../../riscv64-unknown-elf/lib/rv32imac/ilp32/libc_nano.a(lib_a-memset.o)
                0x0000000020013a30                memset
 .text._Balloc  0x0000000020013a40       0x86 /home/letsgrillbananas/FreedomStudio/SiFive/riscv64-unknown-elf-gcc-8.3.0-2020.04.1/bin/../lib/gcc/riscv64-unknown-elf/8.3.0/../../../../riscv64-unknown-elf/lib/rv32imac/ilp32/libc_nano.a(lib_a-mprec.o)
                0x0000000020013a40                _Balloc
 .text._Bfree   0x0000000020013ac6       0x42 /home/letsgrillbananas/FreedomStudio/SiFive/riscv64-unknown-elf-gcc-8.3.0-2020.04.1/bin/../lib/gcc/riscv64-unknown-elf/8.3.0/../../../../riscv64-unknown-elf/lib/rv32imac/ilp32/libc_nano.a(lib_a-mprec.o)
                0x0000000020013ac6                _Bfree
 .text.__multadd
                0x0000000020013b08       0x92 /home/letsgrillbananas/FreedomStudio/SiFive/riscv64-unknown-elf-gcc-8.3.0-2020.04.1/bin/../lib/gcc/riscv64-unknown-elf/8.3.0/../../../../riscv64-unknown-elf/lib/rv32imac/ilp32/libc_nano.a(lib_a-mprec.o)
                0x0000000020013b08                __multadd
 .text.__hi0bits
                0x0000000020013b9a       0x46 /home/letsgrillbananas/FreedomStudio/SiFive/riscv64-unknown-elf-gcc-8.3.0-2020.04.1/bin/../lib/gcc/riscv64-unknown-elf/8.3.0/../../../../riscv64-unknown-elf/lib/rv32imac/ilp32/libc_nano.a(lib_a-mprec.o)
                0x0000000020013b9a                __hi0bits
 .text.__lo0bits
                0x0000000020013be0       0x6a /home/letsgrillbananas/FreedomStudio/SiFive/riscv64-unknown-elf-gcc-8.3.0-2020.04.1/bin/../lib/gcc/riscv64-unknown-elf/8.3.0/../../../../riscv64-unknown-elf/lib/rv32imac/ilp32/libc_nano.a(lib_a-mprec.o)
                0x0000000020013be0                __lo0bits
 .text.__i2b    0x0000000020013c4a       0x1a /home/letsgrillbananas/FreedomStudio/SiFive/riscv64-unknown-elf-gcc-8.3.0-2020.04.1/bin/../lib/gcc/riscv64-unknown-elf/8.3.0/../../../../riscv64-unknown-elf/lib/rv32imac/ilp32/libc_nano.a(lib_a-mprec.o)
                0x0000000020013c4a                __i2b
 .text.__multiply
                0x0000000020013c64      0x142 /home/letsgrillbananas/FreedomStudio/SiFive/riscv64-unknown-elf-gcc-8.3.0-2020.04.1/bin/../lib/gcc/riscv64-unknown-elf/8.3.0/../../../../riscv64-unknown-elf/lib/rv32imac/ilp32/libc_nano.a(lib_a-mprec.o)
                0x0000000020013c64                __multiply
 .text.__pow5mult
                0x0000000020013da6       0xb2 /home/letsgrillbananas/FreedomStudio/SiFive/riscv64-unknown-elf-gcc-8.3.0-2020.04.1/bin/../lib/gcc/riscv64-unknown-elf/8.3.0/../../../../riscv64-unknown-elf/lib/rv32imac/ilp32/libc_nano.a(lib_a-mprec.o)
                0x0000000020013da6                __pow5mult
 .text.__lshift
                0x0000000020013e58       0xcc /home/letsgrillbananas/FreedomStudio/SiFive/riscv64-unknown-elf-gcc-8.3.0-2020.04.1/bin/../lib/gcc/riscv64-unknown-elf/8.3.0/../../../../riscv64-unknown-elf/lib/rv32imac/ilp32/libc_nano.a(lib_a-mprec.o)
                0x0000000020013e58                __lshift
 .text.__mcmp   0x0000000020013f24       0x32 /home/letsgrillbananas/FreedomStudio/SiFive/riscv64-unknown-elf-gcc-8.3.0-2020.04.1/bin/../lib/gcc/riscv64-unknown-elf/8.3.0/../../../../riscv64-unknown-elf/lib/rv32imac/ilp32/libc_nano.a(lib_a-mprec.o)
                0x0000000020013f24                __mcmp
 .text.__mdiff  0x0000000020013f56       0xf0 /home/letsgrillbananas/FreedomStudio/SiFive/riscv64-unknown-elf-gcc-8.3.0-2020.04.1/bin/../lib/gcc/riscv64-unknown-elf/8.3.0/../../../../riscv64-unknown-elf/lib/rv32imac/ilp32/libc_nano.a(lib_a-mprec.o)
                0x0000000020013f56                __mdiff
 .text.__d2b    0x0000000020014046       0xd4 /home/letsgrillbananas/FreedomStudio/SiFive/riscv64-unknown-elf-gcc-8.3.0-2020.04.1/bin/../lib/gcc/riscv64-unknown-elf/8.3.0/../../../../riscv64-unknown-elf/lib/rv32imac/ilp32/libc_nano.a(lib_a-mprec.o)
                0x0000000020014046                __d2b
 .text._calloc_r
                0x000000002001411a       0x26 /home/letsgrillbananas/FreedomStudio/SiFive/riscv64-unknown-elf-gcc-8.3.0-2020.04.1/bin/../lib/gcc/riscv64-unknown-elf/8.3.0/../../../../riscv64-unknown-elf/lib/rv32imac/ilp32/libc_nano.a(lib_a-nano-callocr.o)
                0x000000002001411a                _calloc_r
 .text._free_r  0x0000000020014140       0xac /home/letsgrillbananas/FreedomStudio/SiFive/riscv64-unknown-elf-gcc-8.3.0-2020.04.1/bin/../lib/gcc/riscv64-unknown-elf/8.3.0/../../../../riscv64-unknown-elf/lib/rv32imac/ilp32/libc_nano.a(lib_a-nano-freer.o)
                0x0000000020014140                _free_r
 .text._malloc_r
                0x00000000200141ec       0xde /home/letsgrillbananas/FreedomStudio/SiFive/riscv64-unknown-elf-gcc-8.3.0-2020.04.1/bin/../lib/gcc/riscv64-unknown-elf/8.3.0/../../../../riscv64-unknown-elf/lib/rv32imac/ilp32/libc_nano.a(lib_a-nano-mallocr.o)
                0x00000000200141ec                _malloc_r
 .text.__sfputc_r
                0x00000000200142ca       0x2a /home/letsgrillbananas/FreedomStudio/SiFive/riscv64-unknown-elf-gcc-8.3.0-2020.04.1/bin/../lib/gcc/riscv64-unknown-elf/8.3.0/../../../../riscv64-unknown-elf/lib/rv32imac/ilp32/libc_nano.a(lib_a-nano-vfprintf.o)
 .text.__sfputs_r
                0x00000000200142f4       0x42 /home/letsgrillbananas/FreedomStudio/SiFive/riscv64-unknown-elf-gcc-8.3.0-2020.04.1/bin/../lib/gcc/riscv64-unknown-elf/8.3.0/../../../../riscv64-unknown-elf/lib/rv32imac/ilp32/libc_nano.a(lib_a-nano-vfprintf.o)
                0x00000000200142f4                __sfputs_r
 .text._vfprintf_r
                0x0000000020014336      0x29e /home/letsgrillbananas/FreedomStudio/SiFive/riscv64-unknown-elf-gcc-8.3.0-2020.04.1/bin/../lib/gcc/riscv64-unknown-elf/8.3.0/../../../../riscv64-unknown-elf/lib/rv32imac/ilp32/libc_nano.a(lib_a-nano-vfprintf.o)
                0x0000000020014336                _vfiprintf_r
                0x0000000020014336                _vfprintf_r
 .text._sbrk_r  0x00000000200145d4       0x2a /home/letsgrillbananas/FreedomStudio/SiFive/riscv64-unknown-elf-gcc-8.3.0-2020.04.1/bin/../lib/gcc/riscv64-unknown-elf/8.3.0/../../../../riscv64-unknown-elf/lib/rv32imac/ilp32/libc_nano.a(lib_a-sbrkr.o)
                0x00000000200145d4                _sbrk_r
 .text.__sread  0x00000000200145fe       0x30 /home/letsgrillbananas/FreedomStudio/SiFive/riscv64-unknown-elf-gcc-8.3.0-2020.04.1/bin/../lib/gcc/riscv64-unknown-elf/8.3.0/../../../../riscv64-unknown-elf/lib/rv32imac/ilp32/libc_nano.a(lib_a-stdio.o)
                0x00000000200145fe                __sread
 .text.__swrite
                0x000000002001462e       0x4e /home/letsgrillbananas/FreedomStudio/SiFive/riscv64-unknown-elf-gcc-8.3.0-2020.04.1/bin/../lib/gcc/riscv64-unknown-elf/8.3.0/../../../../riscv64-unknown-elf/lib/rv32imac/ilp32/libc_nano.a(lib_a-stdio.o)
                0x000000002001462e                __swrite
 .text.__sseek  0x000000002001467c       0x36 /home/letsgrillbananas/FreedomStudio/SiFive/riscv64-unknown-elf-gcc-8.3.0-2020.04.1/bin/../lib/gcc/riscv64-unknown-elf/8.3.0/../../../../riscv64-unknown-elf/lib/rv32imac/ilp32/libc_nano.a(lib_a-stdio.o)
                0x000000002001467c                __sseek
 .text.__sclose
                0x00000000200146b2        0x6 /home/letsgrillbananas/FreedomStudio/SiFive/riscv64-unknown-elf-gcc-8.3.0-2020.04.1/bin/../lib/gcc/riscv64-unknown-elf/8.3.0/../../../../riscv64-unknown-elf/lib/rv32imac/ilp32/libc_nano.a(lib_a-stdio.o)
                0x00000000200146b2                __sclose
 .text.__ascii_wctomb
                0x00000000200146b8       0x20 /home/letsgrillbananas/FreedomStudio/SiFive/riscv64-unknown-elf-gcc-8.3.0-2020.04.1/bin/../lib/gcc/riscv64-unknown-elf/8.3.0/../../../../riscv64-unknown-elf/lib/rv32imac/ilp32/libc_nano.a(lib_a-wctomb_r.o)
                0x00000000200146b8                __ascii_wctomb
 .text._write_r
                0x00000000200146d8       0x2e /home/letsgrillbananas/FreedomStudio/SiFive/riscv64-unknown-elf-gcc-8.3.0-2020.04.1/bin/../lib/gcc/riscv64-unknown-elf/8.3.0/../../../../riscv64-unknown-elf/lib/rv32imac/ilp32/libc_nano.a(lib_a-writer.o)
                0x00000000200146d8                _write_r
 .text._close_r
                0x0000000020014706       0x2a /home/letsgrillbananas/FreedomStudio/SiFive/riscv64-unknown-elf-gcc-8.3.0-2020.04.1/bin/../lib/gcc/riscv64-unknown-elf/8.3.0/../../../../riscv64-unknown-elf/lib/rv32imac/ilp32/libc_nano.a(lib_a-closer.o)
                0x0000000020014706                _close_r
 .text._fstat_r
                0x0000000020014730       0x2c /home/letsgrillbananas/FreedomStudio/SiFive/riscv64-unknown-elf-gcc-8.3.0-2020.04.1/bin/../lib/gcc/riscv64-unknown-elf/8.3.0/../../../../riscv64-unknown-elf/lib/rv32imac/ilp32/libc_nano.a(lib_a-fstatr.o)
                0x0000000020014730                _fstat_r
 .text._isatty_r
                0x000000002001475c       0x2a /home/letsgrillbananas/FreedomStudio/SiFive/riscv64-unknown-elf-gcc-8.3.0-2020.04.1/bin/../lib/gcc/riscv64-unknown-elf/8.3.0/../../../../riscv64-unknown-elf/lib/rv32imac/ilp32/libc_nano.a(lib_a-isattyr.o)
                0x000000002001475c                _isatty_r
 .text._lseek_r
                0x0000000020014786       0x2e /home/letsgrillbananas/FreedomStudio/SiFive/riscv64-unknown-elf-gcc-8.3.0-2020.04.1/bin/../lib/gcc/riscv64-unknown-elf/8.3.0/../../../../riscv64-unknown-elf/lib/rv32imac/ilp32/libc_nano.a(lib_a-lseekr.o)
                0x0000000020014786                _lseek_r
 .text.__malloc_lock
                0x00000000200147b4        0x2 /home/letsgrillbananas/FreedomStudio/SiFive/riscv64-unknown-elf-gcc-8.3.0-2020.04.1/bin/../lib/gcc/riscv64-unknown-elf/8.3.0/../../../../riscv64-unknown-elf/lib/rv32imac/ilp32/libc_nano.a(lib_a-mlock.o)
                0x00000000200147b4                __malloc_lock
 .text.__malloc_unlock
                0x00000000200147b6        0x2 /home/letsgrillbananas/FreedomStudio/SiFive/riscv64-unknown-elf-gcc-8.3.0-2020.04.1/bin/../lib/gcc/riscv64-unknown-elf/8.3.0/../../../../riscv64-unknown-elf/lib/rv32imac/ilp32/libc_nano.a(lib_a-mlock.o)
                0x00000000200147b6                __malloc_unlock
 .text._read_r  0x00000000200147b8       0x2e /home/letsgrillbananas/FreedomStudio/SiFive/riscv64-unknown-elf-gcc-8.3.0-2020.04.1/bin/../lib/gcc/riscv64-unknown-elf/8.3.0/../../../../riscv64-unknown-elf/lib/rv32imac/ilp32/libc_nano.a(lib_a-readr.o)
                0x00000000200147b8                _read_r
 .text          0x00000000200147e6      0x5f2 /home/letsgrillbananas/FreedomStudio/SiFive/riscv64-unknown-elf-gcc-8.3.0-2020.04.1/bin/../lib/gcc/riscv64-unknown-elf/8.3.0/rv32imac/ilp32/libgcc.a(adddf3.o)
                0x00000000200147e6                __adddf3
 .text          0x0000000020014dd8      0x536 /home/letsgrillbananas/FreedomStudio/SiFive/riscv64-unknown-elf-gcc-8.3.0-2020.04.1/bin/../lib/gcc/riscv64-unknown-elf/8.3.0/rv32imac/ilp32/libgcc.a(divdf3.o)
                0x0000000020014dd8                __divdf3
 .text          0x000000002001530e       0x6a /home/letsgrillbananas/FreedomStudio/SiFive/riscv64-unknown-elf-gcc-8.3.0-2020.04.1/bin/../lib/gcc/riscv64-unknown-elf/8.3.0/rv32imac/ilp32/libgcc.a(eqdf2.o)
                0x000000002001530e                __eqdf2
                0x000000002001530e                __nedf2
 .text          0x0000000020015378       0xa4 /home/letsgrillbananas/FreedomStudio/SiFive/riscv64-unknown-elf-gcc-8.3.0-2020.04.1/bin/../lib/gcc/riscv64-unknown-elf/8.3.0/rv32imac/ilp32/libgcc.a(gedf2.o)
                0x0000000020015378                __gtdf2
                0x0000000020015378                __gedf2
 .text          0x000000002001541c       0xa4 /home/letsgrillbananas/FreedomStudio/SiFive/riscv64-unknown-elf-gcc-8.3.0-2020.04.1/bin/../lib/gcc/riscv64-unknown-elf/8.3.0/rv32imac/ilp32/libgcc.a(ledf2.o)
                0x000000002001541c                __ltdf2
                0x000000002001541c                __ledf2
 .text          0x00000000200154c0      0x43c /home/letsgrillbananas/FreedomStudio/SiFive/riscv64-unknown-elf-gcc-8.3.0-2020.04.1/bin/../lib/gcc/riscv64-unknown-elf/8.3.0/rv32imac/ilp32/libgcc.a(muldf3.o)
                0x00000000200154c0                __muldf3
 .text          0x00000000200158fc      0x5f6 /home/letsgrillbananas/FreedomStudio/SiFive/riscv64-unknown-elf-gcc-8.3.0-2020.04.1/bin/../lib/gcc/riscv64-unknown-elf/8.3.0/rv32imac/ilp32/libgcc.a(subdf3.o)
                0x00000000200158fc                __subdf3
 .text          0x0000000020015ef2       0x38 /home/letsgrillbananas/FreedomStudio/SiFive/riscv64-unknown-elf-gcc-8.3.0-2020.04.1/bin/../lib/gcc/riscv64-unknown-elf/8.3.0/rv32imac/ilp32/libgcc.a(unorddf2.o)
                0x0000000020015ef2                __unorddf2
 .text          0x0000000020015f2a       0x64 /home/letsgrillbananas/FreedomStudio/SiFive/riscv64-unknown-elf-gcc-8.3.0-2020.04.1/bin/../lib/gcc/riscv64-unknown-elf/8.3.0/rv32imac/ilp32/libgcc.a(fixdfsi.o)
                0x0000000020015f2a                __fixdfsi
 .text          0x0000000020015f8e       0x6a /home/letsgrillbananas/FreedomStudio/SiFive/riscv64-unknown-elf-gcc-8.3.0-2020.04.1/bin/../lib/gcc/riscv64-unknown-elf/8.3.0/rv32imac/ilp32/libgcc.a(floatsidf.o)
                0x0000000020015f8e                __floatsidf
 .text          0x0000000020015ff8       0x50 /home/letsgrillbananas/FreedomStudio/SiFive/riscv64-unknown-elf-gcc-8.3.0-2020.04.1/bin/../lib/gcc/riscv64-unknown-elf/8.3.0/rv32imac/ilp32/libgcc.a(floatunsidf.o)
                0x0000000020015ff8                __floatunsidf
 .text          0x0000000020016048       0x98 /home/letsgrillbananas/FreedomStudio/SiFive/riscv64-unknown-elf-gcc-8.3.0-2020.04.1/bin/../lib/gcc/riscv64-unknown-elf/8.3.0/rv32imac/ilp32/libgcc.a(extendsfdf2.o)
                0x0000000020016048                __extendsfdf2
 .text          0x00000000200160e0      0x122 /home/letsgrillbananas/FreedomStudio/SiFive/riscv64-unknown-elf-gcc-8.3.0-2020.04.1/bin/../lib/gcc/riscv64-unknown-elf/8.3.0/rv32imac/ilp32/libgcc.a(truncdfsf2.o)
                0x00000000200160e0                __truncdfsf2
 .text          0x0000000020016202      0x230 /home/letsgrillbananas/FreedomStudio/SiFive/riscv64-unknown-elf-gcc-8.3.0-2020.04.1/bin/../lib/gcc/riscv64-unknown-elf/8.3.0/rv32imac/ilp32/libgcc.a(trunctfdf2.o)
                0x0000000020016202                __trunctfdf2
 .text          0x0000000020016432       0x3c /home/letsgrillbananas/FreedomStudio/SiFive/riscv64-unknown-elf-gcc-8.3.0-2020.04.1/bin/../lib/gcc/riscv64-unknown-elf/8.3.0/rv32imac/ilp32/libgcc.a(_clzsi2.o)
                0x0000000020016432                __clzsi2
 .text.__metal_driver_sifive_clint0_control_base
                0x000000002001646e       0x26 /home/letsgrillbananas/wsFreedomStudio/embedded-software/bsp/install/lib/debug//libmetal.a(riscv_clint0.o)
 .text.__metal_driver_sifive_clint0_num_interrupts
                0x0000000020016494       0x24 /home/letsgrillbananas/wsFreedomStudio/embedded-software/bsp/install/lib/debug//libmetal.a(riscv_clint0.o)
 .text.__metal_driver_sifive_clint0_interrupt_parents
                0x00000000200164b8       0x3c /home/letsgrillbananas/wsFreedomStudio/embedded-software/bsp/install/lib/debug//libmetal.a(riscv_clint0.o)
 .text.__metal_driver_sifive_clint0_interrupt_lines
                0x00000000200164f4       0x30 /home/letsgrillbananas/wsFreedomStudio/embedded-software/bsp/install/lib/debug//libmetal.a(riscv_clint0.o)
 .text.__metal_clint0_mtime_get
                0x0000000020016524       0x9a /home/letsgrillbananas/wsFreedomStudio/embedded-software/bsp/install/lib/debug//libmetal.a(riscv_clint0.o)
                0x0000000020016524                __metal_clint0_mtime_get
 .text.__metal_driver_riscv_clint0_mtimecmp_set
                0x00000000200165be       0x96 /home/letsgrillbananas/wsFreedomStudio/embedded-software/bsp/install/lib/debug//libmetal.a(riscv_clint0.o)
                0x00000000200165be                __metal_driver_riscv_clint0_mtimecmp_set
 .text._get_cpu_intc
                0x0000000020016654       0x36 /home/letsgrillbananas/wsFreedomStudio/embedded-software/bsp/install/lib/debug//libmetal.a(riscv_clint0.o)
 .text.__metal_driver_riscv_clint0_init
                0x000000002001668a       0x88 /home/letsgrillbananas/wsFreedomStudio/embedded-software/bsp/install/lib/debug//libmetal.a(riscv_clint0.o)
                0x000000002001668a                __metal_driver_riscv_clint0_init
 .text.__metal_driver_riscv_clint0_register
                0x0000000020016712       0xda /home/letsgrillbananas/wsFreedomStudio/embedded-software/bsp/install/lib/debug//libmetal.a(riscv_clint0.o)
                0x0000000020016712                __metal_driver_riscv_clint0_register
 .text.__metal_driver_riscv_clint0_vector_register
                0x00000000200167ec       0x28 /home/letsgrillbananas/wsFreedomStudio/embedded-software/bsp/install/lib/debug//libmetal.a(riscv_clint0.o)
                0x00000000200167ec                __metal_driver_riscv_clint0_vector_register
 .text.__metal_driver_riscv_clint0_get_vector_mode
                0x0000000020016814       0x1c /home/letsgrillbananas/wsFreedomStudio/embedded-software/bsp/install/lib/debug//libmetal.a(riscv_clint0.o)
                0x0000000020016814                __metal_driver_riscv_clint0_get_vector_mode
 .text.__metal_driver_riscv_clint0_set_vector_mode
                0x0000000020016830       0x58 /home/letsgrillbananas/wsFreedomStudio/embedded-software/bsp/install/lib/debug//libmetal.a(riscv_clint0.o)
                0x0000000020016830                __metal_driver_riscv_clint0_set_vector_mode
 .text.__metal_driver_riscv_clint0_enable
                0x0000000020016888       0xb8 /home/letsgrillbananas/wsFreedomStudio/embedded-software/bsp/install/lib/debug//libmetal.a(riscv_clint0.o)
                0x0000000020016888                __metal_driver_riscv_clint0_enable
 .text.__metal_driver_riscv_clint0_disable
                0x0000000020016940       0xba /home/letsgrillbananas/wsFreedomStudio/embedded-software/bsp/install/lib/debug//libmetal.a(riscv_clint0.o)
                0x0000000020016940                __metal_driver_riscv_clint0_disable
 .text.__metal_driver_riscv_clint0_command_request
                0x00000000200169fa      0x136 /home/letsgrillbananas/wsFreedomStudio/embedded-software/bsp/install/lib/debug//libmetal.a(riscv_clint0.o)
                0x00000000200169fa                __metal_driver_riscv_clint0_command_request
 .text.__metal_driver_riscv_clint0_clear_interrupt
                0x0000000020016b30       0x34 /home/letsgrillbananas/wsFreedomStudio/embedded-software/bsp/install/lib/debug//libmetal.a(riscv_clint0.o)
                0x0000000020016b30                __metal_driver_riscv_clint0_clear_interrupt
 .text.__metal_driver_riscv_clint0_set_interrupt
                0x0000000020016b64       0x34 /home/letsgrillbananas/wsFreedomStudio/embedded-software/bsp/install/lib/debug//libmetal.a(riscv_clint0.o)
                0x0000000020016b64                __metal_driver_riscv_clint0_set_interrupt
 .text.__metal_driver_cpu_hartid
                0x0000000020016b98       0x24 /home/letsgrillbananas/wsFreedomStudio/embedded-software/bsp/install/lib/debug//libmetal.a(riscv_cpu.o)
 .text.__metal_driver_cpu_timebase
                0x0000000020016bbc       0x2a /home/letsgrillbananas/wsFreedomStudio/embedded-software/bsp/install/lib/debug//libmetal.a(riscv_cpu.o)
 .text.__metal_driver_cpu_interrupt_controller
                0x0000000020016be6       0x2a /home/letsgrillbananas/wsFreedomStudio/embedded-software/bsp/install/lib/debug//libmetal.a(riscv_cpu.o)
 .text.__metal_driver_cpu_buserror
                0x0000000020016c10       0x24 /home/letsgrillbananas/wsFreedomStudio/embedded-software/bsp/install/lib/debug//libmetal.a(riscv_cpu.o)
 .text.__metal_driver_cpu_get
                0x0000000020016c34       0x30 /home/letsgrillbananas/wsFreedomStudio/embedded-software/bsp/install/lib/debug//libmetal.a(riscv_cpu.o)
                0x0000000020016c34                __metal_driver_cpu_get
 .text.__metal_myhart_id
                0x0000000020016c64       0x1a /home/letsgrillbananas/wsFreedomStudio/embedded-software/bsp/install/lib/debug//libmetal.a(riscv_cpu.o)
                0x0000000020016c64                __metal_myhart_id
 .text.__metal_interrupt_global_enable
                0x0000000020016c7e       0x18 /home/letsgrillbananas/wsFreedomStudio/embedded-software/bsp/install/lib/debug//libmetal.a(riscv_cpu.o)
                0x0000000020016c7e                __metal_interrupt_global_enable
 .text.__metal_interrupt_global_disable
                0x0000000020016c96       0x18 /home/letsgrillbananas/wsFreedomStudio/embedded-software/bsp/install/lib/debug//libmetal.a(riscv_cpu.o)
                0x0000000020016c96                __metal_interrupt_global_disable
 .text.__metal_interrupt_software_enable
                0x0000000020016cae       0x18 /home/letsgrillbananas/wsFreedomStudio/embedded-software/bsp/install/lib/debug//libmetal.a(riscv_cpu.o)
                0x0000000020016cae                __metal_interrupt_software_enable
 .text.__metal_interrupt_software_disable
                0x0000000020016cc6       0x18 /home/letsgrillbananas/wsFreedomStudio/embedded-software/bsp/install/lib/debug//libmetal.a(riscv_cpu.o)
                0x0000000020016cc6                __metal_interrupt_software_disable
 .text.__metal_interrupt_timer_enable
                0x0000000020016cde       0x1a /home/letsgrillbananas/wsFreedomStudio/embedded-software/bsp/install/lib/debug//libmetal.a(riscv_cpu.o)
                0x0000000020016cde                __metal_interrupt_timer_enable
 .text.__metal_interrupt_timer_disable
                0x0000000020016cf8       0x1a /home/letsgrillbananas/wsFreedomStudio/embedded-software/bsp/install/lib/debug//libmetal.a(riscv_cpu.o)
                0x0000000020016cf8                __metal_interrupt_timer_disable
 .text.__metal_interrupt_external_enable
                0x0000000020016d12       0x1c /home/letsgrillbananas/wsFreedomStudio/embedded-software/bsp/install/lib/debug//libmetal.a(riscv_cpu.o)
                0x0000000020016d12                __metal_interrupt_external_enable
 .text.__metal_interrupt_external_disable
                0x0000000020016d2e       0x1c /home/letsgrillbananas/wsFreedomStudio/embedded-software/bsp/install/lib/debug//libmetal.a(riscv_cpu.o)
                0x0000000020016d2e                __metal_interrupt_external_disable
 .text.__metal_interrupt_local_enable
                0x0000000020016d4a       0x2c /home/letsgrillbananas/wsFreedomStudio/embedded-software/bsp/install/lib/debug//libmetal.a(riscv_cpu.o)
                0x0000000020016d4a                __metal_interrupt_local_enable
 .text.__metal_interrupt_local_disable
                0x0000000020016d76       0x2c /home/letsgrillbananas/wsFreedomStudio/embedded-software/bsp/install/lib/debug//libmetal.a(riscv_cpu.o)
                0x0000000020016d76                __metal_interrupt_local_disable
 .text.__metal_default_exception_handler
                0x0000000020016da2       0x18 /home/letsgrillbananas/wsFreedomStudio/embedded-software/bsp/install/lib/debug//libmetal.a(riscv_cpu.o)
                0x0000000020016da2                __metal_default_exception_handler
 .text.__metal_default_interrupt_handler
                0x0000000020016dba       0x18 /home/letsgrillbananas/wsFreedomStudio/embedded-software/bsp/install/lib/debug//libmetal.a(riscv_cpu.o)
                0x0000000020016dba                __metal_default_interrupt_handler
 .text.metal_interrupt_vector_handler
                0x0000000020016dd2       0x2e /home/letsgrillbananas/wsFreedomStudio/embedded-software/bsp/install/lib/debug//libmetal.a(riscv_cpu.o)
                0x0000000020016dd2                metal_interrupt_vector_handler
 .text.metal_software_interrupt_vector_handler
                0x0000000020016e00       0x92 /home/letsgrillbananas/wsFreedomStudio/embedded-software/bsp/install/lib/debug//libmetal.a(riscv_cpu.o)
                0x0000000020016e00                metal_software_interrupt_vector_handler
 .text.__metal_default_sw_handler
                0x0000000020016e92       0x6a /home/letsgrillbananas/wsFreedomStudio/embedded-software/bsp/install/lib/debug//libmetal.a(riscv_cpu.o)
                0x0000000020016e92                __metal_default_sw_handler
 .text.metal_timer_interrupt_vector_handler
                0x0000000020016efc       0x96 /home/letsgrillbananas/wsFreedomStudio/embedded-software/bsp/install/lib/debug//libmetal.a(riscv_cpu.o)
                0x0000000020016efc                metal_timer_interrupt_vector_handler
 .text.__metal_default_beu_handler
                0x0000000020016f92       0x16 /home/letsgrillbananas/wsFreedomStudio/embedded-software/bsp/install/lib/debug//libmetal.a(riscv_cpu.o)
                0x0000000020016f92                __metal_default_beu_handler
 .text.__metal_default_timer_handler
                0x0000000020016fa8       0x6a /home/letsgrillbananas/wsFreedomStudio/embedded-software/bsp/install/lib/debug//libmetal.a(riscv_cpu.o)
                0x0000000020016fa8                __metal_default_timer_handler
 *fill*         0x0000000020017012       0x6e 
 .text.__metal_exception_handler
                0x0000000020017080      0x1fa /home/letsgrillbananas/wsFreedomStudio/embedded-software/bsp/install/lib/debug//libmetal.a(riscv_cpu.o)
                0x0000000020017080                __metal_exception_handler
 .text.metal_lc0_interrupt_vector_handler
                0x000000002001727a       0x96 /home/letsgrillbananas/wsFreedomStudio/embedded-software/bsp/install/lib/debug//libmetal.a(riscv_cpu.o)
                0x000000002001727a                metal_lc0_interrupt_vector_handler
 .text.metal_lc1_interrupt_vector_handler
                0x0000000020017310       0x96 /home/letsgrillbananas/wsFreedomStudio/embedded-software/bsp/install/lib/debug//libmetal.a(riscv_cpu.o)
                0x0000000020017310                metal_lc1_interrupt_vector_handler
 .text.metal_lc2_interrupt_vector_handler
                0x00000000200173a6       0x96 /home/letsgrillbananas/wsFreedomStudio/embedded-software/bsp/install/lib/debug//libmetal.a(riscv_cpu.o)
                0x00000000200173a6                metal_lc2_interrupt_vector_handler
 .text.metal_lc3_interrupt_vector_handler
                0x000000002001743c       0x96 /home/letsgrillbananas/wsFreedomStudio/embedded-software/bsp/install/lib/debug//libmetal.a(riscv_cpu.o)
                0x000000002001743c                metal_lc3_interrupt_vector_handler
 .text.metal_lc4_interrupt_vector_handler
                0x00000000200174d2       0x96 /home/letsgrillbananas/wsFreedomStudio/embedded-software/bsp/install/lib/debug//libmetal.a(riscv_cpu.o)
                0x00000000200174d2                metal_lc4_interrupt_vector_handler
 .text.metal_lc5_interrupt_vector_handler
                0x0000000020017568       0x96 /home/letsgrillbananas/wsFreedomStudio/embedded-software/bsp/install/lib/debug//libmetal.a(riscv_cpu.o)
                0x0000000020017568                metal_lc5_interrupt_vector_handler
 .text.metal_lc6_interrupt_vector_handler
                0x00000000200175fe       0x96 /home/letsgrillbananas/wsFreedomStudio/embedded-software/bsp/install/lib/debug//libmetal.a(riscv_cpu.o)
                0x00000000200175fe                metal_lc6_interrupt_vector_handler
 .text.metal_lc7_interrupt_vector_handler
                0x0000000020017694       0x96 /home/letsgrillbananas/wsFreedomStudio/embedded-software/bsp/install/lib/debug//libmetal.a(riscv_cpu.o)
                0x0000000020017694                metal_lc7_interrupt_vector_handler
 .text.metal_lc8_interrupt_vector_handler
                0x000000002001772a       0x96 /home/letsgrillbananas/wsFreedomStudio/embedded-software/bsp/install/lib/debug//libmetal.a(riscv_cpu.o)
                0x000000002001772a                metal_lc8_interrupt_vector_handler
 .text.metal_lc9_interrupt_vector_handler
                0x00000000200177c0       0x96 /home/letsgrillbananas/wsFreedomStudio/embedded-software/bsp/install/lib/debug//libmetal.a(riscv_cpu.o)
                0x00000000200177c0                metal_lc9_interrupt_vector_handler
 .text.metal_lc10_interrupt_vector_handler
                0x0000000020017856       0x96 /home/letsgrillbananas/wsFreedomStudio/embedded-software/bsp/install/lib/debug//libmetal.a(riscv_cpu.o)
                0x0000000020017856                metal_lc10_interrupt_vector_handler
 .text.metal_lc11_interrupt_vector_handler
                0x00000000200178ec       0x96 /home/letsgrillbananas/wsFreedomStudio/embedded-software/bsp/install/lib/debug//libmetal.a(riscv_cpu.o)
                0x00000000200178ec                metal_lc11_interrupt_vector_handler
 .text.metal_lc12_interrupt_vector_handler
                0x0000000020017982       0x96 /home/letsgrillbananas/wsFreedomStudio/embedded-software/bsp/install/lib/debug//libmetal.a(riscv_cpu.o)
                0x0000000020017982                metal_lc12_interrupt_vector_handler
 .text.metal_lc13_interrupt_vector_handler
                0x0000000020017a18       0x96 /home/letsgrillbananas/wsFreedomStudio/embedded-software/bsp/install/lib/debug//libmetal.a(riscv_cpu.o)
                0x0000000020017a18                metal_lc13_interrupt_vector_handler
 .text.metal_lc14_interrupt_vector_handler
                0x0000000020017aae       0x96 /home/letsgrillbananas/wsFreedomStudio/embedded-software/bsp/install/lib/debug//libmetal.a(riscv_cpu.o)
                0x0000000020017aae                metal_lc14_interrupt_vector_handler
 .text.metal_lc15_interrupt_vector_handler
                0x0000000020017b44       0x96 /home/letsgrillbananas/wsFreedomStudio/embedded-software/bsp/install/lib/debug//libmetal.a(riscv_cpu.o)
                0x0000000020017b44                metal_lc15_interrupt_vector_handler
 .text.__metal_controller_interrupt_vector_mode
                0x0000000020017bda       0x50 /home/letsgrillbananas/wsFreedomStudio/embedded-software/bsp/install/lib/debug//libmetal.a(riscv_cpu.o)
                0x0000000020017bda                __metal_controller_interrupt_vector_mode
 .text.__metal_controller_interrupt_vector
                0x0000000020017c2a       0x98 /home/letsgrillbananas/wsFreedomStudio/embedded-software/bsp/install/lib/debug//libmetal.a(riscv_cpu.o)
                0x0000000020017c2a                __metal_controller_interrupt_vector
 .text.__metal_valid_interrupt_id
                0x0000000020017cc2       0x64 /home/letsgrillbananas/wsFreedomStudio/embedded-software/bsp/install/lib/debug//libmetal.a(riscv_cpu.o)
                0x0000000020017cc2                __metal_valid_interrupt_id
 .text.__metal_local_interrupt_enable
                0x0000000020017d26       0xbc /home/letsgrillbananas/wsFreedomStudio/embedded-software/bsp/install/lib/debug//libmetal.a(riscv_cpu.o)
                0x0000000020017d26                __metal_local_interrupt_enable
 .text.__metal_exception_register
                0x0000000020017de2       0x4e /home/letsgrillbananas/wsFreedomStudio/embedded-software/bsp/install/lib/debug//libmetal.a(riscv_cpu.o)
                0x0000000020017de2                __metal_exception_register
 .text.__metal_driver_riscv_cpu_controller_interrupt_init
                0x0000000020017e30       0xe4 /home/letsgrillbananas/wsFreedomStudio/embedded-software/bsp/install/lib/debug//libmetal.a(riscv_cpu.o)
                0x0000000020017e30                __metal_driver_riscv_cpu_controller_interrupt_init
 .text.__metal_driver_riscv_cpu_controller_interrupt_register
                0x0000000020017f14      0x1da /home/letsgrillbananas/wsFreedomStudio/embedded-software/bsp/install/lib/debug//libmetal.a(riscv_cpu.o)
                0x0000000020017f14                __metal_driver_riscv_cpu_controller_interrupt_register
 .text.__metal_driver_riscv_cpu_controller_interrupt_enable
                0x00000000200180ee       0x2c /home/letsgrillbananas/wsFreedomStudio/embedded-software/bsp/install/lib/debug//libmetal.a(riscv_cpu.o)
                0x00000000200180ee                __metal_driver_riscv_cpu_controller_interrupt_enable
 .text.__metal_driver_riscv_cpu_controller_interrupt_disable
                0x000000002001811a       0x2c /home/letsgrillbananas/wsFreedomStudio/embedded-software/bsp/install/lib/debug//libmetal.a(riscv_cpu.o)
                0x000000002001811a                __metal_driver_riscv_cpu_controller_interrupt_disable
 .text.__metal_driver_riscv_cpu_controller_get_vector_mode
                0x0000000020018146       0x1c /home/letsgrillbananas/wsFreedomStudio/embedded-software/bsp/install/lib/debug//libmetal.a(riscv_cpu.o)
                0x0000000020018146                __metal_driver_riscv_cpu_controller_get_vector_mode
 .text.__metal_driver_riscv_cpu_controller_set_vector_mode
                0x0000000020018162       0x54 /home/letsgrillbananas/wsFreedomStudio/embedded-software/bsp/install/lib/debug//libmetal.a(riscv_cpu.o)
                0x0000000020018162                __metal_driver_riscv_cpu_controller_set_vector_mode
 .text.__metal_driver_riscv_cpu_controller_command_request
                0x00000000200181b6       0x1c /home/letsgrillbananas/wsFreedomStudio/embedded-software/bsp/install/lib/debug//libmetal.a(riscv_cpu.o)
                0x00000000200181b6                __metal_driver_riscv_cpu_controller_command_request
 .text.__metal_driver_cpu_mcycle_get
                0x00000000200181d2       0x72 /home/letsgrillbananas/wsFreedomStudio/embedded-software/bsp/install/lib/debug//libmetal.a(riscv_cpu.o)
                0x00000000200181d2                __metal_driver_cpu_mcycle_get
 .text.__metal_driver_cpu_timebase_get
                0x0000000020018244       0x46 /home/letsgrillbananas/wsFreedomStudio/embedded-software/bsp/install/lib/debug//libmetal.a(riscv_cpu.o)
                0x0000000020018244                __metal_driver_cpu_timebase_get
 .text.__metal_driver_cpu_mtime_get
                0x000000002001828a       0x66 /home/letsgrillbananas/wsFreedomStudio/embedded-software/bsp/install/lib/debug//libmetal.a(riscv_cpu.o)
                0x000000002001828a                __metal_driver_cpu_mtime_get
 .text.__metal_driver_cpu_mtimecmp_set
                0x00000000200182f0       0x76 /home/letsgrillbananas/wsFreedomStudio/embedded-software/bsp/install/lib/debug//libmetal.a(riscv_cpu.o)
                0x00000000200182f0                __metal_driver_cpu_mtimecmp_set
 .text.__metal_driver_cpu_timer_controller_interrupt
                0x0000000020018366       0x16 /home/letsgrillbananas/wsFreedomStudio/embedded-software/bsp/install/lib/debug//libmetal.a(riscv_cpu.o)
                0x0000000020018366                __metal_driver_cpu_timer_controller_interrupt
 .text.__metal_driver_cpu_get_timer_interrupt_id
                0x000000002001837c       0x14 /home/letsgrillbananas/wsFreedomStudio/embedded-software/bsp/install/lib/debug//libmetal.a(riscv_cpu.o)
                0x000000002001837c                __metal_driver_cpu_get_timer_interrupt_id
 .text.__metal_driver_cpu_sw_controller_interrupt
                0x0000000020018390       0x16 /home/letsgrillbananas/wsFreedomStudio/embedded-software/bsp/install/lib/debug//libmetal.a(riscv_cpu.o)
                0x0000000020018390                __metal_driver_cpu_sw_controller_interrupt
 .text.__metal_driver_cpu_get_sw_interrupt_id
                0x00000000200183a6       0x14 /home/letsgrillbananas/wsFreedomStudio/embedded-software/bsp/install/lib/debug//libmetal.a(riscv_cpu.o)
                0x00000000200183a6                __metal_driver_cpu_get_sw_interrupt_id
 .text.__metal_driver_cpu_set_sw_ipi
                0x00000000200183ba       0x62 /home/letsgrillbananas/wsFreedomStudio/embedded-software/bsp/install/lib/debug//libmetal.a(riscv_cpu.o)
                0x00000000200183ba                __metal_driver_cpu_set_sw_ipi
 .text.__metal_driver_cpu_clear_sw_ipi
                0x000000002001841c       0x62 /home/letsgrillbananas/wsFreedomStudio/embedded-software/bsp/install/lib/debug//libmetal.a(riscv_cpu.o)
                0x000000002001841c                __metal_driver_cpu_clear_sw_ipi
 .text.__metal_driver_cpu_get_msip
                0x000000002001847e       0x60 /home/letsgrillbananas/wsFreedomStudio/embedded-software/bsp/install/lib/debug//libmetal.a(riscv_cpu.o)
                0x000000002001847e                __metal_driver_cpu_get_msip
 .text.__metal_driver_cpu_controller_interrupt
                0x00000000200184de       0x20 /home/letsgrillbananas/wsFreedomStudio/embedded-software/bsp/install/lib/debug//libmetal.a(riscv_cpu.o)
                0x00000000200184de                __metal_driver_cpu_controller_interrupt
 .text.__metal_driver_cpu_exception_register
                0x00000000200184fe       0x46 /home/letsgrillbananas/wsFreedomStudio/embedded-software/bsp/install/lib/debug//libmetal.a(riscv_cpu.o)
                0x00000000200184fe                __metal_driver_cpu_exception_register
 .text.__metal_driver_cpu_get_instruction_length
                0x0000000020018544       0x2e /home/letsgrillbananas/wsFreedomStudio/embedded-software/bsp/install/lib/debug//libmetal.a(riscv_cpu.o)
                0x0000000020018544                __metal_driver_cpu_get_instruction_length
 .text.__metal_driver_cpu_get_exception_pc
                0x0000000020018572       0x1e /home/letsgrillbananas/wsFreedomStudio/embedded-software/bsp/install/lib/debug//libmetal.a(riscv_cpu.o)
                0x0000000020018572                __metal_driver_cpu_get_exception_pc
 .text.__metal_driver_cpu_set_exception_pc
                0x0000000020018590       0x20 /home/letsgrillbananas/wsFreedomStudio/embedded-software/bsp/install/lib/debug//libmetal.a(riscv_cpu.o)
                0x0000000020018590                __metal_driver_cpu_set_exception_pc
 .text.__metal_driver_cpu_get_buserror
                0x00000000200185b0       0x20 /home/letsgrillbananas/wsFreedomStudio/embedded-software/bsp/install/lib/debug//libmetal.a(riscv_cpu.o)
                0x00000000200185b0                __metal_driver_cpu_get_buserror
 .text.__metal_driver_sifive_plic0_control_base
                0x00000000200185d0       0x2a /home/letsgrillbananas/wsFreedomStudio/embedded-software/bsp/install/lib/debug//libmetal.a(riscv_plic0.o)
 .text.__metal_driver_sifive_plic0_num_interrupts
                0x00000000200185fa       0x2a /home/letsgrillbananas/wsFreedomStudio/embedded-software/bsp/install/lib/debug//libmetal.a(riscv_plic0.o)
 .text.__metal_driver_sifive_plic0_max_priority
                0x0000000020018624       0x28 /home/letsgrillbananas/wsFreedomStudio/embedded-software/bsp/install/lib/debug//libmetal.a(riscv_plic0.o)
 .text.__metal_driver_sifive_plic0_interrupt_parents
                0x000000002001864c       0x28 /home/letsgrillbananas/wsFreedomStudio/embedded-software/bsp/install/lib/debug//libmetal.a(riscv_plic0.o)
 .text.__metal_driver_sifive_plic0_interrupt_lines
                0x0000000020018674       0x22 /home/letsgrillbananas/wsFreedomStudio/embedded-software/bsp/install/lib/debug//libmetal.a(riscv_plic0.o)
 .text.__metal_driver_sifive_plic0_context_ids
                0x0000000020018696       0x1e /home/letsgrillbananas/wsFreedomStudio/embedded-software/bsp/install/lib/debug//libmetal.a(riscv_plic0.o)
 .text.__metal_plic0_claim_interrupt
                0x00000000200186b4       0x3c /home/letsgrillbananas/wsFreedomStudio/embedded-software/bsp/install/lib/debug//libmetal.a(riscv_plic0.o)
                0x00000000200186b4                __metal_plic0_claim_interrupt
 .text.__metal_plic0_complete_interrupt
                0x00000000200186f0       0x48 /home/letsgrillbananas/wsFreedomStudio/embedded-software/bsp/install/lib/debug//libmetal.a(riscv_plic0.o)
                0x00000000200186f0                __metal_plic0_complete_interrupt
 .text.__metal_plic0_set_threshold
                0x0000000020018738       0x48 /home/letsgrillbananas/wsFreedomStudio/embedded-software/bsp/install/lib/debug//libmetal.a(riscv_plic0.o)
                0x0000000020018738                __metal_plic0_set_threshold
 .text.__metal_plic0_get_threshold
                0x0000000020018780       0x3c /home/letsgrillbananas/wsFreedomStudio/embedded-software/bsp/install/lib/debug//libmetal.a(riscv_plic0.o)
                0x0000000020018780                __metal_plic0_get_threshold
 .text.__metal_driver_riscv_plic0_set_priority
                0x00000000200187bc       0x66 /home/letsgrillbananas/wsFreedomStudio/embedded-software/bsp/install/lib/debug//libmetal.a(riscv_plic0.o)
                0x00000000200187bc                __metal_driver_riscv_plic0_set_priority
 .text.__metal_driver_riscv_plic0_get_priority
                0x0000000020018822       0x36 /home/letsgrillbananas/wsFreedomStudio/embedded-software/bsp/install/lib/debug//libmetal.a(riscv_plic0.o)
                0x0000000020018822                __metal_driver_riscv_plic0_get_priority
 .text.__metal_plic0_enable
                0x0000000020018858       0xa4 /home/letsgrillbananas/wsFreedomStudio/embedded-software/bsp/install/lib/debug//libmetal.a(riscv_plic0.o)
                0x0000000020018858                __metal_plic0_enable
 .text.__metal_plic0_default_handler
                0x00000000200188fc       0x18 /home/letsgrillbananas/wsFreedomStudio/embedded-software/bsp/install/lib/debug//libmetal.a(riscv_plic0.o)
                0x00000000200188fc                __metal_plic0_default_handler
 .text.__metal_plic0_handler
                0x0000000020018914       0xac /home/letsgrillbananas/wsFreedomStudio/embedded-software/bsp/install/lib/debug//libmetal.a(riscv_plic0.o)
                0x0000000020018914                __metal_plic0_handler
 .text.__metal_driver_riscv_plic0_init
                0x00000000200189c0      0x15c /home/letsgrillbananas/wsFreedomStudio/embedded-software/bsp/install/lib/debug//libmetal.a(riscv_plic0.o)
                0x00000000200189c0                __metal_driver_riscv_plic0_init
 .text.__metal_driver_riscv_plic0_register
                0x0000000020018b1c       0xc2 /home/letsgrillbananas/wsFreedomStudio/embedded-software/bsp/install/lib/debug//libmetal.a(riscv_plic0.o)
                0x0000000020018b1c                __metal_driver_riscv_plic0_register
 .text.__metal_driver_riscv_plic0_enable
                0x0000000020018bde       0x50 /home/letsgrillbananas/wsFreedomStudio/embedded-software/bsp/install/lib/debug//libmetal.a(riscv_plic0.o)
                0x0000000020018bde                __metal_driver_riscv_plic0_enable
 .text.__metal_driver_riscv_plic0_disable
                0x0000000020018c2e       0x50 /home/letsgrillbananas/wsFreedomStudio/embedded-software/bsp/install/lib/debug//libmetal.a(riscv_plic0.o)
                0x0000000020018c2e                __metal_driver_riscv_plic0_disable
 .text.__metal_driver_riscv_plic0_set_threshold
                0x0000000020018c7e       0x30 /home/letsgrillbananas/wsFreedomStudio/embedded-software/bsp/install/lib/debug//libmetal.a(riscv_plic0.o)
                0x0000000020018c7e                __metal_driver_riscv_plic0_set_threshold
 .text.__metal_driver_riscv_plic0_get_threshold
                0x0000000020018cae       0x28 /home/letsgrillbananas/wsFreedomStudio/embedded-software/bsp/install/lib/debug//libmetal.a(riscv_plic0.o)
                0x0000000020018cae                __metal_driver_riscv_plic0_get_threshold
 .text.__metal_driver_riscv_plic0_affinity_enable
                0x0000000020018cd6       0x9c /home/letsgrillbananas/wsFreedomStudio/embedded-software/bsp/install/lib/debug//libmetal.a(riscv_plic0.o)
                0x0000000020018cd6                __metal_driver_riscv_plic0_affinity_enable
 .text.__metal_driver_riscv_plic0_affinity_disable
                0x0000000020018d72       0x9c /home/letsgrillbananas/wsFreedomStudio/embedded-software/bsp/install/lib/debug//libmetal.a(riscv_plic0.o)
                0x0000000020018d72                __metal_driver_riscv_plic0_affinity_disable
 .text.__metal_driver_riscv_plic0_affinity_set_threshold
                0x0000000020018e0e       0x74 /home/letsgrillbananas/wsFreedomStudio/embedded-software/bsp/install/lib/debug//libmetal.a(riscv_plic0.o)
                0x0000000020018e0e                __metal_driver_riscv_plic0_affinity_set_threshold
 .text.__metal_driver_riscv_plic0_affinity_get_threshold
                0x0000000020018e82       0x28 /home/letsgrillbananas/wsFreedomStudio/embedded-software/bsp/install/lib/debug//libmetal.a(riscv_plic0.o)
                0x0000000020018e82                __metal_driver_riscv_plic0_affinity_get_threshold
 .text.__metal_driver_sifive_fe310_g000_hfrosc_ref
                0x0000000020018eaa       0x1a /home/letsgrillbananas/wsFreedomStudio/embedded-software/bsp/install/lib/debug//libmetal.a(sifive_fe310-g000_hfrosc.o)
 .text.__metal_driver_sifive_fe310_g000_hfrosc_config_base
                0x0000000020018ec4       0x16 /home/letsgrillbananas/wsFreedomStudio/embedded-software/bsp/install/lib/debug//libmetal.a(sifive_fe310-g000_hfrosc.o)
 .text.__metal_driver_sifive_fe310_g000_hfrosc_config_offset
                0x0000000020018eda       0x14 /home/letsgrillbananas/wsFreedomStudio/embedded-software/bsp/install/lib/debug//libmetal.a(sifive_fe310-g000_hfrosc.o)
 .text.__metal_driver_sifive_fe310_g000_prci_vtable
                0x0000000020018eee       0x12 /home/letsgrillbananas/wsFreedomStudio/embedded-software/bsp/install/lib/debug//libmetal.a(sifive_fe310-g000_hfrosc.o)
 .text.__metal_driver_sifive_fe310_g000_hfrosc_get_rate_hz
                0x0000000020018f00       0x88 /home/letsgrillbananas/wsFreedomStudio/embedded-software/bsp/install/lib/debug//libmetal.a(sifive_fe310-g000_hfrosc.o)
                0x0000000020018f00                __metal_driver_sifive_fe310_g000_hfrosc_get_rate_hz
 .text.__metal_driver_sifive_fe310_g000_hfrosc_set_rate_hz
                0x0000000020018f88       0x24 /home/letsgrillbananas/wsFreedomStudio/embedded-software/bsp/install/lib/debug//libmetal.a(sifive_fe310-g000_hfrosc.o)
                0x0000000020018f88                __metal_driver_sifive_fe310_g000_hfrosc_set_rate_hz
 .text.__metal_driver_sifive_fe310_g000_hfxosc_ref
                0x0000000020018fac       0x1a /home/letsgrillbananas/wsFreedomStudio/embedded-software/bsp/install/lib/debug//libmetal.a(sifive_fe310-g000_hfxosc.o)
 .text.__metal_driver_sifive_fe310_g000_hfxosc_config_base
                0x0000000020018fc6       0x16 /home/letsgrillbananas/wsFreedomStudio/embedded-software/bsp/install/lib/debug//libmetal.a(sifive_fe310-g000_hfxosc.o)
 .text.__metal_driver_sifive_fe310_g000_hfxosc_config_offset
                0x0000000020018fdc       0x14 /home/letsgrillbananas/wsFreedomStudio/embedded-software/bsp/install/lib/debug//libmetal.a(sifive_fe310-g000_hfxosc.o)
 .text.__metal_driver_sifive_fe310_g000_prci_vtable
                0x0000000020018ff0       0x12 /home/letsgrillbananas/wsFreedomStudio/embedded-software/bsp/install/lib/debug//libmetal.a(sifive_fe310-g000_hfxosc.o)
 .text.__metal_driver_sifive_fe310_g000_hfxosc_get_rate_hz
                0x0000000020019002       0x7c /home/letsgrillbananas/wsFreedomStudio/embedded-software/bsp/install/lib/debug//libmetal.a(sifive_fe310-g000_hfxosc.o)
                0x0000000020019002                __metal_driver_sifive_fe310_g000_hfxosc_get_rate_hz
 .text.__metal_driver_sifive_fe310_g000_hfxosc_set_rate_hz
                0x000000002001907e       0x24 /home/letsgrillbananas/wsFreedomStudio/embedded-software/bsp/install/lib/debug//libmetal.a(sifive_fe310-g000_hfxosc.o)
                0x000000002001907e                __metal_driver_sifive_fe310_g000_hfxosc_set_rate_hz
 .text.__metal_driver_sifive_fe310_g000_pll_pllsel0
                0x00000000200190a2       0x1a /home/letsgrillbananas/wsFreedomStudio/embedded-software/bsp/install/lib/debug//libmetal.a(sifive_fe310-g000_pll.o)
 .text.__metal_driver_sifive_fe310_g000_pll_pllref
                0x00000000200190bc       0x1a /home/letsgrillbananas/wsFreedomStudio/embedded-software/bsp/install/lib/debug//libmetal.a(sifive_fe310-g000_pll.o)
 .text.__metal_driver_sifive_fe310_g000_pll_divider_base
                0x00000000200190d6       0x16 /home/letsgrillbananas/wsFreedomStudio/embedded-software/bsp/install/lib/debug//libmetal.a(sifive_fe310-g000_pll.o)
 .text.__metal_driver_sifive_fe310_g000_pll_divider_offset
                0x00000000200190ec       0x14 /home/letsgrillbananas/wsFreedomStudio/embedded-software/bsp/install/lib/debug//libmetal.a(sifive_fe310-g000_pll.o)
 .text.__metal_driver_sifive_fe310_g000_pll_config_base
                0x0000000020019100       0x12 /home/letsgrillbananas/wsFreedomStudio/embedded-software/bsp/install/lib/debug//libmetal.a(sifive_fe310-g000_pll.o)
 .text.__metal_driver_sifive_fe310_g000_pll_config_offset
                0x0000000020019112       0x10 /home/letsgrillbananas/wsFreedomStudio/embedded-software/bsp/install/lib/debug//libmetal.a(sifive_fe310-g000_pll.o)
 .text.__metal_driver_sifive_fe310_g000_pll_init_rate
                0x0000000020019122       0x16 /home/letsgrillbananas/wsFreedomStudio/embedded-software/bsp/install/lib/debug//libmetal.a(sifive_fe310-g000_pll.o)
 .text.__metal_driver_sifive_fe310_g000_prci_base
                0x0000000020019138       0x12 /home/letsgrillbananas/wsFreedomStudio/embedded-software/bsp/install/lib/debug//libmetal.a(sifive_fe310-g000_pll.o)
 .text.__metal_driver_sifive_fe310_g000_prci_vtable
                0x000000002001914a       0x12 /home/letsgrillbananas/wsFreedomStudio/embedded-software/bsp/install/lib/debug//libmetal.a(sifive_fe310-g000_pll.o)
 .text.get_pll_config_freq
                0x000000002001915c       0x4e /home/letsgrillbananas/wsFreedomStudio/embedded-software/bsp/install/lib/debug//libmetal.a(sifive_fe310-g000_pll.o)
 .text.__metal_driver_sifive_fe310_g000_pll_init
                0x00000000200191aa       0xac /home/letsgrillbananas/wsFreedomStudio/embedded-software/bsp/install/lib/debug//libmetal.a(sifive_fe310-g000_pll.o)
                0x00000000200191aa                __metal_driver_sifive_fe310_g000_pll_init
 .text.__metal_driver_sifive_fe310_g000_pll_get_rate_hz
                0x0000000020019256      0x17e /home/letsgrillbananas/wsFreedomStudio/embedded-software/bsp/install/lib/debug//libmetal.a(sifive_fe310-g000_pll.o)
                0x0000000020019256                __metal_driver_sifive_fe310_g000_pll_get_rate_hz
 .text.find_closest_config
                0x00000000200193d4       0xac /home/letsgrillbananas/wsFreedomStudio/embedded-software/bsp/install/lib/debug//libmetal.a(sifive_fe310-g000_pll.o)
 .text.configure_pll
                0x0000000020019480      0x1a4 /home/letsgrillbananas/wsFreedomStudio/embedded-software/bsp/install/lib/debug//libmetal.a(sifive_fe310-g000_pll.o)
 .text.__metal_driver_sifive_fe310_g000_pll_set_rate_hz
                0x0000000020019624      0x166 /home/letsgrillbananas/wsFreedomStudio/embedded-software/bsp/install/lib/debug//libmetal.a(sifive_fe310-g000_pll.o)
                0x0000000020019624                __metal_driver_sifive_fe310_g000_pll_set_rate_hz
 .text.__metal_driver_sifive_fe310_g000_prci_base
                0x000000002001978a       0x12 /home/letsgrillbananas/wsFreedomStudio/embedded-software/bsp/install/lib/debug//libmetal.a(sifive_fe310-g000_prci.o)
 .text.__metal_driver_sifive_fe310_g000_prci_get_reg
                0x000000002001979c       0x30 /home/letsgrillbananas/wsFreedomStudio/embedded-software/bsp/install/lib/debug//libmetal.a(sifive_fe310-g000_prci.o)
                0x000000002001979c                __metal_driver_sifive_fe310_g000_prci_get_reg
 .text.__metal_driver_sifive_fe310_g000_prci_set_reg
                0x00000000200197cc       0x3a /home/letsgrillbananas/wsFreedomStudio/embedded-software/bsp/install/lib/debug//libmetal.a(sifive_fe310-g000_prci.o)
                0x00000000200197cc                __metal_driver_sifive_fe310_g000_prci_set_reg
 .text.__metal_driver_sifive_gpio0_base
                0x0000000020019806       0x26 /home/letsgrillbananas/wsFreedomStudio/embedded-software/bsp/install/lib/debug//libmetal.a(sifive_gpio0.o)
 .text.__metal_driver_sifive_gpio0_interrupt_parent
                0x000000002001982c       0x2a /home/letsgrillbananas/wsFreedomStudio/embedded-software/bsp/install/lib/debug//libmetal.a(sifive_gpio0.o)
 .text.__metal_driver_sifive_gpio0_interrupt_lines
                0x0000000020019856      0x35e /home/letsgrillbananas/wsFreedomStudio/embedded-software/bsp/install/lib/debug//libmetal.a(sifive_gpio0.o)
 .text.__metal_driver_sifive_gpio0_enable_input
                0x0000000020019bb4       0x40 /home/letsgrillbananas/wsFreedomStudio/embedded-software/bsp/install/lib/debug//libmetal.a(sifive_gpio0.o)
                0x0000000020019bb4                __metal_driver_sifive_gpio0_enable_input
 .text.__metal_driver_sifive_gpio0_disable_input
                0x0000000020019bf4       0x46 /home/letsgrillbananas/wsFreedomStudio/embedded-software/bsp/install/lib/debug//libmetal.a(sifive_gpio0.o)
                0x0000000020019bf4                __metal_driver_sifive_gpio0_disable_input
 .text.__metal_driver_sifive_gpio0_input
                0x0000000020019c3a       0x2a /home/letsgrillbananas/wsFreedomStudio/embedded-software/bsp/install/lib/debug//libmetal.a(sifive_gpio0.o)
                0x0000000020019c3a                __metal_driver_sifive_gpio0_input
 .text.__metal_driver_sifive_gpio0_output
                0x0000000020019c64       0x2c /home/letsgrillbananas/wsFreedomStudio/embedded-software/bsp/install/lib/debug//libmetal.a(sifive_gpio0.o)
                0x0000000020019c64                __metal_driver_sifive_gpio0_output
 .text.__metal_driver_sifive_gpio0_disable_output
                0x0000000020019c90       0x46 /home/letsgrillbananas/wsFreedomStudio/embedded-software/bsp/install/lib/debug//libmetal.a(sifive_gpio0.o)
                0x0000000020019c90                __metal_driver_sifive_gpio0_disable_output
 .text.__metal_driver_sifive_gpio0_enable_output
                0x0000000020019cd6       0x40 /home/letsgrillbananas/wsFreedomStudio/embedded-software/bsp/install/lib/debug//libmetal.a(sifive_gpio0.o)
                0x0000000020019cd6                __metal_driver_sifive_gpio0_enable_output
 .text.__metal_driver_sifive_gpio0_output_set
                0x0000000020019d16       0x40 /home/letsgrillbananas/wsFreedomStudio/embedded-software/bsp/install/lib/debug//libmetal.a(sifive_gpio0.o)
                0x0000000020019d16                __metal_driver_sifive_gpio0_output_set
 .text.__metal_driver_sifive_gpio0_output_clear
                0x0000000020019d56       0x46 /home/letsgrillbananas/wsFreedomStudio/embedded-software/bsp/install/lib/debug//libmetal.a(sifive_gpio0.o)
                0x0000000020019d56                __metal_driver_sifive_gpio0_output_clear
 .text.__metal_driver_sifive_gpio0_output_toggle
                0x0000000020019d9c       0x40 /home/letsgrillbananas/wsFreedomStudio/embedded-software/bsp/install/lib/debug//libmetal.a(sifive_gpio0.o)
                0x0000000020019d9c                __metal_driver_sifive_gpio0_output_toggle
 .text.__metal_driver_sifive_gpio0_enable_io
                0x0000000020019ddc       0x62 /home/letsgrillbananas/wsFreedomStudio/embedded-software/bsp/install/lib/debug//libmetal.a(sifive_gpio0.o)
                0x0000000020019ddc                __metal_driver_sifive_gpio0_enable_io
 .text.__metal_driver_sifive_gpio0_disable_io
                0x0000000020019e3e       0x4a /home/letsgrillbananas/wsFreedomStudio/embedded-software/bsp/install/lib/debug//libmetal.a(sifive_gpio0.o)
                0x0000000020019e3e                __metal_driver_sifive_gpio0_disable_io
 .text.__metal_driver_sifive_gpio0_config_int
                0x0000000020019e88      0x206 /home/letsgrillbananas/wsFreedomStudio/embedded-software/bsp/install/lib/debug//libmetal.a(sifive_gpio0.o)
                0x0000000020019e88                __metal_driver_sifive_gpio0_config_int
 .text.__metal_driver_sifive_gpio0_clear_int
                0x000000002001a08e      0x188 /home/letsgrillbananas/wsFreedomStudio/embedded-software/bsp/install/lib/debug//libmetal.a(sifive_gpio0.o)
                0x000000002001a08e                __metal_driver_sifive_gpio0_clear_int
 .text.__metal_driver_gpio_interrupt_controller
                0x000000002001a216       0x20 /home/letsgrillbananas/wsFreedomStudio/embedded-software/bsp/install/lib/debug//libmetal.a(sifive_gpio0.o)
                0x000000002001a216                __metal_driver_gpio_interrupt_controller
 .text.__metal_driver_gpio_get_interrupt_id
                0x000000002001a236       0x2e /home/letsgrillbananas/wsFreedomStudio/embedded-software/bsp/install/lib/debug//libmetal.a(sifive_gpio0.o)
                0x000000002001a236                __metal_driver_gpio_get_interrupt_id
 .text.__metal_driver_sifive_i2c0_control_base
                0x000000002001a264       0x2a /home/letsgrillbananas/wsFreedomStudio/embedded-software/bsp/install/lib/debug//libmetal.a(sifive_i2c0.o)
 .text.__metal_driver_sifive_i2c0_clock
                0x000000002001a28e       0x2e /home/letsgrillbananas/wsFreedomStudio/embedded-software/bsp/install/lib/debug//libmetal.a(sifive_i2c0.o)
 .text.__metal_driver_sifive_i2c0_pinmux
                0x000000002001a2bc       0x2a /home/letsgrillbananas/wsFreedomStudio/embedded-software/bsp/install/lib/debug//libmetal.a(sifive_i2c0.o)
 .text.__metal_driver_sifive_i2c0_pinmux_output_selector
                0x000000002001a2e6       0x28 /home/letsgrillbananas/wsFreedomStudio/embedded-software/bsp/install/lib/debug//libmetal.a(sifive_i2c0.o)
 .text.__metal_driver_sifive_i2c0_pinmux_source_selector
                0x000000002001a30e       0x28 /home/letsgrillbananas/wsFreedomStudio/embedded-software/bsp/install/lib/debug//libmetal.a(sifive_i2c0.o)
 .text.pre_rate_change_callback
                0x000000002001a336       0x36 /home/letsgrillbananas/wsFreedomStudio/embedded-software/bsp/install/lib/debug//libmetal.a(sifive_i2c0.o)
 .text.post_rate_change_callback
                0x000000002001a36c       0x30 /home/letsgrillbananas/wsFreedomStudio/embedded-software/bsp/install/lib/debug//libmetal.a(sifive_i2c0.o)
 .text.__metal_driver_sifive_i2c0_init
                0x000000002001a39c       0x94 /home/letsgrillbananas/wsFreedomStudio/embedded-software/bsp/install/lib/debug//libmetal.a(sifive_i2c0.o)
 .text.__metal_driver_sifive_i2c0_get_baud_rate
                0x000000002001a430       0x20 /home/letsgrillbananas/wsFreedomStudio/embedded-software/bsp/install/lib/debug//libmetal.a(sifive_i2c0.o)
 .text.__metal_driver_sifive_i2c0_set_baud_rate
                0x000000002001a450      0x156 /home/letsgrillbananas/wsFreedomStudio/embedded-software/bsp/install/lib/debug//libmetal.a(sifive_i2c0.o)
 .text.__metal_driver_sifive_i2c0_write_addr
                0x000000002001a5a6      0x148 /home/letsgrillbananas/wsFreedomStudio/embedded-software/bsp/install/lib/debug//libmetal.a(sifive_i2c0.o)
 .text.__metal_driver_sifive_i2c0_write
                0x000000002001a6ee      0x168 /home/letsgrillbananas/wsFreedomStudio/embedded-software/bsp/install/lib/debug//libmetal.a(sifive_i2c0.o)
 .text.__metal_driver_sifive_i2c0_read
                0x000000002001a856      0x158 /home/letsgrillbananas/wsFreedomStudio/embedded-software/bsp/install/lib/debug//libmetal.a(sifive_i2c0.o)
 .text.__metal_driver_sifive_i2c0_transfer
                0x000000002001a9ae      0x260 /home/letsgrillbananas/wsFreedomStudio/embedded-software/bsp/install/lib/debug//libmetal.a(sifive_i2c0.o)
 .text.__metal_driver_sifive_uart0_control_base
                0x000000002001ac0e       0x40 /home/letsgrillbananas/wsFreedomStudio/embedded-software/bsp/install/lib/debug//libmetal.a(sifive_uart0.o)
 .text.__metal_driver_sifive_uart0_interrupt_parent
                0x000000002001ac4e       0x48 /home/letsgrillbananas/wsFreedomStudio/embedded-software/bsp/install/lib/debug//libmetal.a(sifive_uart0.o)
 .text.__metal_driver_sifive_uart0_interrupt_line
                0x000000002001ac96       0x3c /home/letsgrillbananas/wsFreedomStudio/embedded-software/bsp/install/lib/debug//libmetal.a(sifive_uart0.o)
 .text.__metal_driver_sifive_uart0_clock
                0x000000002001acd2       0x48 /home/letsgrillbananas/wsFreedomStudio/embedded-software/bsp/install/lib/debug//libmetal.a(sifive_uart0.o)
 .text.__metal_driver_sifive_uart0_pinmux
                0x000000002001ad1a       0x40 /home/letsgrillbananas/wsFreedomStudio/embedded-software/bsp/install/lib/debug//libmetal.a(sifive_uart0.o)
 .text.__metal_driver_sifive_uart0_pinmux_output_selector
                0x000000002001ad5a       0x3c /home/letsgrillbananas/wsFreedomStudio/embedded-software/bsp/install/lib/debug//libmetal.a(sifive_uart0.o)
 .text.__metal_driver_sifive_uart0_pinmux_source_selector
                0x000000002001ad96       0x40 /home/letsgrillbananas/wsFreedomStudio/embedded-software/bsp/install/lib/debug//libmetal.a(sifive_uart0.o)
 .text.__metal_driver_sifive_uart0_interrupt_controller
                0x000000002001add6       0x20 /home/letsgrillbananas/wsFreedomStudio/embedded-software/bsp/install/lib/debug//libmetal.a(sifive_uart0.o)
                0x000000002001add6                __metal_driver_sifive_uart0_interrupt_controller
 .text.__metal_driver_sifive_uart0_get_interrupt_id
                0x000000002001adf6       0x20 /home/letsgrillbananas/wsFreedomStudio/embedded-software/bsp/install/lib/debug//libmetal.a(sifive_uart0.o)
                0x000000002001adf6                __metal_driver_sifive_uart0_get_interrupt_id
 .text.__metal_driver_sifive_uart0_tx_interrupt_enable
                0x000000002001ae16       0x3a /home/letsgrillbananas/wsFreedomStudio/embedded-software/bsp/install/lib/debug//libmetal.a(sifive_uart0.o)
                0x000000002001ae16                __metal_driver_sifive_uart0_tx_interrupt_enable
 .text.__metal_driver_sifive_uart0_tx_interrupt_disable
                0x000000002001ae50       0x38 /home/letsgrillbananas/wsFreedomStudio/embedded-software/bsp/install/lib/debug//libmetal.a(sifive_uart0.o)
                0x000000002001ae50                __metal_driver_sifive_uart0_tx_interrupt_disable
 .text.__metal_driver_sifive_uart0_rx_interrupt_enable
                0x000000002001ae88       0x3a /home/letsgrillbananas/wsFreedomStudio/embedded-software/bsp/install/lib/debug//libmetal.a(sifive_uart0.o)
                0x000000002001ae88                __metal_driver_sifive_uart0_rx_interrupt_enable
 .text.__metal_driver_sifive_uart0_rx_interrupt_disable
                0x000000002001aec2       0x38 /home/letsgrillbananas/wsFreedomStudio/embedded-software/bsp/install/lib/debug//libmetal.a(sifive_uart0.o)
                0x000000002001aec2                __metal_driver_sifive_uart0_rx_interrupt_disable
 .text.__metal_driver_sifive_uart0_txready
                0x000000002001aefa       0x30 /home/letsgrillbananas/wsFreedomStudio/embedded-software/bsp/install/lib/debug//libmetal.a(sifive_uart0.o)
                0x000000002001aefa                __metal_driver_sifive_uart0_txready
 .text.__metal_driver_sifive_uart0_set_tx_watermark
                0x000000002001af2a       0x4a /home/letsgrillbananas/wsFreedomStudio/embedded-software/bsp/install/lib/debug//libmetal.a(sifive_uart0.o)
                0x000000002001af2a                __metal_driver_sifive_uart0_set_tx_watermark
 .text.__metal_driver_sifive_uart0_get_tx_watermark
                0x000000002001af74       0x30 /home/letsgrillbananas/wsFreedomStudio/embedded-software/bsp/install/lib/debug//libmetal.a(sifive_uart0.o)
                0x000000002001af74                __metal_driver_sifive_uart0_get_tx_watermark
 .text.__metal_driver_sifive_uart0_set_rx_watermark
                0x000000002001afa4       0x4a /home/letsgrillbananas/wsFreedomStudio/embedded-software/bsp/install/lib/debug//libmetal.a(sifive_uart0.o)
                0x000000002001afa4                __metal_driver_sifive_uart0_set_rx_watermark
 .text.__metal_driver_sifive_uart0_get_rx_watermark
                0x000000002001afee       0x30 /home/letsgrillbananas/wsFreedomStudio/embedded-software/bsp/install/lib/debug//libmetal.a(sifive_uart0.o)
                0x000000002001afee                __metal_driver_sifive_uart0_get_rx_watermark
 .text.__metal_driver_sifive_uart0_putc
                0x000000002001b01e       0x42 /home/letsgrillbananas/wsFreedomStudio/embedded-software/bsp/install/lib/debug//libmetal.a(sifive_uart0.o)
                0x000000002001b01e                __metal_driver_sifive_uart0_putc
 .text.__metal_driver_sifive_uart0_getc
                0x000000002001b060       0x56 /home/letsgrillbananas/wsFreedomStudio/embedded-software/bsp/install/lib/debug//libmetal.a(sifive_uart0.o)
                0x000000002001b060                __metal_driver_sifive_uart0_getc
 .text.__metal_driver_sifive_uart0_get_baud_rate
                0x000000002001b0b6       0x20 /home/letsgrillbananas/wsFreedomStudio/embedded-software/bsp/install/lib/debug//libmetal.a(sifive_uart0.o)
                0x000000002001b0b6                __metal_driver_sifive_uart0_get_baud_rate
 .text.__metal_driver_sifive_uart0_set_baud_rate
                0x000000002001b0d6       0xa0 /home/letsgrillbananas/wsFreedomStudio/embedded-software/bsp/install/lib/debug//libmetal.a(sifive_uart0.o)
                0x000000002001b0d6                __metal_driver_sifive_uart0_set_baud_rate
 .text.pre_rate_change_callback_func
                0x000000002001b176       0xd8 /home/letsgrillbananas/wsFreedomStudio/embedded-software/bsp/install/lib/debug//libmetal.a(sifive_uart0.o)
 .text.post_rate_change_callback_func
                0x000000002001b24e       0x2e /home/letsgrillbananas/wsFreedomStudio/embedded-software/bsp/install/lib/debug//libmetal.a(sifive_uart0.o)
 .text.__metal_driver_sifive_uart0_init
                0x000000002001b27c       0xd0 /home/letsgrillbananas/wsFreedomStudio/embedded-software/bsp/install/lib/debug//libmetal.a(sifive_uart0.o)
                0x000000002001b27c                __metal_driver_sifive_uart0_init
 .text._metal_clock_call_all_callbacks
                0x000000002001b34c       0x40 /home/letsgrillbananas/wsFreedomStudio/embedded-software/bsp/install/lib/debug//libmetal.a(clock.o)
                0x000000002001b34c                _metal_clock_call_all_callbacks
 .text._metal_clock_append_to_callbacks
                0x000000002001b38c       0x54 /home/letsgrillbananas/wsFreedomStudio/embedded-software/bsp/install/lib/debug//libmetal.a(clock.o)
                0x000000002001b38c                _metal_clock_append_to_callbacks
 .text.metal_clock_get_rate_hz
                0x000000002001b3e0       0x26 /home/letsgrillbananas/wsFreedomStudio/embedded-software/bsp/install/lib/debug//libmetal.a(clock.o)
                0x000000002001b3e0                metal_clock_get_rate_hz
 .text.metal_clock_set_rate_hz
                0x000000002001b406       0x4c /home/letsgrillbananas/wsFreedomStudio/embedded-software/bsp/install/lib/debug//libmetal.a(clock.o)
                0x000000002001b406                metal_clock_set_rate_hz
 .text.metal_clock_register_pre_rate_change_callback
                0x000000002001b452       0x32 /home/letsgrillbananas/wsFreedomStudio/embedded-software/bsp/install/lib/debug//libmetal.a(clock.o)
                0x000000002001b452                metal_clock_register_pre_rate_change_callback
 .text.metal_clock_register_post_rate_change_callback
                0x000000002001b484       0x32 /home/letsgrillbananas/wsFreedomStudio/embedded-software/bsp/install/lib/debug//libmetal.a(clock.o)
                0x000000002001b484                metal_clock_register_post_rate_change_callback
 .text.metal_cpu_get_timer
                0x000000002001b4b6       0x2a /home/letsgrillbananas/wsFreedomStudio/embedded-software/bsp/install/lib/debug//libmetal.a(cpu.o)
                0x000000002001b4b6                metal_cpu_get_timer
 .text.metal_cpu_get_timebase