Archive member included to satisfy reference by file (symbol)

/home/letsgrillbananas/FreedomStudio/SiFive/riscv64-unknown-elf-gcc-8.3.0-2020.04.1/bin/../lib/gcc/riscv64-unknown-elf/8.3.0/../../../../riscv64-unknown-elf/lib/rv32imac/ilp32/libc_nano.a(lib_a-printf.o)
                              /tmp/ccYEo6LZ.o (printf)
/home/letsgrillbananas/FreedomStudio/SiFive/riscv64-unknown-elf-gcc-8.3.0-2020.04.1/bin/../lib/gcc/riscv64-unknown-elf/8.3.0/../../../../riscv64-unknown-elf/lib/rv32imac/ilp32/libc_nano.a(lib_a-puts.o)
                              /tmp/ccYEo6LZ.o (puts)
/home/letsgrillbananas/FreedomStudio/SiFive/riscv64-unknown-elf-gcc-8.3.0-2020.04.1/bin/../lib/gcc/riscv64-unknown-elf/8.3.0/../../../../riscv64-unknown-elf/lib/rv32imac/ilp32/libc_nano.a(lib_a-wbuf.o)
                              /home/letsgrillbananas/FreedomStudio/SiFive/riscv64-unknown-elf-gcc-8.3.0-2020.04.1/bin/../lib/gcc/riscv64-unknown-elf/8.3.0/../../../../riscv64-unknown-elf/lib/rv32imac/ilp32/libc_nano.a(lib_a-puts.o) (__swbuf_r)
/home/letsgrillbananas/FreedomStudio/SiFive/riscv64-unknown-elf-gcc-8.3.0-2020.04.1/bin/../lib/gcc/riscv64-unknown-elf/8.3.0/../../../../riscv64-unknown-elf/lib/rv32imac/ilp32/libc_nano.a(lib_a-wsetup.o)
                              /home/letsgrillbananas/FreedomStudio/SiFive/riscv64-unknown-elf-gcc-8.3.0-2020.04.1/bin/../lib/gcc/riscv64-unknown-elf/8.3.0/../../../../riscv64-unknown-elf/lib/rv32imac/ilp32/libc_nano.a(lib_a-puts.o) (__swsetup_r)
/home/letsgrillbananas/FreedomStudio/SiFive/riscv64-unknown-elf-gcc-8.3.0-2020.04.1/bin/../lib/gcc/riscv64-unknown-elf/8.3.0/../../../../riscv64-unknown-elf/lib/rv32imac/ilp32/libc_nano.a(lib_a-fflush.o)
                              /home/letsgrillbananas/FreedomStudio/SiFive/riscv64-unknown-elf-gcc-8.3.0-2020.04.1/bin/../lib/gcc/riscv64-unknown-elf/8.3.0/../../../../riscv64-unknown-elf/lib/rv32imac/ilp32/libc_nano.a(lib_a-wbuf.o) (_fflush_r)
/home/letsgrillbananas/FreedomStudio/SiFive/riscv64-unknown-elf-gcc-8.3.0-2020.04.1/bin/../lib/gcc/riscv64-unknown-elf/8.3.0/../../../../riscv64-unknown-elf/lib/rv32imac/ilp32/libc_nano.a(lib_a-findfp.o)
                              /home/letsgrillbananas/FreedomStudio/SiFive/riscv64-unknown-elf-gcc-8.3.0-2020.04.1/bin/../lib/gcc/riscv64-unknown-elf/8.3.0/../../../../riscv64-unknown-elf/lib/rv32imac/ilp32/libc_nano.a(lib_a-printf.o) (__sinit)
/home/letsgrillbananas/FreedomStudio/SiFive/riscv64-unknown-elf-gcc-8.3.0-2020.04.1/bin/../lib/gcc/riscv64-unknown-elf/8.3.0/../../../../riscv64-unknown-elf/lib/rv32imac/ilp32/libc_nano.a(lib_a-fwalk.o)
                              /home/letsgrillbananas/FreedomStudio/SiFive/riscv64-unknown-elf-gcc-8.3.0-2020.04.1/bin/../lib/gcc/riscv64-unknown-elf/8.3.0/../../../../riscv64-unknown-elf/lib/rv32imac/ilp32/libc_nano.a(lib_a-findfp.o) (_fwalk)
/home/letsgrillbananas/FreedomStudio/SiFive/riscv64-unknown-elf-gcc-8.3.0-2020.04.1/bin/../lib/gcc/riscv64-unknown-elf/8.3.0/../../../../riscv64-unknown-elf/lib/rv32imac/ilp32/libc_nano.a(lib_a-impure.o)
                              /home/letsgrillbananas/FreedomStudio/SiFive/riscv64-unknown-elf-gcc-8.3.0-2020.04.1/bin/../lib/gcc/riscv64-unknown-elf/8.3.0/../../../../riscv64-unknown-elf/lib/rv32imac/ilp32/libc_nano.a(lib_a-fflush.o) (_global_impure_ptr)
/home/letsgrillbananas/FreedomStudio/SiFive/riscv64-unknown-elf-gcc-8.3.0-2020.04.1/bin/../lib/gcc/riscv64-unknown-elf/8.3.0/../../../../riscv64-unknown-elf/lib/rv32imac/ilp32/libc_nano.a(lib_a-makebuf.o)
                              /home/letsgrillbananas/FreedomStudio/SiFive/riscv64-unknown-elf-gcc-8.3.0-2020.04.1/bin/../lib/gcc/riscv64-unknown-elf/8.3.0/../../../../riscv64-unknown-elf/lib/rv32imac/ilp32/libc_nano.a(lib_a-wsetup.o) (__smakebuf_r)
/home/letsgrillbananas/FreedomStudio/SiFive/riscv64-unknown-elf-gcc-8.3.0-2020.04.1/bin/../lib/gcc/riscv64-unknown-elf/8.3.0/../../../../riscv64-unknown-elf/lib/rv32imac/ilp32/libc_nano.a(lib_a-memset.o)
                              /home/letsgrillbananas/FreedomStudio/SiFive/riscv64-unknown-elf-gcc-8.3.0-2020.04.1/bin/../lib/gcc/riscv64-unknown-elf/8.3.0/../../../../riscv64-unknown-elf/lib/rv32imac/ilp32/libc_nano.a(lib_a-findfp.o) (memset)
/home/letsgrillbananas/FreedomStudio/SiFive/riscv64-unknown-elf-gcc-8.3.0-2020.04.1/bin/../lib/gcc/riscv64-unknown-elf/8.3.0/../../../../riscv64-unknown-elf/lib/rv32imac/ilp32/libc_nano.a(lib_a-nano-freer.o)
                              /home/letsgrillbananas/FreedomStudio/SiFive/riscv64-unknown-elf-gcc-8.3.0-2020.04.1/bin/../lib/gcc/riscv64-unknown-elf/8.3.0/../../../../riscv64-unknown-elf/lib/rv32imac/ilp32/libc_nano.a(lib_a-wsetup.o) (_free_r)
/home/letsgrillbananas/FreedomStudio/SiFive/riscv64-unknown-elf-gcc-8.3.0-2020.04.1/bin/../lib/gcc/riscv64-unknown-elf/8.3.0/../../../../riscv64-unknown-elf/lib/rv32imac/ilp32/libc_nano.a(lib_a-nano-mallocr.o)
[...]
Memory Configuration

Name             Origin             Length             Attributes
itim             0x0000000008000000 0x0000000000002000 axrwl
ram              0x0000000080000000 0x0000000000004000 arw !xl
rom              0x0000000020010000 0x000000000006a120 xrl !aw
*default*        0x0000000000000000 0xffffffffffffffff

Linker script and memory map

LOAD /tmp/ccYEo6LZ.o
START GROUP
LOAD /home/letsgrillbananas/FreedomStudio/SiFive/riscv64-unknown-elf-gcc-8.3.0-2020.04.1/bin/../lib/gcc/riscv64-unknown-elf/8.3.0/../../../../riscv64-unknown-elf/lib/rv32imac/ilp32/libc_nano.a
LOAD /home/letsgrillbananas/FreedomStudio/SiFive/riscv64-unknown-elf-gcc-8.3.0-2020.04.1/bin/../lib/gcc/riscv64-unknown-elf/8.3.0/rv32imac/ilp32/libgcc.a
LOAD /home/letsgrillbananas/FreedomStudio/SiFive/riscv64-unknown-elf-gcc-8.3.0-2020.04.1/bin/../lib/gcc/riscv64-unknown-elf/8.3.0/../../../../riscv64-unknown-elf/lib/rv32imac/ilp32/libm.a
LOAD /home/letsgrillbananas/wsFreedomStudio/embedded-software/bsp/install/lib/debug//libmetal.a
LOAD /home/letsgrillbananas/wsFreedomStudio/embedded-software/bsp/install/lib/debug//libmetal-gloss.a
END GROUP
                0x0000000000000400                __stack_size = DEFINED (__stack_size)?__stack_size:0x400
                [!provide]                        PROVIDE (__stack_size = __stack_size)
                0x0000000000000800                __heap_size = DEFINED (__heap_size)?__heap_size:0x800
                0x0000000000000000                PROVIDE (__metal_boot_hart = 0x0)
                0x0000000000000001                PROVIDE (__metal_chicken_bit = 0x1)
                0x0000000000000000                PROVIDE (__metal_eccscrub_bit = 0x0)
                [!provide]                        PROVIDE (metal_dtim_0_memory_start = 0x80000000)
                [!provide]                        PROVIDE (metal_dtim_0_memory_end = 0x80004000)
                [!provide]                        PROVIDE (metal_itim_0_memory_start = 0x8000000)
                [!provide]                        PROVIDE (metal_itim_0_memory_end = 0x8002000)

.init           0x0000000020010000      0x2e6
 *(.text.metal.init.enter)
 .text.metal.init.enter
                0x0000000020010000       0x90 /home/letsgrillbananas/wsFreedomStudio/embedded-software/bsp/install/lib/debug//libmetal.a(entry.o)
                0x0000000020010000                _enter
 *(.text.metal.init.*)
 .text.metal.init.__register_frame_info
                0x0000000020010090        0x2 /home/letsgrillbananas/wsFreedomStudio/embedded-software/bsp/install/lib/debug//libmetal.a(entry.o)
                0x0000000020010090                __register_frame_info
 .text.metal.init.scrub
                0x0000000020010092       0xaa /home/letsgrillbananas/wsFreedomStudio/embedded-software/bsp/install/lib/debug//libmetal.a(scrub.o)
                0x0000000020010092                metal_mem_scrub
                0x00000000200100d6                __metal_before_start
 *fill*         0x000000002001013c        0x0 
 .text.metal.init.trapvec
                0x000000002001013c        0xe /home/letsgrillbananas/wsFreedomStudio/embedded-software/bsp/install/lib/debug//libmetal.a(trap.o)
                0x000000002001013c                early_trap_vector
 *(SORT_NONE(.init))
 .init          0x000000002001014a        0xe /home/letsgrillbananas/wsFreedomStudio/embedded-software/bsp/install/lib/debug//libmetal.a(synchronize_harts.o)
                0x000000002001014a                __metal_synchronize_harts
 *(.text.libgloss.start)
 .text.libgloss.start
                0x0000000020010158      0x18e /home/letsgrillbananas/wsFreedomStudio/embedded-software/bsp/install/lib/debug//libmetal-gloss.a(crt0.o)
                0x0000000020010158                _start
                0x00000000200102c4                _init
                0x00000000200102c4                _fini
                0x00000000200102c6                secondary_main

.fini
 *(SORT_NONE(.fini))

.preinit_array  0x00000000200102e8        0x0
                0x00000000200102e8                PROVIDE (__preinit_array_start = .)
 *(.preinit_array)
                0x00000000200102e8                PROVIDE (__preinit_array_end = .)

.init_array     0x00000000200102e8        0xc
                0x00000000200102e8                PROVIDE (__init_array_start = .)
 *(SORT_BY_INIT_PRIORITY(.init_array.*) SORT_BY_INIT_PRIORITY(.ctors.*))
 *(.init_array EXCLUDE_FILE(*crtend?.o *crtend.o *crtbegin?.o *crtbegin.o) .ctors)
                0x00000000200102e8                PROVIDE (__init_array_end = .)
                0x00000000200102e8                PROVIDE (metal_constructors_start = .)
 *(SORT_BY_INIT_PRIORITY(.metal.init_array.*))
 .metal.init_array.5000
                0x00000000200102e8        0x8 /home/letsgrillbananas/wsFreedomStudio/embedded-software/bsp/install/lib/debug//libmetal.a(sifive_fe310-g000_pll.o)
                0x00000000200102e8                _metal_sifive_fe310_g000_pll_init_ptr
                0x00000000200102ec                _use_hfxosc_ptr
 .metal.init_array.5000
                0x00000000200102f0        0x4 /home/letsgrillbananas/wsFreedomStudio/embedded-software/bsp/install/lib/debug//libmetal.a(tty.o)
                0x00000000200102f0                _metal_tty_init_ptr
 *(.metal.init_array)
                0x00000000200102f4                PROVIDE (metal_constructors_end = .)

.fini_array     0x00000000200102f8        0x0
                0x00000000200102f8                PROVIDE (__fini_array_start = .)
 *(SORT_BY_INIT_PRIORITY(.fini_array.*) SORT_BY_INIT_PRIORITY(.dtors.*))
 *(.fini_array EXCLUDE_FILE(*crtend?.o *crtend.o *crtbegin?.o *crtbegin.o) .dtors)
                0x00000000200102f8                PROVIDE (__fini_array_end = .)
                0x00000000200102f8                PROVIDE (metal_destructors_start = .)
 *(SORT_BY_INIT_PRIORITY(.metal.fini_array.*))
 *(.metal.fini_array)
                0x00000000200102f8                PROVIDE (metal_destructors_end = .)

.ctors          0x00000000200102f4       0x7a
 *crtbegin.o(.ctors)
 *crtbegin?.o(.ctors)
 *(EXCLUDE_FILE(*crtend?.o *crtend.o) .ctors)
 *(SORT_BY_NAME(.ctors.*))
 *(.ctors)
 *(.metal.ctors .metal.ctors.*)
 .metal.ctors   0x00000000200102f4       0x56 /home/letsgrillbananas/wsFreedomStudio/embedded-software/bsp/install/lib/debug//libmetal.a(sifive_fe310-g000_pll.o)
                0x00000000200102f4                metal_sifive_fe310_g000_pll_init
                0x0000000020010320                use_hfxosc
 .metal.ctors   0x000000002001034a       0x24 /home/letsgrillbananas/wsFreedomStudio/embedded-software/bsp/install/lib/debug//libmetal.a(tty.o)
                0x000000002001034a                metal_tty_init

.dtors
 *crtbegin.o(.dtors)
 *crtbegin?.o(.dtors)
 *(EXCLUDE_FILE(*crtend?.o *crtend.o) .dtors)
 *(SORT_BY_NAME(.dtors.*))
 *(.dtors)
 *(.metal.dtors .metal.dtors.*)

.rodata         0x0000000020010370      0xf24
 *(.rdata)
 *(.rodata .rodata.*)
 .rodata        0x0000000020010370      0x188 /tmp/ccYEo6LZ.o
 .rodata.__sf_fake_stderr
                0x00000000200104f8       0x20 /home/letsgrillbananas/FreedomStudio/SiFive/riscv64-unknown-elf-gcc-8.3.0-2020.04.1/bin/../lib/gcc/riscv64-unknown-elf/8.3.0/../../../../riscv64-unknown-elf/lib/rv32imac/ilp32/libc_nano.a(lib_a-findfp.o)
                0x00000000200104f8                __sf_fake_stderr
 .rodata.__sf_fake_stdin
                0x0000000020010518       0x20 /home/letsgrillbananas/FreedomStudio/SiFive/riscv64-unknown-elf-gcc-8.3.0-2020.04.1/bin/../lib/gcc/riscv64-unknown-elf/8.3.0/../../../../riscv64-unknown-elf/lib/rv32imac/ilp32/libc_nano.a(lib_a-findfp.o)
                0x0000000020010518                __sf_fake_stdin
 .rodata.__sf_fake_stdout
                0x0000000020010538       0x20 /home/letsgrillbananas/FreedomStudio/SiFive/riscv64-unknown-elf-gcc-8.3.0-2020.04.1/bin/../lib/gcc/riscv64-unknown-elf/8.3.0/../../../../riscv64-unknown-elf/lib/rv32imac/ilp32/libc_nano.a(lib_a-findfp.o)
                0x0000000020010538                __sf_fake_stdout
 .rodata._vfprintf_r.str1.4
                0x0000000020010558       0x13 /home/letsgrillbananas/FreedomStudio/SiFive/riscv64-unknown-elf-gcc-8.3.0-2020.04.1/bin/../lib/gcc/riscv64-unknown-elf/8.3.0/../../../../riscv64-unknown-elf/lib/rv32imac/ilp32/libc_nano.a(lib_a-nano-vfprintf.o)
 *fill*         0x000000002001056b        0x1 
 .rodata._printf_i.str1.4
                0x000000002001056c       0x28 /home/letsgrillbananas/FreedomStudio/SiFive/riscv64-unknown-elf-gcc-8.3.0-2020.04.1/bin/../lib/gcc/riscv64-unknown-elf/8.3.0/../../../../riscv64-unknown-elf/lib/rv32imac/ilp32/libc_nano.a(lib_a-nano-vfprintf_i.o)
                                         0x25 (size before relaxing)
 .rodata        0x0000000020010594       0x3c /home/letsgrillbananas/FreedomStudio/SiFive/riscv64-unknown-elf-gcc-8.3.0-2020.04.1/bin/../lib/gcc/riscv64-unknown-elf/8.3.0/rv32imac/ilp32/libgcc.a(divdf3.o)
 .rodata        0x00000000200105d0       0x3c /home/letsgrillbananas/FreedomStudio/SiFive/riscv64-unknown-elf-gcc-8.3.0-2020.04.1/bin/../lib/gcc/riscv64-unknown-elf/8.3.0/rv32imac/ilp32/libgcc.a(muldf3.o)
 .rodata        0x000000002001060c      0x100 /home/letsgrillbananas/FreedomStudio/SiFive/riscv64-unknown-elf-gcc-8.3.0-2020.04.1/bin/../lib/gcc/riscv64-unknown-elf/8.3.0/rv32imac/ilp32/libgcc.a(_clz.o)
                0x000000002001060c                __clz_tab
 .rodata.__metal_driver_vtable_riscv_clint0
                0x000000002001070c       0x64 /home/letsgrillbananas/wsFreedomStudio/embedded-software/bsp/install/lib/debug//libmetal.a(riscv_clint0.o)
                0x000000002001070c                __metal_driver_vtable_riscv_clint0
 .rodata.__metal_controller_interrupt_vector
                0x0000000020010770       0x14 /home/letsgrillbananas/wsFreedomStudio/embedded-software/bsp/install/lib/debug//libmetal.a(riscv_cpu.o)
 .rodata.__metal_local_interrupt_enable
                0x0000000020010784       0x80 /home/letsgrillbananas/wsFreedomStudio/embedded-software/bsp/install/lib/debug//libmetal.a(riscv_cpu.o)
 .rodata.__metal_driver_vtable_riscv_cpu_intc
                0x0000000020010804       0x64 /home/letsgrillbananas/wsFreedomStudio/embedded-software/bsp/install/lib/debug//libmetal.a(riscv_cpu.o)
                0x0000000020010804                __metal_driver_vtable_riscv_cpu_intc
 .rodata.__metal_driver_vtable_cpu
                0x0000000020010868       0x44 /home/letsgrillbananas/wsFreedomStudio/embedded-software/bsp/install/lib/debug//libmetal.a(riscv_cpu.o)
                0x0000000020010868                __metal_driver_vtable_cpu
 .rodata.__metal_driver_vtable_riscv_plic0
                0x00000000200108ac       0x64 /home/letsgrillbananas/wsFreedomStudio/embedded-software/bsp/install/lib/debug//libmetal.a(riscv_plic0.o)
                0x00000000200108ac                __metal_driver_vtable_riscv_plic0
 .rodata.pll_configs
                0x0000000020010910      0x880 /home/letsgrillbananas/wsFreedomStudio/embedded-software/bsp/install/lib/debug//libmetal.a(sifive_fe310-g000_pll.o)
 .rodata.__metal_driver_vtable_sifive_fe310_g000_pll
                0x0000000020011190        0xc /home/letsgrillbananas/wsFreedomStudio/embedded-software/bsp/install/lib/debug//libmetal.a(sifive_fe310-g000_pll.o)
                0x0000000020011190                __metal_driver_vtable_sifive_fe310_g000_pll
 .rodata.__metal_driver_sifive_gpio0_config_int
                0x000000002001119c       0x20 /home/letsgrillbananas/wsFreedomStudio/embedded-software/bsp/install/lib/debug//libmetal.a(sifive_gpio0.o)
 .rodata.__metal_driver_sifive_gpio0_clear_int
                0x00000000200111bc       0x20 /home/letsgrillbananas/wsFreedomStudio/embedded-software/bsp/install/lib/debug//libmetal.a(sifive_gpio0.o)
 .rodata.__metal_driver_vtable_sifive_gpio0
                0x00000000200111dc       0x3c /home/letsgrillbananas/wsFreedomStudio/embedded-software/bsp/install/lib/debug//libmetal.a(sifive_gpio0.o)
                0x00000000200111dc                __metal_driver_vtable_sifive_gpio0
 .rodata.__metal_driver_vtable_sifive_i2c0
                0x0000000020011218       0x18 /home/letsgrillbananas/wsFreedomStudio/embedded-software/bsp/install/lib/debug//libmetal.a(sifive_i2c0.o)
                0x0000000020011218                __metal_driver_vtable_sifive_i2c0
 .rodata.__metal_driver_vtable_sifive_uart0
                0x0000000020011230       0x40 /home/letsgrillbananas/wsFreedomStudio/embedded-software/bsp/install/lib/debug//libmetal.a(sifive_uart0.o)
                0x0000000020011230                __metal_driver_vtable_sifive_uart0
 .rodata.libgloss.start
                0x0000000020011270       0x11 /home/letsgrillbananas/wsFreedomStudio/embedded-software/bsp/install/lib/debug//libmetal-gloss.a(crt0.o)
 *(.gnu.linkonce.r.*)
                0x0000000020011288                . = ALIGN (0x8)
 *fill*         0x0000000020011281        0x7 
 *(.srodata.cst16)
 *(.srodata.cst8)
 *(.srodata.cst4)
 *(.srodata.cst2)
 *(.srodata .srodata.*)
 .srodata       0x0000000020011288        0xc /tmp/ccYEo6LZ.o

.itim           0x0000000008000000        0x0 load address 0x0000000020011298
 *(.itim .itim.*)
                0x0000000020011298                PROVIDE (metal_segment_itim_source_start = LOADADDR (.itim))
                0x0000000008000000                PROVIDE (metal_segment_itim_target_start = ADDR (.itim))
                0x0000000008000000                PROVIDE (metal_segment_itim_target_end = (ADDR (.itim) + SIZEOF (.itim)))

.lim            0x0000000080000000        0x0 load address 0x0000000020011298
 *(.lim .lim.*)
                0x0000000020011298                PROVIDE (metal_segment_lim_source_start = LOADADDR (.lim))
                0x0000000080000000                PROVIDE (metal_segment_lim_target_start = ADDR (.lim))
                0x0000000080000000                PROVIDE (metal_segment_lim_target_end = (ADDR (.lim) + SIZEOF (.lim)))

.text           0x0000000020011300     0x8396
 *(.text.unlikely .text.unlikely.*)
 *(.text.startup .text.startup.*)
 *(.text .text.*)
 .text.main     0x0000000020011300      0x4d6 /tmp/ccYEo6LZ.o
                0x0000000020011300                main
 .text.printf   0x00000000200117d6       0x44 /home/letsgrillbananas/FreedomStudio/SiFive/riscv64-unknown-elf-gcc-8.3.0-2020.04.1/bin/../lib/gcc/riscv64-unknown-elf/8.3.0/../../../../riscv64-unknown-elf/lib/rv32imac/ilp32/libc_nano.a(lib_a-printf.o)
                0x00000000200117d6                printf
                0x00000000200117d6                iprintf
 .text._puts_r  0x000000002001181a       0xda /home/letsgrillbananas/FreedomStudio/SiFive/riscv64-unknown-elf-gcc-8.3.0-2020.04.1/bin/../lib/gcc/riscv64-unknown-elf/8.3.0/../../../../riscv64-unknown-elf/lib/rv32imac/ilp32/libc_nano.a(lib_a-puts.o)
                0x000000002001181a                _puts_r
 .text.puts     0x00000000200118f4        0xe /home/letsgrillbananas/FreedomStudio/SiFive/riscv64-unknown-elf-gcc-8.3.0-2020.04.1/bin/../lib/gcc/riscv64-unknown-elf/8.3.0/../../../../riscv64-unknown-elf/lib/rv32imac/ilp32/libc_nano.a(lib_a-puts.o)
                0x00000000200118f4                puts
 .text.__swbuf_r
                0x0000000020011902       0xc0 /home/letsgrillbananas/FreedomStudio/SiFive/riscv64-unknown-elf-gcc-8.3.0-2020.04.1/bin/../lib/gcc/riscv64-unknown-elf/8.3.0/../../../../riscv64-unknown-elf/lib/rv32imac/ilp32/libc_nano.a(lib_a-wbuf.o)
                0x0000000020011902                __swbuf_r
 .text.__swsetup_r
                0x00000000200119c2      0x110 /home/letsgrillbananas/FreedomStudio/SiFive/riscv64-unknown-elf-gcc-8.3.0-2020.04.1/bin/../lib/gcc/riscv64-unknown-elf/8.3.0/../../../../riscv64-unknown-elf/lib/rv32imac/ilp32/libc_nano.a(lib_a-wsetup.o)
                0x00000000200119c2                __swsetup_r
 .text.__sflush_r
                0x0000000020011ad2      0x14a /home/letsgrillbananas/FreedomStudio/SiFive/riscv64-unknown-elf-gcc-8.3.0-2020.04.1/bin/../lib/gcc/riscv64-unknown-elf/8.3.0/../../../../riscv64-unknown-elf/lib/rv32imac/ilp32/libc_nano.a(lib_a-fflush.o)
                0x0000000020011ad2                __sflush_r
 .text._fflush_r
                0x0000000020011c1c       0x64 /home/letsgrillbananas/FreedomStudio/SiFive/riscv64-unknown-elf-gcc-8.3.0-2020.04.1/bin/../lib/gcc/riscv64-unknown-elf/8.3.0/../../../../riscv64-unknown-elf/lib/rv32imac/ilp32/libc_nano.a(lib_a-fflush.o)
                0x0000000020011c1c                _fflush_r
 .text.std      0x0000000020011c80       0x68 /home/letsgrillbananas/FreedomStudio/SiFive/riscv64-unknown-elf-gcc-8.3.0-2020.04.1/bin/../lib/gcc/riscv64-unknown-elf/8.3.0/../../../../riscv64-unknown-elf/lib/rv32imac/ilp32/libc_nano.a(lib_a-findfp.o)
 .text._cleanup_r
                0x0000000020011ce8        0xa /home/letsgrillbananas/FreedomStudio/SiFive/riscv64-unknown-elf-gcc-8.3.0-2020.04.1/bin/../lib/gcc/riscv64-unknown-elf/8.3.0/../../../../riscv64-unknown-elf/lib/rv32imac/ilp32/libc_nano.a(lib_a-findfp.o)
                0x0000000020011ce8                _cleanup_r
 .text.__sfmoreglue
                0x0000000020011cf2       0x44 /home/letsgrillbananas/FreedomStudio/SiFive/riscv64-unknown-elf-gcc-8.3.0-2020.04.1/bin/../lib/gcc/riscv64-unknown-elf/8.3.0/../../../../riscv64-unknown-elf/lib/rv32imac/ilp32/libc_nano.a(lib_a-findfp.o)
                0x0000000020011cf2                __sfmoreglue
 .text.__sinit  0x0000000020011d36       0x66 /home/letsgrillbananas/FreedomStudio/SiFive/riscv64-unknown-elf-gcc-8.3.0-2020.04.1/bin/../lib/gcc/riscv64-unknown-elf/8.3.0/../../../../riscv64-unknown-elf/lib/rv32imac/ilp32/libc_nano.a(lib_a-findfp.o)
                0x0000000020011d36                __sinit
 .text.__sfp    0x0000000020011d9c       0x9a /home/letsgrillbananas/FreedomStudio/SiFive/riscv64-unknown-elf-gcc-8.3.0-2020.04.1/bin/../lib/gcc/riscv64-unknown-elf/8.3.0/../../../../riscv64-unknown-elf/lib/rv32imac/ilp32/libc_nano.a(lib_a-findfp.o)
                0x0000000020011d9c                __sfp
 .text._fwalk_reent
                0x0000000020011e36       0x6c /home/letsgrillbananas/FreedomStudio/SiFive/riscv64-unknown-elf-gcc-8.3.0-2020.04.1/bin/../lib/gcc/riscv64-unknown-elf/8.3.0/../../../../riscv64-unknown-elf/lib/rv32imac/ilp32/libc_nano.a(lib_a-fwalk.o)
                0x0000000020011e36                _fwalk_reent
 .text.__swhatbuf_r
                0x0000000020011ea2       0x58 /home/letsgrillbananas/FreedomStudio/SiFive/riscv64-unknown-elf-gcc-8.3.0-2020.04.1/bin/../lib/gcc/riscv64-unknown-elf/8.3.0/../../../../riscv64-unknown-elf/lib/rv32imac/ilp32/libc_nano.a(lib_a-makebuf.o)
                0x0000000020011ea2                __swhatbuf_r
 .text.__smakebuf_r
                0x0000000020011efa       0x9c /home/letsgrillbananas/FreedomStudio/SiFive/riscv64-unknown-elf-gcc-8.3.0-2020.04.1/bin/../lib/gcc/riscv64-unknown-elf/8.3.0/../../../../riscv64-unknown-elf/lib/rv32imac/ilp32/libc_nano.a(lib_a-makebuf.o)
                0x0000000020011efa                __smakebuf_r
 .text          0x0000000020011f96       0x10 /home/letsgrillbananas/FreedomStudio/SiFive/riscv64-unknown-elf-gcc-8.3.0-2020.04.1/bin/../lib/gcc/riscv64-unknown-elf/8.3.0/../../../../riscv64-unknown-elf/lib/rv32imac/ilp32/libc_nano.a(lib_a-memset.o)
                0x0000000020011f96                memset
 .text._free_r  0x0000000020011fa6       0xac /home/letsgrillbananas/FreedomStudio/SiFive/riscv64-unknown-elf-gcc-8.3.0-2020.04.1/bin/../lib/gcc/riscv64-unknown-elf/8.3.0/../../../../riscv64-unknown-elf/lib/rv32imac/ilp32/libc_nano.a(lib_a-nano-freer.o)
                0x0000000020011fa6                _free_r
 .text._malloc_r
                0x0000000020012052       0xde /home/letsgrillbananas/FreedomStudio/SiFive/riscv64-unknown-elf-gcc-8.3.0-2020.04.1/bin/../lib/gcc/riscv64-unknown-elf/8.3.0/../../../../riscv64-unknown-elf/lib/rv32imac/ilp32/libc_nano.a(lib_a-nano-mallocr.o)
                0x0000000020012052                _malloc_r
 .text.__sfputc_r
                0x0000000020012130       0x2a /home/letsgrillbananas/FreedomStudio/SiFive/riscv64-unknown-elf-gcc-8.3.0-2020.04.1/bin/../lib/gcc/riscv64-unknown-elf/8.3.0/../../../../riscv64-unknown-elf/lib/rv32imac/ilp32/libc_nano.a(lib_a-nano-vfprintf.o)
 .text.__sfputs_r
                0x000000002001215a       0x42 /home/letsgrillbananas/FreedomStudio/SiFive/riscv64-unknown-elf-gcc-8.3.0-2020.04.1/bin/../lib/gcc/riscv64-unknown-elf/8.3.0/../../../../riscv64-unknown-elf/lib/rv32imac/ilp32/libc_nano.a(lib_a-nano-vfprintf.o)
                0x000000002001215a                __sfputs_r
 .text._vfprintf_r
                0x000000002001219c      0x298 /home/letsgrillbananas/FreedomStudio/SiFive/riscv64-unknown-elf-gcc-8.3.0-2020.04.1/bin/../lib/gcc/riscv64-unknown-elf/8.3.0/../../../../riscv64-unknown-elf/lib/rv32imac/ilp32/libc_nano.a(lib_a-nano-vfprintf.o)
                0x000000002001219c                _vfiprintf_r
                0x000000002001219c                _vfprintf_r
 .text._sbrk_r  0x0000000020012434       0x2a /home/letsgrillbananas/FreedomStudio/SiFive/riscv64-unknown-elf-gcc-8.3.0-2020.04.1/bin/../lib/gcc/riscv64-unknown-elf/8.3.0/../../../../riscv64-unknown-elf/lib/rv32imac/ilp32/libc_nano.a(lib_a-sbrkr.o)
                0x0000000020012434                _sbrk_r
 .text.__sread  0x000000002001245e       0x30 /home/letsgrillbananas/FreedomStudio/SiFive/riscv64-unknown-elf-gcc-8.3.0-2020.04.1/bin/../lib/gcc/riscv64-unknown-elf/8.3.0/../../../../riscv64-unknown-elf/lib/rv32imac/ilp32/libc_nano.a(lib_a-stdio.o)
                0x000000002001245e                __sread
 .text.__swrite
                0x000000002001248e       0x4e /home/letsgrillbananas/FreedomStudio/SiFive/riscv64-unknown-elf-gcc-8.3.0-2020.04.1/bin/../lib/gcc/riscv64-unknown-elf/8.3.0/../../../../riscv64-unknown-elf/lib/rv32imac/ilp32/libc_nano.a(lib_a-stdio.o)
                0x000000002001248e                __swrite
 .text.__sseek  0x00000000200124dc       0x36 /home/letsgrillbananas/FreedomStudio/SiFive/riscv64-unknown-elf-gcc-8.3.0-2020.04.1/bin/../lib/gcc/riscv64-unknown-elf/8.3.0/../../../../riscv64-unknown-elf/lib/rv32imac/ilp32/libc_nano.a(lib_a-stdio.o)
                0x00000000200124dc                __sseek
 .text.__sclose
                0x0000000020012512        0x6 /home/letsgrillbananas/FreedomStudio/SiFive/riscv64-unknown-elf-gcc-8.3.0-2020.04.1/bin/../lib/gcc/riscv64-unknown-elf/8.3.0/../../../../riscv64-unknown-elf/lib/rv32imac/ilp32/libc_nano.a(lib_a-stdio.o)
                0x0000000020012512                __sclose
 .text._write_r
                0x0000000020012518       0x2e /home/letsgrillbananas/FreedomStudio/SiFive/riscv64-unknown-elf-gcc-8.3.0-2020.04.1/bin/../lib/gcc/riscv64-unknown-elf/8.3.0/../../../../riscv64-unknown-elf/lib/rv32imac/ilp32/libc_nano.a(lib_a-writer.o)
                0x0000000020012518                _write_r
 .text._close_r
                0x0000000020012546       0x2a /home/letsgrillbananas/FreedomStudio/SiFive/riscv64-unknown-elf-gcc-8.3.0-2020.04.1/bin/../lib/gcc/riscv64-unknown-elf/8.3.0/../../../../riscv64-unknown-elf/lib/rv32imac/ilp32/libc_nano.a(lib_a-closer.o)
                0x0000000020012546                _close_r
 .text._fstat_r
                0x0000000020012570       0x2c /home/letsgrillbananas/FreedomStudio/SiFive/riscv64-unknown-elf-gcc-8.3.0-2020.04.1/bin/../lib/gcc/riscv64-unknown-elf/8.3.0/../../../../riscv64-unknown-elf/lib/rv32imac/ilp32/libc_nano.a(lib_a-fstatr.o)
                0x0000000020012570                _fstat_r
 .text._isatty_r
                0x000000002001259c       0x2a /home/letsgrillbananas/FreedomStudio/SiFive/riscv64-unknown-elf-gcc-8.3.0-2020.04.1/bin/../lib/gcc/riscv64-unknown-elf/8.3.0/../../../../riscv64-unknown-elf/lib/rv32imac/ilp32/libc_nano.a(lib_a-isattyr.o)
                0x000000002001259c                _isatty_r
 .text._lseek_r
                0x00000000200125c6       0x2e /home/letsgrillbananas/FreedomStudio/SiFive/riscv64-unknown-elf-gcc-8.3.0-2020.04.1/bin/../lib/gcc/riscv64-unknown-elf/8.3.0/../../../../riscv64-unknown-elf/lib/rv32imac/ilp32/libc_nano.a(lib_a-lseekr.o)
                0x00000000200125c6                _lseek_r
 .text.memchr   0x00000000200125f4       0x1a /home/letsgrillbananas/FreedomStudio/SiFive/riscv64-unknown-elf-gcc-8.3.0-2020.04.1/bin/../lib/gcc/riscv64-unknown-elf/8.3.0/../../../../riscv64-unknown-elf/lib/rv32imac/ilp32/libc_nano.a(lib_a-memchr.o)
                0x00000000200125f4                memchr
 .text.__malloc_lock
                0x000000002001260e        0x2 /home/letsgrillbananas/FreedomStudio/SiFive/riscv64-unknown-elf-gcc-8.3.0-2020.04.1/bin/../lib/gcc/riscv64-unknown-elf/8.3.0/../../../../riscv64-unknown-elf/lib/rv32imac/ilp32/libc_nano.a(lib_a-mlock.o)
                0x000000002001260e                __malloc_lock
 .text.__malloc_unlock
                0x0000000020012610        0x2 /home/letsgrillbananas/FreedomStudio/SiFive/riscv64-unknown-elf-gcc-8.3.0-2020.04.1/bin/../lib/gcc/riscv64-unknown-elf/8.3.0/../../../../riscv64-unknown-elf/lib/rv32imac/ilp32/libc_nano.a(lib_a-mlock.o)
                0x0000000020012610                __malloc_unlock
 .text._printf_common
                0x0000000020012612      0x10c /home/letsgrillbananas/FreedomStudio/SiFive/riscv64-unknown-elf-gcc-8.3.0-2020.04.1/bin/../lib/gcc/riscv64-unknown-elf/8.3.0/../../../../riscv64-unknown-elf/lib/rv32imac/ilp32/libc_nano.a(lib_a-nano-vfprintf_i.o)
                0x0000000020012612                _printf_common
 .text._printf_i
                0x000000002001271e      0x2a2 /home/letsgrillbananas/FreedomStudio/SiFive/riscv64-unknown-elf-gcc-8.3.0-2020.04.1/bin/../lib/gcc/riscv64-unknown-elf/8.3.0/../../../../riscv64-unknown-elf/lib/rv32imac/ilp32/libc_nano.a(lib_a-nano-vfprintf_i.o)
                0x000000002001271e                _printf_i
 .text._read_r  0x00000000200129c0       0x2e /home/letsgrillbananas/FreedomStudio/SiFive/riscv64-unknown-elf-gcc-8.3.0-2020.04.1/bin/../lib/gcc/riscv64-unknown-elf/8.3.0/../../../../riscv64-unknown-elf/lib/rv32imac/ilp32/libc_nano.a(lib_a-readr.o)
                0x00000000200129c0                _read_r
 .text          0x00000000200129ee      0x536 /home/letsgrillbananas/FreedomStudio/SiFive/riscv64-unknown-elf-gcc-8.3.0-2020.04.1/bin/../lib/gcc/riscv64-unknown-elf/8.3.0/rv32imac/ilp32/libgcc.a(divdf3.o)
                0x00000000200129ee                __divdf3
 .text          0x0000000020012f24      0x434 /home/letsgrillbananas/FreedomStudio/SiFive/riscv64-unknown-elf-gcc-8.3.0-2020.04.1/bin/../lib/gcc/riscv64-unknown-elf/8.3.0/rv32imac/ilp32/libgcc.a(muldf3.o)
                0x0000000020012f24                __muldf3
 .text          0x0000000020013358       0x6a /home/letsgrillbananas/FreedomStudio/SiFive/riscv64-unknown-elf-gcc-8.3.0-2020.04.1/bin/../lib/gcc/riscv64-unknown-elf/8.3.0/rv32imac/ilp32/libgcc.a(floatsidf.o)
                0x0000000020013358                __floatsidf
 .text          0x00000000200133c2       0x98 /home/letsgrillbananas/FreedomStudio/SiFive/riscv64-unknown-elf-gcc-8.3.0-2020.04.1/bin/../lib/gcc/riscv64-unknown-elf/8.3.0/rv32imac/ilp32/libgcc.a(extendsfdf2.o)
                0x00000000200133c2                __extendsfdf2
 .text          0x000000002001345a      0x122 /home/letsgrillbananas/FreedomStudio/SiFive/riscv64-unknown-elf-gcc-8.3.0-2020.04.1/bin/../lib/gcc/riscv64-unknown-elf/8.3.0/rv32imac/ilp32/libgcc.a(truncdfsf2.o)
                0x000000002001345a                __truncdfsf2
 .text          0x000000002001357c       0x3c /home/letsgrillbananas/FreedomStudio/SiFive/riscv64-unknown-elf-gcc-8.3.0-2020.04.1/bin/../lib/gcc/riscv64-unknown-elf/8.3.0/rv32imac/ilp32/libgcc.a(_clzsi2.o)
                0x000000002001357c                __clzsi2
 .text.__metal_driver_sifive_clint0_control_base
                0x00000000200135b8       0x26 /home/letsgrillbananas/wsFreedomStudio/embedded-software/bsp/install/lib/debug//libmetal.a(riscv_clint0.o)
 .text.__metal_driver_sifive_clint0_num_interrupts
                0x00000000200135de       0x24 /home/letsgrillbananas/wsFreedomStudio/embedded-software/bsp/install/lib/debug//libmetal.a(riscv_clint0.o)
 .text.__metal_driver_sifive_clint0_interrupt_parents
                0x0000000020013602       0x3c /home/letsgrillbananas/wsFreedomStudio/embedded-software/bsp/install/lib/debug//libmetal.a(riscv_clint0.o)
 .text.__metal_driver_sifive_clint0_interrupt_lines
                0x000000002001363e       0x30 /home/letsgrillbananas/wsFreedomStudio/embedded-software/bsp/install/lib/debug//libmetal.a(riscv_clint0.o)
 .text.__metal_clint0_mtime_get
                0x000000002001366e       0x9a /home/letsgrillbananas/wsFreedomStudio/embedded-software/bsp/install/lib/debug//libmetal.a(riscv_clint0.o)
                0x000000002001366e                __metal_clint0_mtime_get
 .text.__metal_driver_riscv_clint0_mtimecmp_set
                0x0000000020013708       0x96 /home/letsgrillbananas/wsFreedomStudio/embedded-software/bsp/install/lib/debug//libmetal.a(riscv_clint0.o)
                0x0000000020013708                __metal_driver_riscv_clint0_mtimecmp_set
 .text._get_cpu_intc
                0x000000002001379e       0x36 /home/letsgrillbananas/wsFreedomStudio/embedded-software/bsp/install/lib/debug//libmetal.a(riscv_clint0.o)
 .text.__metal_driver_riscv_clint0_init
                0x00000000200137d4       0x88 /home/letsgrillbananas/wsFreedomStudio/embedded-software/bsp/install/lib/debug//libmetal.a(riscv_clint0.o)
                0x00000000200137d4                __metal_driver_riscv_clint0_init
 .text.__metal_driver_riscv_clint0_register
                0x000000002001385c       0xda /home/letsgrillbananas/wsFreedomStudio/embedded-software/bsp/install/lib/debug//libmetal.a(riscv_clint0.o)
                0x000000002001385c                __metal_driver_riscv_clint0_register
 .text.__metal_driver_riscv_clint0_vector_register
                0x0000000020013936       0x28 /home/letsgrillbananas/wsFreedomStudio/embedded-software/bsp/install/lib/debug//libmetal.a(riscv_clint0.o)
                0x0000000020013936                __metal_driver_riscv_clint0_vector_register
 .text.__metal_driver_riscv_clint0_get_vector_mode
                0x000000002001395e       0x1c /home/letsgrillbananas/wsFreedomStudio/embedded-software/bsp/install/lib/debug//libmetal.a(riscv_clint0.o)
                0x000000002001395e                __metal_driver_riscv_clint0_get_vector_mode
 .text.__metal_driver_riscv_clint0_set_vector_mode
                0x000000002001397a       0x58 /home/letsgrillbananas/wsFreedomStudio/embedded-software/bsp/install/lib/debug//libmetal.a(riscv_clint0.o)
                0x000000002001397a                __metal_driver_riscv_clint0_set_vector_mode
 .text.__metal_driver_riscv_clint0_enable
                0x00000000200139d2       0xb2 /home/letsgrillbananas/wsFreedomStudio/embedded-software/bsp/install/lib/debug//libmetal.a(riscv_clint0.o)
                0x00000000200139d2                __metal_driver_riscv_clint0_enable
 .text.__metal_driver_riscv_clint0_disable
                0x0000000020013a84       0xb2 /home/letsgrillbananas/wsFreedomStudio/embedded-software/bsp/install/lib/debug//libmetal.a(riscv_clint0.o)
                0x0000000020013a84                __metal_driver_riscv_clint0_disable
 .text.__metal_driver_riscv_clint0_command_request
                0x0000000020013b36      0x136 /home/letsgrillbananas/wsFreedomStudio/embedded-software/bsp/install/lib/debug//libmetal.a(riscv_clint0.o)
                0x0000000020013b36                __metal_driver_riscv_clint0_command_request
 .text.__metal_driver_riscv_clint0_clear_interrupt
                0x0000000020013c6c       0x34 /home/letsgrillbananas/wsFreedomStudio/embedded-software/bsp/install/lib/debug//libmetal.a(riscv_clint0.o)
                0x0000000020013c6c                __metal_driver_riscv_clint0_clear_interrupt
 .text.__metal_driver_riscv_clint0_set_interrupt
                0x0000000020013ca0       0x34 /home/letsgrillbananas/wsFreedomStudio/embedded-software/bsp/install/lib/debug//libmetal.a(riscv_clint0.o)
                0x0000000020013ca0                __metal_driver_riscv_clint0_set_interrupt
 .text.__metal_driver_cpu_hartid
                0x0000000020013cd4       0x24 /home/letsgrillbananas/wsFreedomStudio/embedded-software/bsp/install/lib/debug//libmetal.a(riscv_cpu.o)
 .text.__metal_driver_cpu_timebase
                0x0000000020013cf8       0x2a /home/letsgrillbananas/wsFreedomStudio/embedded-software/bsp/install/lib/debug//libmetal.a(riscv_cpu.o)
 .text.__metal_driver_cpu_interrupt_controller
                0x0000000020013d22       0x2a /home/letsgrillbananas/wsFreedomStudio/embedded-software/bsp/install/lib/debug//libmetal.a(riscv_cpu.o)
 .text.__metal_driver_cpu_buserror
                0x0000000020013d4c       0x24 /home/letsgrillbananas/wsFreedomStudio/embedded-software/bsp/install/lib/debug//libmetal.a(riscv_cpu.o)
 .text.__metal_driver_cpu_get
                0x0000000020013d70       0x30 /home/letsgrillbananas/wsFreedomStudio/embedded-software/bsp/install/lib/debug//libmetal.a(riscv_cpu.o)
                0x0000000020013d70                __metal_driver_cpu_get
 .text.__metal_myhart_id
                0x0000000020013da0       0x1a /home/letsgrillbananas/wsFreedomStudio/embedded-software/bsp/install/lib/debug//libmetal.a(riscv_cpu.o)
                0x0000000020013da0                __metal_myhart_id
 .text.__metal_interrupt_global_enable
                0x0000000020013dba       0x18 /home/letsgrillbananas/wsFreedomStudio/embedded-software/bsp/install/lib/debug//libmetal.a(riscv_cpu.o)
                0x0000000020013dba                __metal_interrupt_global_enable
 .text.__metal_interrupt_global_disable
                0x0000000020013dd2       0x18 /home/letsgrillbananas/wsFreedomStudio/embedded-software/bsp/install/lib/debug//libmetal.a(riscv_cpu.o)
                0x0000000020013dd2                __metal_interrupt_global_disable
 .text.__metal_interrupt_software_enable
                0x0000000020013dea       0x18 /home/letsgrillbananas/wsFreedomStudio/embedded-software/bsp/install/lib/debug//libmetal.a(riscv_cpu.o)
                0x0000000020013dea                __metal_interrupt_software_enable
 .text.__metal_interrupt_software_disable
                0x0000000020013e02       0x18 /home/letsgrillbananas/wsFreedomStudio/embedded-software/bsp/install/lib/debug//libmetal.a(riscv_cpu.o)
                0x0000000020013e02                __metal_interrupt_software_disable
 .text.__metal_interrupt_timer_enable
                0x0000000020013e1a       0x1a /home/letsgrillbananas/wsFreedomStudio/embedded-software/bsp/install/lib/debug//libmetal.a(riscv_cpu.o)
                0x0000000020013e1a                __metal_interrupt_timer_enable
 .text.__metal_interrupt_timer_disable
                0x0000000020013e34       0x1a /home/letsgrillbananas/wsFreedomStudio/embedded-software/bsp/install/lib/debug//libmetal.a(riscv_cpu.o)
                0x0000000020013e34                __metal_interrupt_timer_disable
 .text.__metal_interrupt_external_enable
                0x0000000020013e4e       0x1c /home/letsgrillbananas/wsFreedomStudio/embedded-software/bsp/install/lib/debug//libmetal.a(riscv_cpu.o)
                0x0000000020013e4e                __metal_interrupt_external_enable
 .text.__metal_interrupt_external_disable
                0x0000000020013e6a       0x1c /home/letsgrillbananas/wsFreedomStudio/embedded-software/bsp/install/lib/debug//libmetal.a(riscv_cpu.o)
                0x0000000020013e6a                __metal_interrupt_external_disable
 .text.__metal_interrupt_local_enable
                0x0000000020013e86       0x2c /home/letsgrillbananas/wsFreedomStudio/embedded-software/bsp/install/lib/debug//libmetal.a(riscv_cpu.o)
                0x0000000020013e86                __metal_interrupt_local_enable
 .text.__metal_interrupt_local_disable
                0x0000000020013eb2       0x2c /home/letsgrillbananas/wsFreedomStudio/embedded-software/bsp/install/lib/debug//libmetal.a(riscv_cpu.o)
                0x0000000020013eb2                __metal_interrupt_local_disable
 .text.__metal_default_exception_handler
                0x0000000020013ede       0x18 /home/letsgrillbananas/wsFreedomStudio/embedded-software/bsp/install/lib/debug//libmetal.a(riscv_cpu.o)
                0x0000000020013ede                __metal_default_exception_handler
 .text.__metal_default_interrupt_handler
                0x0000000020013ef6       0x18 /home/letsgrillbananas/wsFreedomStudio/embedded-software/bsp/install/lib/debug//libmetal.a(riscv_cpu.o)
                0x0000000020013ef6                __metal_default_interrupt_handler
 .text.metal_interrupt_vector_handler
                0x0000000020013f0e       0x2e /home/letsgrillbananas/wsFreedomStudio/embedded-software/bsp/install/lib/debug//libmetal.a(riscv_cpu.o)
                0x0000000020013f0e                metal_interrupt_vector_handler
 .text.metal_software_interrupt_vector_handler
                0x0000000020013f3c       0x92 /home/letsgrillbananas/wsFreedomStudio/embedded-software/bsp/install/lib/debug//libmetal.a(riscv_cpu.o)
                0x0000000020013f3c                metal_software_interrupt_vector_handler
 .text.__metal_default_sw_handler
                0x0000000020013fce       0x68 /home/letsgrillbananas/wsFreedomStudio/embedded-software/bsp/install/lib/debug//libmetal.a(riscv_cpu.o)
                0x0000000020013fce                __metal_default_sw_handler
 .text.metal_timer_interrupt_vector_handler
                0x0000000020014036       0x92 /home/letsgrillbananas/wsFreedomStudio/embedded-software/bsp/install/lib/debug//libmetal.a(riscv_cpu.o)
                0x0000000020014036                metal_timer_interrupt_vector_handler
 .text.__metal_default_beu_handler
                0x00000000200140c8       0x16 /home/letsgrillbananas/wsFreedomStudio/embedded-software/bsp/install/lib/debug//libmetal.a(riscv_cpu.o)
                0x00000000200140c8                __metal_default_beu_handler
 .text.__metal_default_timer_handler
                0x00000000200140de       0x66 /home/letsgrillbananas/wsFreedomStudio/embedded-software/bsp/install/lib/debug//libmetal.a(riscv_cpu.o)
                0x00000000200140de                __metal_default_timer_handler
 *fill*         0x0000000020014144       0x3c 
 .text.__metal_exception_handler
                0x0000000020014180      0x1fa /home/letsgrillbananas/wsFreedomStudio/embedded-software/bsp/install/lib/debug//libmetal.a(riscv_cpu.o)
                0x0000000020014180                __metal_exception_handler
 .text.metal_lc0_interrupt_vector_handler
                0x000000002001437a       0x96 /home/letsgrillbananas/wsFreedomStudio/embedded-software/bsp/install/lib/debug//libmetal.a(riscv_cpu.o)
                0x000000002001437a                metal_lc0_interrupt_vector_handler
 .text.metal_lc1_interrupt_vector_handler
                0x0000000020014410       0x96 /home/letsgrillbananas/wsFreedomStudio/embedded-software/bsp/install/lib/debug//libmetal.a(riscv_cpu.o)
                0x0000000020014410                metal_lc1_interrupt_vector_handler
 .text.metal_lc2_interrupt_vector_handler
                0x00000000200144a6       0x96 /home/letsgrillbananas/wsFreedomStudio/embedded-software/bsp/install/lib/debug//libmetal.a(riscv_cpu.o)
                0x00000000200144a6                metal_lc2_interrupt_vector_handler
 .text.metal_lc3_interrupt_vector_handler
                0x000000002001453c       0x96 /home/letsgrillbananas/wsFreedomStudio/embedded-software/bsp/install/lib/debug//libmetal.a(riscv_cpu.o)
                0x000000002001453c                metal_lc3_interrupt_vector_handler
 .text.metal_lc4_interrupt_vector_handler
                0x00000000200145d2       0x96 /home/letsgrillbananas/wsFreedomStudio/embedded-software/bsp/install/lib/debug//libmetal.a(riscv_cpu.o)
                0x00000000200145d2                metal_lc4_interrupt_vector_handler
 .text.metal_lc5_interrupt_vector_handler
                0x0000000020014668       0x96 /home/letsgrillbananas/wsFreedomStudio/embedded-software/bsp/install/lib/debug//libmetal.a(riscv_cpu.o)
                0x0000000020014668                metal_lc5_interrupt_vector_handler
 .text.metal_lc6_interrupt_vector_handler
                0x00000000200146fe       0x96 /home/letsgrillbananas/wsFreedomStudio/embedded-software/bsp/install/lib/debug//libmetal.a(riscv_cpu.o)
                0x00000000200146fe                metal_lc6_interrupt_vector_handler
 .text.metal_lc7_interrupt_vector_handler
                0x0000000020014794       0x96 /home/letsgrillbananas/wsFreedomStudio/embedded-software/bsp/install/lib/debug//libmetal.a(riscv_cpu.o)
                0x0000000020014794                metal_lc7_interrupt_vector_handler
 .text.metal_lc8_interrupt_vector_handler
                0x000000002001482a       0x96 /home/letsgrillbananas/wsFreedomStudio/embedded-software/bsp/install/lib/debug//libmetal.a(riscv_cpu.o)
                0x000000002001482a                metal_lc8_interrupt_vector_handler
 .text.metal_lc9_interrupt_vector_handler
                0x00000000200148c0       0x96 /home/letsgrillbananas/wsFreedomStudio/embedded-software/bsp/install/lib/debug//libmetal.a(riscv_cpu.o)
                0x00000000200148c0                metal_lc9_interrupt_vector_handler
 .text.metal_lc10_interrupt_vector_handler
                0x0000000020014956       0x96 /home/letsgrillbananas/wsFreedomStudio/embedded-software/bsp/install/lib/debug//libmetal.a(riscv_cpu.o)
                0x0000000020014956                metal_lc10_interrupt_vector_handler
 .text.metal_lc11_interrupt_vector_handler
                0x00000000200149ec       0x96 /home/letsgrillbananas/wsFreedomStudio/embedded-software/bsp/install/lib/debug//libmetal.a(riscv_cpu.o)
                0x00000000200149ec                metal_lc11_interrupt_vector_handler
 .text.metal_lc12_interrupt_vector_handler
                0x0000000020014a82       0x96 /home/letsgrillbananas/wsFreedomStudio/embedded-software/bsp/install/lib/debug//libmetal.a(riscv_cpu.o)
                0x0000000020014a82                metal_lc12_interrupt_vector_handler
 .text.metal_lc13_interrupt_vector_handler
                0x0000000020014b18       0x96 /home/letsgrillbananas/wsFreedomStudio/embedded-software/bsp/install/lib/debug//libmetal.a(riscv_cpu.o)
                0x0000000020014b18                metal_lc13_interrupt_vector_handler
 .text.metal_lc14_interrupt_vector_handler
                0x0000000020014bae       0x96 /home/letsgrillbananas/wsFreedomStudio/embedded-software/bsp/install/lib/debug//libmetal.a(riscv_cpu.o)
                0x0000000020014bae                metal_lc14_interrupt_vector_handler
 .text.metal_lc15_interrupt_vector_handler
                0x0000000020014c44       0x96 /home/letsgrillbananas/wsFreedomStudio/embedded-software/bsp/install/lib/debug//libmetal.a(riscv_cpu.o)
                0x0000000020014c44                metal_lc15_interrupt_vector_handler
 .text.__metal_controller_interrupt_vector_mode
                0x0000000020014cda       0x50 /home/letsgrillbananas/wsFreedomStudio/embedded-software/bsp/install/lib/debug//libmetal.a(riscv_cpu.o)
                0x0000000020014cda                __metal_controller_interrupt_vector_mode
 .text.__metal_controller_interrupt_vector
                0x0000000020014d2a       0x98 /home/letsgrillbananas/wsFreedomStudio/embedded-software/bsp/install/lib/debug//libmetal.a(riscv_cpu.o)
                0x0000000020014d2a                __metal_controller_interrupt_vector
 .text.__metal_valid_interrupt_id
                0x0000000020014dc2       0x64 /home/letsgrillbananas/wsFreedomStudio/embedded-software/bsp/install/lib/debug//libmetal.a(riscv_cpu.o)
                0x0000000020014dc2                __metal_valid_interrupt_id
 .text.__metal_local_interrupt_enable
                0x0000000020014e26       0xbc /home/letsgrillbananas/wsFreedomStudio/embedded-software/bsp/install/lib/debug//libmetal.a(riscv_cpu.o)
                0x0000000020014e26                __metal_local_interrupt_enable
 .text.__metal_exception_register
                0x0000000020014ee2       0x4e /home/letsgrillbananas/wsFreedomStudio/embedded-software/bsp/install/lib/debug//libmetal.a(riscv_cpu.o)
                0x0000000020014ee2                __metal_exception_register
 .text.__metal_driver_riscv_cpu_controller_interrupt_init
                0x0000000020014f30       0xe2 /home/letsgrillbananas/wsFreedomStudio/embedded-software/bsp/install/lib/debug//libmetal.a(riscv_cpu.o)
                0x0000000020014f30                __metal_driver_riscv_cpu_controller_interrupt_init
 .text.__metal_driver_riscv_cpu_controller_interrupt_register
                0x0000000020015012      0x1d6 /home/letsgrillbananas/wsFreedomStudio/embedded-software/bsp/install/lib/debug//libmetal.a(riscv_cpu.o)
                0x0000000020015012                __metal_driver_riscv_cpu_controller_interrupt_register
 .text.__metal_driver_riscv_cpu_controller_interrupt_enable
                0x00000000200151e8       0x2c /home/letsgrillbananas/wsFreedomStudio/embedded-software/bsp/install/lib/debug//libmetal.a(riscv_cpu.o)
                0x00000000200151e8                __metal_driver_riscv_cpu_controller_interrupt_enable
 .text.__metal_driver_riscv_cpu_controller_interrupt_disable
                0x0000000020015214       0x2c /home/letsgrillbananas/wsFreedomStudio/embedded-software/bsp/install/lib/debug//libmetal.a(riscv_cpu.o)
                0x0000000020015214                __metal_driver_riscv_cpu_controller_interrupt_disable
 .text.__metal_driver_riscv_cpu_controller_get_vector_mode
                0x0000000020015240       0x1c /home/letsgrillbananas/wsFreedomStudio/embedded-software/bsp/install/lib/debug//libmetal.a(riscv_cpu.o)
                0x0000000020015240                __metal_driver_riscv_cpu_controller_get_vector_mode
 .text.__metal_driver_riscv_cpu_controller_set_vector_mode
                0x000000002001525c       0x54 /home/letsgrillbananas/wsFreedomStudio/embedded-software/bsp/install/lib/debug//libmetal.a(riscv_cpu.o)
                0x000000002001525c                __metal_driver_riscv_cpu_controller_set_vector_mode
 .text.__metal_driver_riscv_cpu_controller_command_request
                0x00000000200152b0       0x1c /home/letsgrillbananas/wsFreedomStudio/embedded-software/bsp/install/lib/debug//libmetal.a(riscv_cpu.o)
                0x00000000200152b0                __metal_driver_riscv_cpu_controller_command_request
 .text.__metal_driver_cpu_mcycle_get
                0x00000000200152cc       0x72 /home/letsgrillbananas/wsFreedomStudio/embedded-software/bsp/install/lib/debug//libmetal.a(riscv_cpu.o)
                0x00000000200152cc                __metal_driver_cpu_mcycle_get
 .text.__metal_driver_cpu_timebase_get
                0x000000002001533e       0x46 /home/letsgrillbananas/wsFreedomStudio/embedded-software/bsp/install/lib/debug//libmetal.a(riscv_cpu.o)
                0x000000002001533e                __metal_driver_cpu_timebase_get
 .text.__metal_driver_cpu_mtime_get
                0x0000000020015384       0x66 /home/letsgrillbananas/wsFreedomStudio/embedded-software/bsp/install/lib/debug//libmetal.a(riscv_cpu.o)
                0x0000000020015384                __metal_driver_cpu_mtime_get
 .text.__metal_driver_cpu_mtimecmp_set
                0x00000000200153ea       0x76 /home/letsgrillbananas/wsFreedomStudio/embedded-software/bsp/install/lib/debug//libmetal.a(riscv_cpu.o)
                0x00000000200153ea                __metal_driver_cpu_mtimecmp_set
 .text.__metal_driver_cpu_timer_controller_interrupt
                0x0000000020015460       0x16 /home/letsgrillbananas/wsFreedomStudio/embedded-software/bsp/install/lib/debug//libmetal.a(riscv_cpu.o)
                0x0000000020015460                __metal_driver_cpu_timer_controller_interrupt
 .text.__metal_driver_cpu_get_timer_interrupt_id
                0x0000000020015476       0x14 /home/letsgrillbananas/wsFreedomStudio/embedded-software/bsp/install/lib/debug//libmetal.a(riscv_cpu.o)
                0x0000000020015476                __metal_driver_cpu_get_timer_interrupt_id
 .text.__metal_driver_cpu_sw_controller_interrupt
                0x000000002001548a       0x16 /home/letsgrillbananas/wsFreedomStudio/embedded-software/bsp/install/lib/debug//libmetal.a(riscv_cpu.o)
                0x000000002001548a                __metal_driver_cpu_sw_controller_interrupt
 .text.__metal_driver_cpu_get_sw_interrupt_id
                0x00000000200154a0       0x14 /home/letsgrillbananas/wsFreedomStudio/embedded-software/bsp/install/lib/debug//libmetal.a(riscv_cpu.o)
                0x00000000200154a0                __metal_driver_cpu_get_sw_interrupt_id
 .text.__metal_driver_cpu_set_sw_ipi
                0x00000000200154b4       0x62 /home/letsgrillbananas/wsFreedomStudio/embedded-software/bsp/install/lib/debug//libmetal.a(riscv_cpu.o)
                0x00000000200154b4                __metal_driver_cpu_set_sw_ipi
 .text.__metal_driver_cpu_clear_sw_ipi
                0x0000000020015516       0x62 /home/letsgrillbananas/wsFreedomStudio/embedded-software/bsp/install/lib/debug//libmetal.a(riscv_cpu.o)
                0x0000000020015516                __metal_driver_cpu_clear_sw_ipi
 .text.__metal_driver_cpu_get_msip
                0x0000000020015578       0x60 /home/letsgrillbananas/wsFreedomStudio/embedded-software/bsp/install/lib/debug//libmetal.a(riscv_cpu.o)
                0x0000000020015578                __metal_driver_cpu_get_msip
 .text.__metal_driver_cpu_controller_interrupt
                0x00000000200155d8       0x20 /home/letsgrillbananas/wsFreedomStudio/embedded-software/bsp/install/lib/debug//libmetal.a(riscv_cpu.o)
                0x00000000200155d8                __metal_driver_cpu_controller_interrupt
 .text.__metal_driver_cpu_exception_register
                0x00000000200155f8       0x46 /home/letsgrillbananas/wsFreedomStudio/embedded-software/bsp/install/lib/debug//libmetal.a(riscv_cpu.o)
                0x00000000200155f8                __metal_driver_cpu_exception_register
 .text.__metal_driver_cpu_get_instruction_length
                0x000000002001563e       0x2e /home/letsgrillbananas/wsFreedomStudio/embedded-software/bsp/install/lib/debug//libmetal.a(riscv_cpu.o)
                0x000000002001563e                __metal_driver_cpu_get_instruction_length
 .text.__metal_driver_cpu_get_exception_pc
                0x000000002001566c       0x1e /home/letsgrillbananas/wsFreedomStudio/embedded-software/bsp/install/lib/debug//libmetal.a(riscv_cpu.o)
                0x000000002001566c                __metal_driver_cpu_get_exception_pc
 .text.__metal_driver_cpu_set_exception_pc
                0x000000002001568a       0x20 /home/letsgrillbananas/wsFreedomStudio/embedded-software/bsp/install/lib/debug//libmetal.a(riscv_cpu.o)
                0x000000002001568a                __metal_driver_cpu_set_exception_pc
 .text.__metal_driver_cpu_get_buserror
                0x00000000200156aa       0x20 /home/letsgrillbananas/wsFreedomStudio/embedded-software/bsp/install/lib/debug//libmetal.a(riscv_cpu.o)
                0x00000000200156aa                __metal_driver_cpu_get_buserror
 .text.__metal_driver_sifive_plic0_control_base
                0x00000000200156ca       0x2a /home/letsgrillbananas/wsFreedomStudio/embedded-software/bsp/install/lib/debug//libmetal.a(riscv_plic0.o)
 .text.__metal_driver_sifive_plic0_num_interrupts
                0x00000000200156f4       0x2a /home/letsgrillbananas/wsFreedomStudio/embedded-software/bsp/install/lib/debug//libmetal.a(riscv_plic0.o)
 .text.__metal_driver_sifive_plic0_max_priority
                0x000000002001571e       0x28 /home/letsgrillbananas/wsFreedomStudio/embedded-software/bsp/install/lib/debug//libmetal.a(riscv_plic0.o)
 .text.__metal_driver_sifive_plic0_interrupt_parents
                0x0000000020015746       0x28 /home/letsgrillbananas/wsFreedomStudio/embedded-software/bsp/install/lib/debug//libmetal.a(riscv_plic0.o)
 .text.__metal_driver_sifive_plic0_interrupt_lines
                0x000000002001576e       0x22 /home/letsgrillbananas/wsFreedomStudio/embedded-software/bsp/install/lib/debug//libmetal.a(riscv_plic0.o)
 .text.__metal_driver_sifive_plic0_context_ids
                0x0000000020015790       0x1e /home/letsgrillbananas/wsFreedomStudio/embedded-software/bsp/install/lib/debug//libmetal.a(riscv_plic0.o)
 .text.__metal_plic0_claim_interrupt
                0x00000000200157ae       0x3c /home/letsgrillbananas/wsFreedomStudio/embedded-software/bsp/install/lib/debug//libmetal.a(riscv_plic0.o)
                0x00000000200157ae                __metal_plic0_claim_interrupt
 .text.__metal_plic0_complete_interrupt
                0x00000000200157ea       0x46 /home/letsgrillbananas/wsFreedomStudio/embedded-software/bsp/install/lib/debug//libmetal.a(riscv_plic0.o)
                0x00000000200157ea                __metal_plic0_complete_interrupt
 .text.__metal_plic0_set_threshold
                0x0000000020015830       0x46 /home/letsgrillbananas/wsFreedomStudio/embedded-software/bsp/install/lib/debug//libmetal.a(riscv_plic0.o)
                0x0000000020015830                __metal_plic0_set_threshold
 .text.__metal_plic0_get_threshold
                0x0000000020015876       0x3a /home/letsgrillbananas/wsFreedomStudio/embedded-software/bsp/install/lib/debug//libmetal.a(riscv_plic0.o)
                0x0000000020015876                __metal_plic0_get_threshold
 .text.__metal_driver_riscv_plic0_set_priority
                0x00000000200158b0       0x62 /home/letsgrillbananas/wsFreedomStudio/embedded-software/bsp/install/lib/debug//libmetal.a(riscv_plic0.o)
                0x00000000200158b0                __metal_driver_riscv_plic0_set_priority
 .text.__metal_driver_riscv_plic0_get_priority
                0x0000000020015912       0x34 /home/letsgrillbananas/wsFreedomStudio/embedded-software/bsp/install/lib/debug//libmetal.a(riscv_plic0.o)
                0x0000000020015912                __metal_driver_riscv_plic0_get_priority
 .text.__metal_plic0_enable
                0x0000000020015946       0xa2 /home/letsgrillbananas/wsFreedomStudio/embedded-software/bsp/install/lib/debug//libmetal.a(riscv_plic0.o)
                0x0000000020015946                __metal_plic0_enable
 .text.__metal_plic0_default_handler
                0x00000000200159e8       0x18 /home/letsgrillbananas/wsFreedomStudio/embedded-software/bsp/install/lib/debug//libmetal.a(riscv_plic0.o)
                0x00000000200159e8                __metal_plic0_default_handler
 .text.__metal_plic0_handler
                0x0000000020015a00       0xa6 /home/letsgrillbananas/wsFreedomStudio/embedded-software/bsp/install/lib/debug//libmetal.a(riscv_plic0.o)
                0x0000000020015a00                __metal_plic0_handler
 .text.__metal_driver_riscv_plic0_init
                0x0000000020015aa6      0x158 /home/letsgrillbananas/wsFreedomStudio/embedded-software/bsp/install/lib/debug//libmetal.a(riscv_plic0.o)
                0x0000000020015aa6                __metal_driver_riscv_plic0_init
 .text.__metal_driver_riscv_plic0_register
                0x0000000020015bfe       0xc2 /home/letsgrillbananas/wsFreedomStudio/embedded-software/bsp/install/lib/debug//libmetal.a(riscv_plic0.o)
                0x0000000020015bfe                __metal_driver_riscv_plic0_register
 .text.__metal_driver_riscv_plic0_enable
                0x0000000020015cc0       0x50 /home/letsgrillbananas/wsFreedomStudio/embedded-software/bsp/install/lib/debug//libmetal.a(riscv_plic0.o)
                0x0000000020015cc0                __metal_driver_riscv_plic0_enable
 .text.__metal_driver_riscv_plic0_disable
                0x0000000020015d10       0x50 /home/letsgrillbananas/wsFreedomStudio/embedded-software/bsp/install/lib/debug//libmetal.a(riscv_plic0.o)
                0x0000000020015d10                __metal_driver_riscv_plic0_disable
 .text.__metal_driver_riscv_plic0_set_threshold
                0x0000000020015d60       0x30 /home/letsgrillbananas/wsFreedomStudio/embedded-software/bsp/install/lib/debug//libmetal.a(riscv_plic0.o)
                0x0000000020015d60                __metal_driver_riscv_plic0_set_threshold
 .text.__metal_driver_riscv_plic0_get_threshold
                0x0000000020015d90       0x28 /home/letsgrillbananas/wsFreedomStudio/embedded-software/bsp/install/lib/debug//libmetal.a(riscv_plic0.o)
                0x0000000020015d90                __metal_driver_riscv_plic0_get_threshold
 .text.__metal_driver_riscv_plic0_affinity_enable
                0x0000000020015db8       0x9c /home/letsgrillbananas/wsFreedomStudio/embedded-software/bsp/install/lib/debug//libmetal.a(riscv_plic0.o)
                0x0000000020015db8                __metal_driver_riscv_plic0_affinity_enable
 .text.__metal_driver_riscv_plic0_affinity_disable
                0x0000000020015e54       0x9c /home/letsgrillbananas/wsFreedomStudio/embedded-software/bsp/install/lib/debug//libmetal.a(riscv_plic0.o)
                0x0000000020015e54                __metal_driver_riscv_plic0_affinity_disable
 .text.__metal_driver_riscv_plic0_affinity_set_threshold
                0x0000000020015ef0       0x74 /home/letsgrillbananas/wsFreedomStudio/embedded-software/bsp/install/lib/debug//libmetal.a(riscv_plic0.o)
                0x0000000020015ef0                __metal_driver_riscv_plic0_affinity_set_threshold
 .text.__metal_driver_riscv_plic0_affinity_get_threshold
                0x0000000020015f64       0x28 /home/letsgrillbananas/wsFreedomStudio/embedded-software/bsp/install/lib/debug//libmetal.a(riscv_plic0.o)
                0x0000000020015f64                __metal_driver_riscv_plic0_affinity_get_threshold
 .text.__metal_driver_sifive_fe310_g000_hfrosc_ref
                0x0000000020015f8c       0x1a /home/letsgrillbananas/wsFreedomStudio/embedded-software/bsp/install/lib/debug//libmetal.a(sifive_fe310-g000_hfrosc.o)
 .text.__metal_driver_sifive_fe310_g000_hfrosc_config_base
                0x0000000020015fa6       0x16 /home/letsgrillbananas/wsFreedomStudio/embedded-software/bsp/install/lib/debug//libmetal.a(sifive_fe310-g000_hfrosc.o)
 .text.__metal_driver_sifive_fe310_g000_hfrosc_config_offset
                0x0000000020015fbc       0x14 /home/letsgrillbananas/wsFreedomStudio/embedded-software/bsp/install/lib/debug//libmetal.a(sifive_fe310-g000_hfrosc.o)
 .text.__metal_driver_sifive_fe310_g000_prci_vtable
                0x0000000020015fd0       0x12 /home/letsgrillbananas/wsFreedomStudio/embedded-software/bsp/install/lib/debug//libmetal.a(sifive_fe310-g000_hfrosc.o)
 .text.__metal_driver_sifive_fe310_g000_hfrosc_get_rate_hz
                0x0000000020015fe2       0x84 /home/letsgrillbananas/wsFreedomStudio/embedded-software/bsp/install/lib/debug//libmetal.a(sifive_fe310-g000_hfrosc.o)
                0x0000000020015fe2                __metal_driver_sifive_fe310_g000_hfrosc_get_rate_hz
 .text.__metal_driver_sifive_fe310_g000_hfrosc_set_rate_hz
                0x0000000020016066       0x22 /home/letsgrillbananas/wsFreedomStudio/embedded-software/bsp/install/lib/debug//libmetal.a(sifive_fe310-g000_hfrosc.o)
                0x0000000020016066                __metal_driver_sifive_fe310_g000_hfrosc_set_rate_hz
 .text.__metal_driver_sifive_fe310_g000_hfxosc_ref
                0x0000000020016088       0x1a /home/letsgrillbananas/wsFreedomStudio/embedded-software/bsp/install/lib/debug//libmetal.a(sifive_fe310-g000_hfxosc.o)
 .text.__metal_driver_sifive_fe310_g000_hfxosc_config_base
                0x00000000200160a2       0x16 /home/letsgrillbananas/wsFreedomStudio/embedded-software/bsp/install/lib/debug//libmetal.a(sifive_fe310-g000_hfxosc.o)
 .text.__metal_driver_sifive_fe310_g000_hfxosc_config_offset
                0x00000000200160b8       0x14 /home/letsgrillbananas/wsFreedomStudio/embedded-software/bsp/install/lib/debug//libmetal.a(sifive_fe310-g000_hfxosc.o)
 .text.__metal_driver_sifive_fe310_g000_prci_vtable
                0x00000000200160cc       0x12 /home/letsgrillbananas/wsFreedomStudio/embedded-software/bsp/install/lib/debug//libmetal.a(sifive_fe310-g000_hfxosc.o)
 .text.__metal_driver_sifive_fe310_g000_hfxosc_get_rate_hz
                0x00000000200160de       0x74 /home/letsgrillbananas/wsFreedomStudio/embedded-software/bsp/install/lib/debug//libmetal.a(sifive_fe310-g000_hfxosc.o)
                0x00000000200160de                __metal_driver_sifive_fe310_g000_hfxosc_get_rate_hz
 .text.__metal_driver_sifive_fe310_g000_hfxosc_set_rate_hz
                0x0000000020016152       0x22 /home/letsgrillbananas/wsFreedomStudio/embedded-software/bsp/install/lib/debug//libmetal.a(sifive_fe310-g000_hfxosc.o)
                0x0000000020016152                __metal_driver_sifive_fe310_g000_hfxosc_set_rate_hz
 .text.__metal_driver_sifive_fe310_g000_pll_pllsel0
                0x0000000020016174       0x1a /home/letsgrillbananas/wsFreedomStudio/embedded-software/bsp/install/lib/debug//libmetal.a(sifive_fe310-g000_pll.o)
 .text.__metal_driver_sifive_fe310_g000_pll_pllref
                0x000000002001618e       0x1a /home/letsgrillbananas/wsFreedomStudio/embedded-software/bsp/install/lib/debug//libmetal.a(sifive_fe310-g000_pll.o)
 .text.__metal_driver_sifive_fe310_g000_pll_divider_base
                0x00000000200161a8       0x16 /home/letsgrillbananas/wsFreedomStudio/embedded-software/bsp/install/lib/debug//libmetal.a(sifive_fe310-g000_pll.o)
 .text.__metal_driver_sifive_fe310_g000_pll_divider_offset
                0x00000000200161be       0x14 /home/letsgrillbananas/wsFreedomStudio/embedded-software/bsp/install/lib/debug//libmetal.a(sifive_fe310-g000_pll.o)
 .text.__metal_driver_sifive_fe310_g000_pll_config_base
                0x00000000200161d2       0x12 /home/letsgrillbananas/wsFreedomStudio/embedded-software/bsp/install/lib/debug//libmetal.a(sifive_fe310-g000_pll.o)
 .text.__metal_driver_sifive_fe310_g000_pll_config_offset
                0x00000000200161e4       0x10 /home/letsgrillbananas/wsFreedomStudio/embedded-software/bsp/install/lib/debug//libmetal.a(sifive_fe310-g000_pll.o)
 .text.__metal_driver_sifive_fe310_g000_pll_init_rate
                0x00000000200161f4       0x16 /home/letsgrillbananas/wsFreedomStudio/embedded-software/bsp/install/lib/debug//libmetal.a(sifive_fe310-g000_pll.o)
 .text.__metal_driver_sifive_fe310_g000_prci_base
                0x000000002001620a       0x12 /home/letsgrillbananas/wsFreedomStudio/embedded-software/bsp/install/lib/debug//libmetal.a(sifive_fe310-g000_pll.o)
 .text.__metal_driver_sifive_fe310_g000_prci_vtable
                0x000000002001621c       0x12 /home/letsgrillbananas/wsFreedomStudio/embedded-software/bsp/install/lib/debug//libmetal.a(sifive_fe310-g000_pll.o)
 .text.get_pll_config_freq
                0x000000002001622e       0x4e /home/letsgrillbananas/wsFreedomStudio/embedded-software/bsp/install/lib/debug//libmetal.a(sifive_fe310-g000_pll.o)
 .text.__metal_driver_sifive_fe310_g000_pll_init
                0x000000002001627c       0xa4 /home/letsgrillbananas/wsFreedomStudio/embedded-software/bsp/install/lib/debug//libmetal.a(sifive_fe310-g000_pll.o)
                0x000000002001627c                __metal_driver_sifive_fe310_g000_pll_init
 .text.__metal_driver_sifive_fe310_g000_pll_get_rate_hz
                0x0000000020016320      0x170 /home/letsgrillbananas/wsFreedomStudio/embedded-software/bsp/install/lib/debug//libmetal.a(sifive_fe310-g000_pll.o)
                0x0000000020016320                __metal_driver_sifive_fe310_g000_pll_get_rate_hz
 .text.find_closest_config
                0x0000000020016490       0xac /home/letsgrillbananas/wsFreedomStudio/embedded-software/bsp/install/lib/debug//libmetal.a(sifive_fe310-g000_pll.o)
 .text.configure_pll
                0x000000002001653c      0x1a4 /home/letsgrillbananas/wsFreedomStudio/embedded-software/bsp/install/lib/debug//libmetal.a(sifive_fe310-g000_pll.o)
 .text.__metal_driver_sifive_fe310_g000_pll_set_rate_hz
                0x00000000200166e0      0x166 /home/letsgrillbananas/wsFreedomStudio/embedded-software/bsp/install/lib/debug//libmetal.a(sifive_fe310-g000_pll.o)
                0x00000000200166e0                __metal_driver_sifive_fe310_g000_pll_set_rate_hz
 .text.__metal_driver_sifive_fe310_g000_prci_base
                0x0000000020016846       0x12 /home/letsgrillbananas/wsFreedomStudio/embedded-software/bsp/install/lib/debug//libmetal.a(sifive_fe310-g000_prci.o)
 .text.__metal_driver_sifive_fe310_g000_prci_get_reg
                0x0000000020016858       0x2e /home/letsgrillbananas/wsFreedomStudio/embedded-software/bsp/install/lib/debug//libmetal.a(sifive_fe310-g000_prci.o)
                0x0000000020016858                __metal_driver_sifive_fe310_g000_prci_get_reg
 .text.__metal_driver_sifive_fe310_g000_prci_set_reg
                0x0000000020016886       0x38 /home/letsgrillbananas/wsFreedomStudio/embedded-software/bsp/install/lib/debug//libmetal.a(sifive_fe310-g000_prci.o)
                0x0000000020016886                __metal_driver_sifive_fe310_g000_prci_set_reg
 .text.__metal_driver_sifive_gpio0_base
                0x00000000200168be       0x26 /home/letsgrillbananas/wsFreedomStudio/embedded-software/bsp/install/lib/debug//libmetal.a(sifive_gpio0.o)
 .text.__metal_driver_sifive_gpio0_interrupt_parent
                0x00000000200168e4       0x2a /home/letsgrillbananas/wsFreedomStudio/embedded-software/bsp/install/lib/debug//libmetal.a(sifive_gpio0.o)
 .text.__metal_driver_sifive_gpio0_interrupt_lines
                0x000000002001690e      0x35e /home/letsgrillbananas/wsFreedomStudio/embedded-software/bsp/install/lib/debug//libmetal.a(sifive_gpio0.o)
 .text.__metal_driver_sifive_gpio0_enable_input
                0x0000000020016c6c       0x40 /home/letsgrillbananas/wsFreedomStudio/embedded-software/bsp/install/lib/debug//libmetal.a(sifive_gpio0.o)
                0x0000000020016c6c                __metal_driver_sifive_gpio0_enable_input
 .text.__metal_driver_sifive_gpio0_disable_input
                0x0000000020016cac       0x46 /home/letsgrillbananas/wsFreedomStudio/embedded-software/bsp/install/lib/debug//libmetal.a(sifive_gpio0.o)
                0x0000000020016cac                __metal_driver_sifive_gpio0_disable_input
 .text.__metal_driver_sifive_gpio0_input
                0x0000000020016cf2       0x2a /home/letsgrillbananas/wsFreedomStudio/embedded-software/bsp/install/lib/debug//libmetal.a(sifive_gpio0.o)
                0x0000000020016cf2                __metal_driver_sifive_gpio0_input
 .text.__metal_driver_sifive_gpio0_output
                0x0000000020016d1c       0x2c /home/letsgrillbananas/wsFreedomStudio/embedded-software/bsp/install/lib/debug//libmetal.a(sifive_gpio0.o)
                0x0000000020016d1c                __metal_driver_sifive_gpio0_output
 .text.__metal_driver_sifive_gpio0_disable_output
                0x0000000020016d48       0x46 /home/letsgrillbananas/wsFreedomStudio/embedded-software/bsp/install/lib/debug//libmetal.a(sifive_gpio0.o)
                0x0000000020016d48                __metal_driver_sifive_gpio0_disable_output
 .text.__metal_driver_sifive_gpio0_enable_output
                0x0000000020016d8e       0x40 /home/letsgrillbananas/wsFreedomStudio/embedded-software/bsp/install/lib/debug//libmetal.a(sifive_gpio0.o)
                0x0000000020016d8e                __metal_driver_sifive_gpio0_enable_output
 .text.__metal_driver_sifive_gpio0_output_set
                0x0000000020016dce       0x40 /home/letsgrillbananas/wsFreedomStudio/embedded-software/bsp/install/lib/debug//libmetal.a(sifive_gpio0.o)
                0x0000000020016dce                __metal_driver_sifive_gpio0_output_set
 .text.__metal_driver_sifive_gpio0_output_clear
                0x0000000020016e0e       0x46 /home/letsgrillbananas/wsFreedomStudio/embedded-software/bsp/install/lib/debug//libmetal.a(sifive_gpio0.o)
                0x0000000020016e0e                __metal_driver_sifive_gpio0_output_clear
 .text.__metal_driver_sifive_gpio0_output_toggle
                0x0000000020016e54       0x40 /home/letsgrillbananas/wsFreedomStudio/embedded-software/bsp/install/lib/debug//libmetal.a(sifive_gpio0.o)
                0x0000000020016e54                __metal_driver_sifive_gpio0_output_toggle
 .text.__metal_driver_sifive_gpio0_enable_io
                0x0000000020016e94       0x62 /home/letsgrillbananas/wsFreedomStudio/embedded-software/bsp/install/lib/debug//libmetal.a(sifive_gpio0.o)
                0x0000000020016e94                __metal_driver_sifive_gpio0_enable_io
 .text.__metal_driver_sifive_gpio0_disable_io
                0x0000000020016ef6       0x4a /home/letsgrillbananas/wsFreedomStudio/embedded-software/bsp/install/lib/debug//libmetal.a(sifive_gpio0.o)
                0x0000000020016ef6                __metal_driver_sifive_gpio0_disable_io
 .text.__metal_driver_sifive_gpio0_config_int
                0x0000000020016f40      0x206 /home/letsgrillbananas/wsFreedomStudio/embedded-software/bsp/install/lib/debug//libmetal.a(sifive_gpio0.o)
                0x0000000020016f40                __metal_driver_sifive_gpio0_config_int
 .text.__metal_driver_sifive_gpio0_clear_int
                0x0000000020017146      0x188 /home/letsgrillbananas/wsFreedomStudio/embedded-software/bsp/install/lib/debug//libmetal.a(sifive_gpio0.o)
                0x0000000020017146                __metal_driver_sifive_gpio0_clear_int
 .text.__metal_driver_gpio_interrupt_controller
                0x00000000200172ce       0x20 /home/letsgrillbananas/wsFreedomStudio/embedded-software/bsp/install/lib/debug//libmetal.a(sifive_gpio0.o)
                0x00000000200172ce                __metal_driver_gpio_interrupt_controller
 .text.__metal_driver_gpio_get_interrupt_id
                0x00000000200172ee       0x2e /home/letsgrillbananas/wsFreedomStudio/embedded-software/bsp/install/lib/debug//libmetal.a(sifive_gpio0.o)
                0x00000000200172ee                __metal_driver_gpio_get_interrupt_id
 .text.__metal_driver_sifive_i2c0_control_base
                0x000000002001731c       0x2a /home/letsgrillbananas/wsFreedomStudio/embedded-software/bsp/install/lib/debug//libmetal.a(sifive_i2c0.o)
 .text.__metal_driver_sifive_i2c0_clock
                0x0000000020017346       0x2e /home/letsgrillbananas/wsFreedomStudio/embedded-software/bsp/install/lib/debug//libmetal.a(sifive_i2c0.o)
 .text.__metal_driver_sifive_i2c0_pinmux
                0x0000000020017374       0x2a /home/letsgrillbananas/wsFreedomStudio/embedded-software/bsp/install/lib/debug//libmetal.a(sifive_i2c0.o)
 .text.__metal_driver_sifive_i2c0_pinmux_output_selector
                0x000000002001739e       0x28 /home/letsgrillbananas/wsFreedomStudio/embedded-software/bsp/install/lib/debug//libmetal.a(sifive_i2c0.o)
 .text.__metal_driver_sifive_i2c0_pinmux_source_selector
                0x00000000200173c6       0x28 /home/letsgrillbananas/wsFreedomStudio/embedded-software/bsp/install/lib/debug//libmetal.a(sifive_i2c0.o)
 .text.pre_rate_change_callback
                0x00000000200173ee       0x34 /home/letsgrillbananas/wsFreedomStudio/embedded-software/bsp/install/lib/debug//libmetal.a(sifive_i2c0.o)
 .text.post_rate_change_callback
                0x0000000020017422       0x30 /home/letsgrillbananas/wsFreedomStudio/embedded-software/bsp/install/lib/debug//libmetal.a(sifive_i2c0.o)
 .text.__metal_driver_sifive_i2c0_init
                0x0000000020017452       0x8e /home/letsgrillbananas/wsFreedomStudio/embedded-software/bsp/install/lib/debug//libmetal.a(sifive_i2c0.o)
 .text.__metal_driver_sifive_i2c0_get_baud_rate
                0x00000000200174e0       0x20 /home/letsgrillbananas/wsFreedomStudio/embedded-software/bsp/install/lib/debug//libmetal.a(sifive_i2c0.o)
 .text.__metal_driver_sifive_i2c0_set_baud_rate
                0x0000000020017500      0x156 /home/letsgrillbananas/wsFreedomStudio/embedded-software/bsp/install/lib/debug//libmetal.a(sifive_i2c0.o)
 .text.__metal_driver_sifive_i2c0_write_addr
                0x0000000020017656      0x148 /home/letsgrillbananas/wsFreedomStudio/embedded-software/bsp/install/lib/debug//libmetal.a(sifive_i2c0.o)
 .text.__metal_driver_sifive_i2c0_write
                0x000000002001779e      0x168 /home/letsgrillbananas/wsFreedomStudio/embedded-software/bsp/install/lib/debug//libmetal.a(sifive_i2c0.o)
 .text.__metal_driver_sifive_i2c0_read
                0x0000000020017906      0x158 /home/letsgrillbananas/wsFreedomStudio/embedded-software/bsp/install/lib/debug//libmetal.a(sifive_i2c0.o)
 .text.__metal_driver_sifive_i2c0_transfer
                0x0000000020017a5e      0x260 /home/letsgrillbananas/wsFreedomStudio/embedded-software/bsp/install/lib/debug//libmetal.a(sifive_i2c0.o)
 .text.__metal_driver_sifive_uart0_control_base
                0x0000000020017cbe       0x40 /home/letsgrillbananas/wsFreedomStudio/embedded-software/bsp/install/lib/debug//libmetal.a(sifive_uart0.o)
 .text.__metal_driver_sifive_uart0_interrupt_parent
                0x0000000020017cfe       0x48 /home/letsgrillbananas/wsFreedomStudio/embedded-software/bsp/install/lib/debug//libmetal.a(sifive_uart0.o)
 .text.__metal_driver_sifive_uart0_interrupt_line
                0x0000000020017d46       0x3c /home/letsgrillbananas/wsFreedomStudio/embedded-software/bsp/install/lib/debug//libmetal.a(sifive_uart0.o)
 .text.__metal_driver_sifive_uart0_clock
                0x0000000020017d82       0x48 /home/letsgrillbananas/wsFreedomStudio/embedded-software/bsp/install/lib/debug//libmetal.a(sifive_uart0.o)
 .text.__metal_driver_sifive_uart0_pinmux
                0x0000000020017dca       0x40 /home/letsgrillbananas/wsFreedomStudio/embedded-software/bsp/install/lib/debug//libmetal.a(sifive_uart0.o)
 .text.__metal_driver_sifive_uart0_pinmux_output_selector
                0x0000000020017e0a       0x3c /home/letsgrillbananas/wsFreedomStudio/embedded-software/bsp/install/lib/debug//libmetal.a(sifive_uart0.o)
 .text.__metal_driver_sifive_uart0_pinmux_source_selector
                0x0000000020017e46       0x40 /home/letsgrillbananas/wsFreedomStudio/embedded-software/bsp/install/lib/debug//libmetal.a(sifive_uart0.o)
 .text.__metal_driver_sifive_uart0_interrupt_controller
                0x0000000020017e86       0x20 /home/letsgrillbananas/wsFreedomStudio/embedded-software/bsp/install/lib/debug//libmetal.a(sifive_uart0.o)
                0x0000000020017e86                __metal_driver_sifive_uart0_interrupt_controller
 .text.__metal_driver_sifive_uart0_get_interrupt_id
                0x0000000020017ea6       0x20 /home/letsgrillbananas/wsFreedomStudio/embedded-software/bsp/install/lib/debug//libmetal.a(sifive_uart0.o)
                0x0000000020017ea6                __metal_driver_sifive_uart0_get_interrupt_id
 .text.__metal_driver_sifive_uart0_tx_interrupt_enable
                0x0000000020017ec6       0x3a /home/letsgrillbananas/wsFreedomStudio/embedded-software/bsp/install/lib/debug//libmetal.a(sifive_uart0.o)
                0x0000000020017ec6                __metal_driver_sifive_uart0_tx_interrupt_enable
 .text.__metal_driver_sifive_uart0_tx_interrupt_disable
                0x0000000020017f00       0x38 /home/letsgrillbananas/wsFreedomStudio/embedded-software/bsp/install/lib/debug//libmetal.a(sifive_uart0.o)
                0x0000000020017f00                __metal_driver_sifive_uart0_tx_interrupt_disable
 .text.__metal_driver_sifive_uart0_rx_interrupt_enable
                0x0000000020017f38       0x3a /home/letsgrillbananas/wsFreedomStudio/embedded-software/bsp/install/lib/debug//libmetal.a(sifive_uart0.o)
                0x0000000020017f38                __metal_driver_sifive_uart0_rx_interrupt_enable
 .text.__metal_driver_sifive_uart0_rx_interrupt_disable
                0x0000000020017f72       0x38 /home/letsgrillbananas/wsFreedomStudio/embedded-software/bsp/install/lib/debug//libmetal.a(sifive_uart0.o)
                0x0000000020017f72                __metal_driver_sifive_uart0_rx_interrupt_disable
 .text.__metal_driver_sifive_uart0_txready
                0x0000000020017faa       0x30 /home/letsgrillbananas/wsFreedomStudio/embedded-software/bsp/install/lib/debug//libmetal.a(sifive_uart0.o)
                0x0000000020017faa                __metal_driver_sifive_uart0_txready
 .text.__metal_driver_sifive_uart0_set_tx_watermark
                0x0000000020017fda       0x4a /home/letsgrillbananas/wsFreedomStudio/embedded-software/bsp/install/lib/debug//libmetal.a(sifive_uart0.o)
                0x0000000020017fda                __metal_driver_sifive_uart0_set_tx_watermark
 .text.__metal_driver_sifive_uart0_get_tx_watermark
                0x0000000020018024       0x30 /home/letsgrillbananas/wsFreedomStudio/embedded-software/bsp/install/lib/debug//libmetal.a(sifive_uart0.o)
                0x0000000020018024                __metal_driver_sifive_uart0_get_tx_watermark
 .text.__metal_driver_sifive_uart0_set_rx_watermark
                0x0000000020018054       0x4a /home/letsgrillbananas/wsFreedomStudio/embedded-software/bsp/install/lib/debug//libmetal.a(sifive_uart0.o)
                0x0000000020018054                __metal_driver_sifive_uart0_set_rx_watermark
 .text.__metal_driver_sifive_uart0_get_rx_watermark
                0x000000002001809e       0x30 /home/letsgrillbananas/wsFreedomStudio/embedded-software/bsp/install/lib/debug//libmetal.a(sifive_uart0.o)
                0x000000002001809e                __metal_driver_sifive_uart0_get_rx_watermark
 .text.__metal_driver_sifive_uart0_putc
                0x00000000200180ce       0x42 /home/letsgrillbananas/wsFreedomStudio/embedded-software/bsp/install/lib/debug//libmetal.a(sifive_uart0.o)
                0x00000000200180ce                __metal_driver_sifive_uart0_putc
 .text.__metal_driver_sifive_uart0_getc
                0x0000000020018110       0x56 /home/letsgrillbananas/wsFreedomStudio/embedded-software/bsp/install/lib/debug//libmetal.a(sifive_uart0.o)
                0x0000000020018110                __metal_driver_sifive_uart0_getc
 .text.__metal_driver_sifive_uart0_get_baud_rate
                0x0000000020018166       0x20 /home/letsgrillbananas/wsFreedomStudio/embedded-software/bsp/install/lib/debug//libmetal.a(sifive_uart0.o)
                0x0000000020018166                __metal_driver_sifive_uart0_get_baud_rate
 .text.__metal_driver_sifive_uart0_set_baud_rate
                0x0000000020018186       0xa0 /home/letsgrillbananas/wsFreedomStudio/embedded-software/bsp/install/lib/debug//libmetal.a(sifive_uart0.o)
                0x0000000020018186                __metal_driver_sifive_uart0_set_baud_rate
 .text.pre_rate_change_callback_func
                0x0000000020018226       0xd8 /home/letsgrillbananas/wsFreedomStudio/embedded-software/bsp/install/lib/debug//libmetal.a(sifive_uart0.o)
 .text.post_rate_change_callback_func
                0x00000000200182fe       0x2e /home/letsgrillbananas/wsFreedomStudio/embedded-software/bsp/install/lib/debug//libmetal.a(sifive_uart0.o)
 .text.__metal_driver_sifive_uart0_init
                0x000000002001832c       0xd0 /home/letsgrillbananas/wsFreedomStudio/embedded-software/bsp/install/lib/debug//libmetal.a(sifive_uart0.o)
                0x000000002001832c                __metal_driver_sifive_uart0_init
 .text._metal_clock_call_all_callbacks
                0x00000000200183fc       0x40 /home/letsgrillbananas/wsFreedomStudio/embedded-software/bsp/install/lib/debug//libmetal.a(clock.o)
                0x00000000200183fc                _metal_clock_call_all_callbacks
 .text._metal_clock_append_to_callbacks
                0x000000002001843c       0x54 /home/letsgrillbananas/wsFreedomStudio/embedded-software/bsp/install/lib/debug//libmetal.a(clock.o)
                0x000000002001843c                _metal_clock_append_to_callbacks
 .text.metal_clock_get_rate_hz
                0x0000000020018490       0x26 /home/letsgrillbananas/wsFreedomStudio/embedded-software/bsp/install/lib/debug//libmetal.a(clock.o)
                0x0000000020018490                metal_clock_get_rate_hz
 .text.metal_clock_set_rate_hz
                0x00000000200184b6       0x4c /home/letsgrillbananas/wsFreedomStudio/embedded-software/bsp/install/lib/debug//libmetal.a(clock.o)
                0x00000000200184b6                metal_clock_set_rate_hz
 .text.metal_clock_register_pre_rate_change_callback
                0x0000000020018502       0x32 /home/letsgrillbananas/wsFreedomStudio/embedded-software/bsp/install/lib/debug//libmetal.a(clock.o)
                0x0000000020018502                metal_clock_register_pre_rate_change_callback
 .text.metal_clock_register_post_rate_change_callback
                0x0000000020018534       0x32 /home/letsgrillbananas/wsFreedomStudio/embedded-software/bsp/install/lib/debug//libmetal.a(clock.o)
                0x0000000020018534                metal_clock_register_post_rate_change_callback
 .text.metal_cpu_get_timer
                0x0000000020018566       0x2a /home/letsgrillbananas/wsFreedomStudio/embedded-software/bsp/install/lib/debug//libmetal.a(cpu.o)
                0x0000000020018566                metal_cpu_get_timer
 .text.metal_cpu_get_timebase
                0x0000000020018590       0x2a /home/letsgrillbananas/wsFreedomStudio/embedded-software/bsp/install/lib/debug//libmetal.a(cpu.o)
                0x0000000020018590                metal_cpu_get_timebase
 .text.metal_cpu_interrupt_controller
                0x00000000200185ba       0x26 /home/letsgrillbananas/wsFreedomStudio/embedded-software/bsp/install/lib/debug//libmetal.a(cpu.o)
                0x00000000200185ba                metal_cpu_interrupt_controller
 .text.metal_cpu_get
                0x00000000200185e0       0x2e /home/letsgrillbananas/wsFreedomStudio/embedded-software/bsp/install/lib/debug//libmetal.a(cpu.o)
                0x00000000200185e0                metal_cpu_get
 .text.metal_cpu_get_current_hartid
                0x000000002001860e       0x1a /home/letsgrillbananas/wsFreedomStudio/embedded-software/bsp/install/lib/debug//libmetal.a(cpu.o)
                0x000000002001860e                metal_cpu_get_current_hartid
 .text.metal_i2c_init
                0x0000000020018628       0x34 /home/letsgrillbananas/wsFreedomStudio/embedded-software/bsp/install/lib/debug//libmetal.a(i2c.o)
                0x0000000020018628                metal_i2c_init
 .text.metal_i2c_write
                0x000000002001865c       0x46 /home/letsgrillbananas/wsFreedomStudio/embedded-software/bsp/install/lib/debug//libmetal.a(i2c.o)
                0x000000002001865c                metal_i2c_write
 .text.metal_i2c_read
                0x00000000200186a2       0x46 /home/letsgrillbananas/wsFreedomStudio/embedded-software/bsp/install/lib/debug//libmetal.a(i2c.o)
                0x00000000200186a2                metal_i2c_read
 .text.metal_i2c_set_baud_rate
                0x00000000200186e8       0x30 /home/letsgrillbananas/wsFreedomStudio/embedded-software/bsp/install/lib/debug//libmetal.a(i2c.o)
                0x00000000200186e8                metal_i2c_set_baud_rate
 .text.metal_i2c_get_device
                0x0000000020018718       0x2e /home/letsgrillbananas/wsFreedomStudio/embedded-software/bsp/install/lib/debug//libmetal.a(i2c.o)
                0x0000000020018718                metal_i2c_get_device
 .text.metal_shutdown
                0x0000000020018746        0xe /home/letsgrillbananas/wsFreedomStudio/embedded-software/bsp/install/lib/debug//libmetal.a(shutdown.o)
                0x0000000020018746                metal_shutdown
 .text.metal_gettimeofday
                0x0000000020018754       0xe6 /home/letsgrillbananas/wsFreedomStudio/embedded-software/bsp/install/lib/debug//libmetal.a(time.o)
                0x0000000020018754                metal_gettimeofday
 .text.metal_time
                0x000000002001883a       0x3a /home/letsgrillbananas/wsFreedomStudio/embedded-software/bsp/install/lib/debug//libmetal.a(time.o)
                0x000000002001883a                metal_time
 .text.metal_uart_init
                0x0000000020018874       0x2c /home/letsgrillbananas/wsFreedomStudio/embedded-software/bsp/install/lib/debug//libmetal.a(uart.o)
                0x0000000020018874                metal_uart_init
 .text.metal_uart_putc
                0x00000000200188a0       0x2e /home/letsgrillbananas/wsFreedomStudio/embedded-software/bsp/install/lib/debug//libmetal.a(uart.o)
                0x00000000200188a0                metal_uart_putc
 .text.metal_uart_set_baud_rate
                0x00000000200188ce       0x2e /home/letsgrillbananas/wsFreedomStudio/embedded-software/bsp/install/lib/debug//libmetal.a(uart.o)
                0x00000000200188ce                metal_uart_set_baud_rate
 *fill*         0x00000000200188fc        0x4 
 .text          0x0000000020018900       0x80 /home/letsgrillbananas/wsFreedomStudio/embedded-software/bsp/install/lib/debug//libmetal.a(vector.o)
                0x0000000020018900                __metal_vector_table
 .text.__metal_driver_fixed_clock_rate
                0x0000000020018980       0x70 /home/letsgrillbananas/wsFreedomStudio/embedded-software/bsp/install/lib/debug//libmetal.a(fixed-clock.o)
 .text.__metal_driver_fixed_clock_get_rate_hz
                0x00000000200189f0       0x20 /home/letsgrillbananas/wsFreedomStudio/embedded-software/bsp/install/lib/debug//libmetal.a(fixed-clock.o)
                0x00000000200189f0                __metal_driver_fixed_clock_get_rate_hz
 .text.__metal_driver_fixed_clock_set_rate_hz
                0x0000000020018a10       0x24 /home/letsgrillbananas/wsFreedomStudio/embedded-software/bsp/install/lib/debug//libmetal.a(fixed-clock.o)
                0x0000000020018a10                __metal_driver_fixed_clock_set_rate_hz
 .text.metal_timer_get_cyclecount
                0x0000000020018a34       0x4a /home/letsgrillbananas/wsFreedomStudio/embedded-software/bsp/install/lib/debug//libmetal.a(timer.o)
                0x0000000020018a34                metal_timer_get_cyclecount
 .text.metal_timer_get_timebase_frequency
                0x0000000020018a7e       0x4a /home/letsgrillbananas/wsFreedomStudio/embedded-software/bsp/install/lib/debug//libmetal.a(timer.o)
                0x0000000020018a7e                metal_timer_get_timebase_frequency
 .text._close   0x0000000020018ac8       0x22 /home/letsgrillbananas/wsFreedomStudio/embedded-software/bsp/install/lib/debug//libmetal-gloss.a(sys_close.o)
                0x0000000020018ac8                _close
 .text._fstat   0x0000000020018aea       0x26 /home/letsgrillbananas/wsFreedomStudio/embedded-software/bsp/install/lib/debug//libmetal-gloss.a(sys_fstat.o)
                0x0000000020018aea                _fstat
 .text._isatty  0x0000000020018b10       0x20 /home/letsgrillbananas/wsFreedomStudio/embedded-software/bsp/install/lib/debug//libmetal-gloss.a(sys_isatty.o)
                0x0000000020018b10                _isatty
 .text._lseek   0x0000000020018b30       0x2a /home/letsgrillbananas/wsFreedomStudio/embedded-software/bsp/install/lib/debug//libmetal-gloss.a(sys_lseek.o)
                0x0000000020018b30                _lseek
 .text._read    0x0000000020018b5a       0x2a /home/letsgrillbananas/wsFreedomStudio/embedded-software/bsp/install/lib/debug//libmetal-gloss.a(sys_read.o)
                0x0000000020018b5a                _read
 .text._sbrk    0x0000000020018b84       0x6a /home/letsgrillbananas/wsFreedomStudio/embedded-software/bsp/install/lib/debug//libmetal-gloss.a(sys_sbrk.o)
                0x0000000020018b84                _sbrk
 .text._write   0x0000000020018bee       0x70 /home/letsgrillbananas/wsFreedomStudio/embedded-software/bsp/install/lib/debug//libmetal-gloss.a(sys_write.o)
                0x0000000020018bee                write
                0x0000000020018bee                _write
 .text.atexit   0x0000000020018c5e        0xa /home/letsgrillbananas/FreedomStudio/SiFive/riscv64-unknown-elf-gcc-8.3.0-2020.04.1/bin/../lib/gcc/riscv64-unknown-elf/8.3.0/../../../../riscv64-unknown-elf/lib/rv32imac/ilp32/libc_nano.a(lib_a-atexit.o)
                0x0000000020018c5e                atexit
 .text.__errno  0x0000000020018c68        0xc /home/letsgrillbananas/FreedomStudio/SiFive/riscv64-unknown-elf-gcc-8.3.0-2020.04.1/bin/../lib/gcc/riscv64-unknown-elf/8.3.0/../../../../riscv64-unknown-elf/lib/rv32imac/ilp32/libc_nano.a(lib_a-errno.o)
                0x0000000020018c68                __errno
 .text.exit     0x0000000020018c74       0x28 /home/letsgrillbananas/FreedomStudio/SiFive/riscv64-unknown-elf-gcc-8.3.0-2020.04.1/bin/../lib/gcc/riscv64-unknown-elf/8.3.0/../../../../riscv64-unknown-elf/lib/rv32imac/ilp32/libc_nano.a(lib_a-exit.o)
                0x0000000020018c74                exit
 .text.__libc_fini_array
                0x0000000020018c9c       0x38 /home/letsgrillbananas/FreedomStudio/SiFive/riscv64-unknown-elf-gcc-8.3.0-2020.04.1/bin/../lib/gcc/riscv64-unknown-elf/8.3.0/../../../../riscv64-unknown-elf/lib/rv32imac/ilp32/libc_nano.a(lib_a-fini.o)
                0x0000000020018c9c                __libc_fini_array
 .text.__libc_init_array
                0x0000000020018cd4       0x6a /home/letsgrillbananas/FreedomStudio/SiFive/riscv64-unknown-elf-gcc-8.3.0-2020.04.1/bin/../lib/gcc/riscv64-unknown-elf/8.3.0/../../../../riscv64-unknown-elf/lib/rv32imac/ilp32/libc_nano.a(lib_a-init.o)
                0x0000000020018cd4                __libc_init_array
 .text.__register_exitproc
                0x0000000020018d3e       0x88 /home/letsgrillbananas/FreedomStudio/SiFive/riscv64-unknown-elf-gcc-8.3.0-2020.04.1/bin/../lib/gcc/riscv64-unknown-elf/8.3.0/../../../../riscv64-unknown-elf/lib/rv32imac/ilp32/libc_nano.a(lib_a-__atexit.o)
                0x0000000020018d3e                __register_exitproc
 .text.__call_exitprocs
                0x0000000020018dc6       0xc8 /home/letsgrillbananas/FreedomStudio/SiFive/riscv64-unknown-elf-gcc-8.3.0-2020.04.1/bin/../lib/gcc/riscv64-unknown-elf/8.3.0/../../../../riscv64-unknown-elf/lib/rv32imac/ilp32/libc_nano.a(lib_a-__call_atexit.o)
                0x0000000020018dc6                __call_exitprocs
 .text          0x0000000020018e8e      0x35e /home/letsgrillbananas/FreedomStudio/SiFive/riscv64-unknown-elf-gcc-8.3.0-2020.04.1/bin/../lib/gcc/riscv64-unknown-elf/8.3.0/rv32imac/ilp32/libgcc.a(_udivdi3.o)
                0x0000000020018e8e                __udivdi3
 .text          0x00000000200191ec      0x352 /home/letsgrillbananas/FreedomStudio/SiFive/riscv64-unknown-elf-gcc-8.3.0-2020.04.1/bin/../lib/gcc/riscv64-unknown-elf/8.3.0/rv32imac/ilp32/libgcc.a(_umoddi3.o)
                0x00000000200191ec                __umoddi3
 .text.metal_init
                0x000000002001953e       0x78 /home/letsgrillbananas/wsFreedomStudio/embedded-software/bsp/install/lib/debug//libmetal.a(init.o)
                0x000000002001953e                metal_init
 .text.metal_fini
                0x00000000200195b6       0x78 /home/letsgrillbananas/wsFreedomStudio/embedded-software/bsp/install/lib/debug//libmetal.a(init.o)
                0x00000000200195b6                metal_fini
 .text.metal_init_run
                0x000000002001962e       0x16 /home/letsgrillbananas/wsFreedomStudio/embedded-software/bsp/install/lib/debug//libmetal.a(init.o)
                0x000000002001962e                metal_init_run
 .text.metal_fini_run
                0x0000000020019644       0x16 /home/letsgrillbananas/wsFreedomStudio/embedded-software/bsp/install/lib/debug//libmetal.a(init.o)
                0x0000000020019644                metal_fini_run
 .text.metal_tty_putc
                0x000000002001965a       0x28 /home/letsgrillbananas/wsFreedomStudio/embedded-software/bsp/install/lib/debug//libmetal.a(tty.o)
                0x000000002001965a                metal_tty_putc
 .text._exit    0x0000000020019682       0x14 /home/letsgrillbananas/wsFreedomStudio/embedded-software/bsp/install/lib/debug//libmetal-gloss.a(sys_exit.o)
                0x0000000020019682                _exit
 *(.gnu.linkonce.t.*)

.rela.dyn       0x0000000020019698        0x0
 .rela.text._vfprintf_r
                0x0000000020019698        0x0 /tmp/ccYEo6LZ.o
 .rela.text._sbrk_r
                0x0000000020019698        0x0 /tmp/ccYEo6LZ.o
 .rela.text._write_r
                0x0000000020019698        0x0 /tmp/ccYEo6LZ.o
 .rela.text._close_r
                0x0000000020019698        0x0 /tmp/ccYEo6LZ.o
 .rela.text._fstat_r
                0x0000000020019698        0x0 /tmp/ccYEo6LZ.o
 .rela.text._isatty_r
                0x0000000020019698        0x0 /tmp/ccYEo6LZ.o
 .rela.text._lseek_r
                0x0000000020019698        0x0 /tmp/ccYEo6LZ.o
 .rela.text._read_r
                0x0000000020019698        0x0 /tmp/ccYEo6LZ.o
 .rela.text.__metal_driver_cpu_get
                0x0000000020019698        0x0 /tmp/ccYEo6LZ.o
 .rela.text.metal_software_interrupt_vector_handler
                0x0000000020019698        0x0 /tmp/ccYEo6LZ.o
 .rela.text.__metal_default_sw_handler
                0x0000000020019698        0x0 /tmp/ccYEo6LZ.o
 .rela.text.metal_timer_interrupt_vector_handler
                0x0000000020019698        0x0 /tmp/ccYEo6LZ.o
 .rela.text.__metal_exception_handler
                0x0000000020019698        0x0 /tmp/ccYEo6LZ.o
 .rela.text.metal_lc0_interrupt_vector_handler
                0x0000000020019698        0x0 /tmp/ccYEo6LZ.o
 .rela.text.metal_lc1_interrupt_vector_handler
                0x0000000020019698        0x0 /tmp/ccYEo6LZ.o
 .rela.text.metal_lc2_interrupt_vector_handler
                0x0000000020019698        0x0 /tmp/ccYEo6LZ.o
 .rela.text.metal_lc3_interrupt_vector_handler
                0x0000000020019698        0x0 /tmp/ccYEo6LZ.o
 .rela.text.metal_lc4_interrupt_vector_handler
                0x0000000020019698        0x0 /tmp/ccYEo6LZ.o
 .rela.text.metal_lc5_interrupt_vector_handler
                0x0000000020019698        0x0 /tmp/ccYEo6LZ.o
 .rela.text.metal_lc6_interrupt_vector_handler
                0x0000000020019698        0x0 /tmp/ccYEo6LZ.o
 .rela.text.metal_lc7_interrupt_vector_handler
                0x0000000020019698        0x0 /tmp/ccYEo6LZ.o
 .rela.text.metal_lc8_interrupt_vector_handler
                0x0000000020019698        0x0 /tmp/ccYEo6LZ.o
 .rela.text.metal_lc9_interrupt_vector_handler
                0x0000000020019698        0x0 /tmp/ccYEo6LZ.o
 .rela.text.metal_lc10_interrupt_vector_handler
                0x0000000020019698        0x0 /tmp/ccYEo6LZ.o
 .rela.text.metal_lc11_interrupt_vector_handler
                0x0000000020019698        0x0 /tmp/ccYEo6LZ.o
 .rela.text.metal_lc12_interrupt_vector_handler
                0x0000000020019698        0x0 /tmp/ccYEo6LZ.o